Component: Arm Compiler for Embedded 6.19 Tool: armlink [5e73cb00]

==============================================================================

Section Cross References

    startup_stm32f767xx.o(RESET) refers to startup_stm32f767xx.o(STACK) for __initial_sp
    startup_stm32f767xx.o(RESET) refers to startup_stm32f767xx.o(.text) for Reset_Handler
    startup_stm32f767xx.o(RESET) refers to stm32f7xx_it.o(.text.NMI_Handler) for NMI_Handler
    startup_stm32f767xx.o(RESET) refers to stm32f7xx_it.o(.text.HardFault_Handler) for HardFault_Handler
    startup_stm32f767xx.o(RESET) refers to stm32f7xx_it.o(.text.MemManage_Handler) for MemManage_Handler
    startup_stm32f767xx.o(RESET) refers to stm32f7xx_it.o(.text.BusFault_Handler) for BusFault_Handler
    startup_stm32f767xx.o(RESET) refers to stm32f7xx_it.o(.text.UsageFault_Handler) for UsageFault_Handler
    startup_stm32f767xx.o(RESET) refers to port.o(.text.SVC_Handler) for SVC_Handler
    startup_stm32f767xx.o(RESET) refers to stm32f7xx_it.o(.text.DebugMon_Handler) for DebugMon_Handler
    startup_stm32f767xx.o(RESET) refers to port.o(.text.PendSV_Handler) for PendSV_Handler
    startup_stm32f767xx.o(RESET) refers to port.o(.text.SysTick_Handler) for SysTick_Handler
    startup_stm32f767xx.o(RESET) refers to stm32f7xx_it.o(.text.USART1_IRQHandler) for USART1_IRQHandler
    startup_stm32f767xx.o(RESET) refers to stm32f7xx_it.o(.text.TIM6_DAC_IRQHandler) for TIM6_DAC_IRQHandler
    startup_stm32f767xx.o(RESET) refers to family.o(.text.OTG_FS_IRQHandler) for OTG_FS_IRQHandler
    startup_stm32f767xx.o(RESET) refers to family.o(.text.OTG_HS_IRQHandler) for OTG_HS_IRQHandler
    startup_stm32f767xx.o(.text) refers to system_stm32f7xx.o(.text.SystemInit) for SystemInit
    startup_stm32f767xx.o(.text) refers to entry.o(.ARM.Collect$$$$00000000) for __main
    main.o(.text.main) refers to lcd.o(.text.LCD_MPU_Config) for LCD_MPU_Config
    main.o(.text.main) refers to stm32f7xx_hal.o(.text.HAL_Init) for HAL_Init
    main.o(.text.main) refers to main.o(.text.SystemClock_Config) for SystemClock_Config
    main.o(.text.main) refers to gpio.o(.text.MX_GPIO_Init) for MX_GPIO_Init
    main.o(.text.main) refers to usart.o(.text.MX_USART1_UART_Init) for MX_USART1_UART_Init
    main.o(.text.main) refers to usb_otg.o(.text.MX_USB_OTG_FS_HCD_Init) for MX_USB_OTG_FS_HCD_Init
    main.o(.text.main) refers to rng.o(.text.MX_RNG_Init) for MX_RNG_Init
    main.o(.text.main) refers to lcd.o(.text.LCD_Init) for LCD_Init
    main.o(.text.main) refers to gpio.o(.text.LED_Init) for LED_Init
    main.o(.text.main) refers to app_init.o(.text.HID_EventQueue_Init) for HID_EventQueue_Init
    main.o(.text.main) refers to cmsis_os2.o(.text.osKernelInitialize) for osKernelInitialize
    main.o(.text.main) refers to freertos.o(.text.MX_FREERTOS_Init) for MX_FREERTOS_Init
    main.o(.text.main) refers to cmsis_os2.o(.text.osKernelStart) for osKernelStart
    main.o(.ARM.exidx.text.main) refers to main.o(.text.main) for [Anonymous Symbol]
    main.o(.text.SystemClock_Config) refers to memseta.o(.text) for __aeabi_memclr4
    main.o(.text.SystemClock_Config) refers to stm32f7xx_hal_rcc.o(.text.HAL_RCC_OscConfig) for HAL_RCC_OscConfig
    main.o(.text.SystemClock_Config) refers to main.o(.text.Error_Handler) for Error_Handler
    main.o(.text.SystemClock_Config) refers to stm32f7xx_hal_pwr_ex.o(.text.HAL_PWREx_EnableOverDrive) for HAL_PWREx_EnableOverDrive
    main.o(.text.SystemClock_Config) refers to stm32f7xx_hal_rcc.o(.text.HAL_RCC_ClockConfig) for HAL_RCC_ClockConfig
    main.o(.text.SystemClock_Config) refers to stm32f7xx_hal_rcc.o(.text.HAL_RCC_EnableCSS) for HAL_RCC_EnableCSS
    main.o(.ARM.exidx.text.SystemClock_Config) refers to main.o(.text.SystemClock_Config) for [Anonymous Symbol]
    main.o(.ARM.exidx.text.Error_Handler) refers to main.o(.text.Error_Handler) for [Anonymous Symbol]
    main.o(.text.FMC_MPU_Config) refers to stm32f7xx_hal_cortex.o(.text.HAL_MPU_Enable) for HAL_MPU_Enable
    main.o(.text.FMC_MPU_Config) refers to stm32f7xx_hal_cortex.o(.text.HAL_MPU_Disable) for HAL_MPU_Disable
    main.o(.text.FMC_MPU_Config) refers to stm32f7xx_hal_cortex.o(.text.HAL_MPU_ConfigRegion) for HAL_MPU_ConfigRegion
    main.o(.ARM.exidx.text.FMC_MPU_Config) refers to main.o(.text.FMC_MPU_Config) for [Anonymous Symbol]
    main.o(.text.HAL_TIM_PeriodElapsedCallback) refers to stm32f7xx_hal.o(.text.HAL_IncTick) for HAL_IncTick
    main.o(.ARM.exidx.text.HAL_TIM_PeriodElapsedCallback) refers to main.o(.text.HAL_TIM_PeriodElapsedCallback) for [Anonymous Symbol]
    gpio.o(.text.LED_Init) refers to stm32f7xx_hal_gpio.o(.text.HAL_GPIO_Init) for HAL_GPIO_Init
    gpio.o(.text.LED_Init) refers to stm32f7xx_hal_gpio.o(.text.HAL_GPIO_WritePin) for HAL_GPIO_WritePin
    gpio.o(.ARM.exidx.text.LED_Init) refers to gpio.o(.text.LED_Init) for [Anonymous Symbol]
    gpio.o(.ARM.exidx.text.MX_GPIO_Init) refers to gpio.o(.text.MX_GPIO_Init) for [Anonymous Symbol]
[...]
    fputc                                    0x0800b7f9   Thumb Code    34  usart.o(.text.fputc)
    hcd_dcache_clean                         0x0800cd91   Thumb Code    12  usbh.o(.text.hcd_dcache_clean)
    hcd_device_close                         0x0800cda1   Thumb Code   160  hcd_dwc2.o(.text.hcd_device_close)
    hcd_edpt_abort_xfer                      0x0800ce41   Thumb Code   778  hcd_dwc2.o(.text.hcd_edpt_abort_xfer)
    hcd_edpt_open                            0x0800d151   Thumb Code   962  hcd_dwc2.o(.text.hcd_edpt_open)
    hcd_edpt_xfer                            0x0800d519   Thumb Code   482  hcd_dwc2.o(.text.hcd_edpt_xfer)
    hcd_event_handler                        0x0800d701   Thumb Code   340  usbh.o(.text.hcd_event_handler)
    hcd_init                                 0x0800d859   Thumb Code   348  hcd_dwc2.o(.text.hcd_init)
    hcd_int_enable                           0x0800d9b9   Thumb Code    84  hcd_dwc2.o(.text.hcd_int_enable)
    hcd_int_handler                          0x0800da11   Thumb Code   460  hcd_dwc2.o(.text.hcd_int_handler)
    hcd_port_connect_status                  0x0800dbe1   Thumb Code    64  hcd_dwc2.o(.text.hcd_port_connect_status)
    hcd_port_reset                           0x0800dc21   Thumb Code    82  hcd_dwc2.o(.text.hcd_port_reset)
    hcd_port_reset_end                       0x0800dc79   Thumb Code    82  hcd_dwc2.o(.text.hcd_port_reset_end)
    hcd_port_speed_get                       0x0800dcd1   Thumb Code   166  hcd_dwc2.o(.text.hcd_port_speed_get)
    hcd_setup_send                           0x0800dd79   Thumb Code   348  hcd_dwc2.o(.text.hcd_setup_send)
    hid_parse_report                         0x0800ded9   Thumb Code   124  hid_report_parser.o(.text.hid_parse_report)
    hidh_close                               0x0800df59   Thumb Code   106  hid_host.o(.text.hidh_close)
    hidh_deinit                              0x0800dfc9   Thumb Code     4  hid_host.o(.text.hidh_deinit)
    hidh_init                                0x0800dfd1   Thumb Code    20  hid_host.o(.text.hidh_init)
    hidh_open                                0x0800dfe9   Thumb Code   732  hid_host.o(.text.hidh_open)
    hidh_set_config                          0x0800e2c9   Thumb Code    52  hid_host.o(.text.hidh_set_config)
    hidh_xfer_cb                             0x0800e301   Thumb Code   320  hid_host.o(.text.hidh_xfer_cb)
    hub_close                                0x0800e441   Thumb Code    72  hub.o(.text.hub_close)
    hub_deinit                               0x0800e489   Thumb Code     4  hub.o(.text.hub_deinit)
    hub_edpt_status_xfer                     0x0800e491   Thumb Code   190  hub.o(.text.hub_edpt_status_xfer)
    hub_init                                 0x0800e551   Thumb Code    18  hub.o(.text.hub_init)
    hub_open                                 0x0800e569   Thumb Code   386  hub.o(.text.hub_open)
    hub_port_clear_feature                   0x0800e6f1   Thumb Code   224  hub.o(.text.hub_port_clear_feature)
    hub_port_get_status                      0x0800e7d1   Thumb Code   250  hub.o(.text.hub_port_get_status)
    hub_port_get_status_local                0x0800e8d1   Thumb Code    54  hub.o(.text.hub_port_get_status_local)
    hub_port_set_feature                     0x0800e909   Thumb Code   224  hub.o(.text.hub_port_set_feature)
    hub_set_config                           0x0800e9e9   Thumb Code   294  hub.o(.text.hub_set_config)
    hub_xfer_cb                              0x0800eb11   Thumb Code   406  hub.o(.text.hub_xfer_cb)
    main                                     0x0800ed61   Thumb Code    64  main.o(.text.main)
    osDelay                                  0x0800eda1   Thumb Code    92  cmsis_os2.o(.text.osDelay)
    osKernelInitialize                       0x0800ee01   Thumb Code   110  cmsis_os2.o(.text.osKernelInitialize)
    osKernelStart                            0x0800ee71   Thumb Code   122  cmsis_os2.o(.text.osKernelStart)
    osThreadNew                              0x0800eef1   Thumb Code   388  cmsis_os2.o(.text.osThreadNew)
    pvPortMalloc                             0x08011919   Thumb Code   490  heap_4.o(.text.pvPortMalloc)
    pvTaskIncrementMutexHeldCount            0x08011b09   Thumb Code    44  tasks.o(.text.pvTaskIncrementMutexHeldCount)
    pxPortInitialiseStack                    0x08011b39   Thumb Code    94  port.o(.text.pxPortInitialiseStack)
    tu_bind_driver_to_ep_itf                 0x08011f49   Thumb Code   342  tusb.o(.text.tu_bind_driver_to_ep_itf)
    tu_edpt_claim                            0x080120a1   Thumb Code   256  tusb.o(.text.tu_edpt_claim)
    tu_edpt_release                          0x080121a1   Thumb Code   200  tusb.o(.text.tu_edpt_release)
    tu_edpt_validate                         0x08012269   Thumb Code   478  tusb.o(.text.tu_edpt_validate)
    tuh_address_set                          0x08012449   Thumb Code   202  usbh.o(.text.tuh_address_set)
    tuh_bus_info_get                         0x08012519   Thumb Code   110  usbh.o(.text.tuh_bus_info_get)
    tuh_configuration_set                    0x08012589   Thumb Code   122  usbh.o(.text.tuh_configuration_set)
    tuh_connected                            0x08012609   Thumb Code   138  usbh.o(.text.tuh_connected)
    tuh_control_xfer                         0x08012699   Thumb Code  1106  usbh.o(.text.tuh_control_xfer)
    tuh_descriptor_get                       0x08012af1   Thumb Code   206  usbh.o(.text.tuh_descriptor_get)
    tuh_descriptor_get_configuration         0x08012bc1   Thumb Code    70  usbh.o(.text.tuh_descriptor_get_configuration)
    tuh_descriptor_get_device                0x08012c09   Thumb Code   112  usbh.o(.text.tuh_descriptor_get_device)
    tuh_descriptor_get_hid_report            0x08012c79   Thumb Code   162  usbh.o(.text.tuh_descriptor_get_hid_report)
    tuh_descriptor_get_string                0x08012d21   Thumb Code   204  usbh.o(.text.tuh_descriptor_get_string)
    tuh_edpt_abort_xfer                      0x08012df1   Thumb Code   528  usbh.o(.text.tuh_edpt_abort_xfer)
    tuh_edpt_open                            0x08013001   Thumb Code   198  usbh.o(.text.tuh_edpt_open)
    tuh_enum_descriptor_configuration_cb     0x080130c9   Thumb Code    18  usbh.o(.text.tuh_enum_descriptor_configuration_cb)
    tuh_enum_descriptor_device_cb            0x080130e1   Thumb Code    12  usbh.o(.text.tuh_enum_descriptor_device_cb)
    tuh_event_hook_cb                        0x080130f1   Thumb Code    16  usbh.o(.text.tuh_event_hook_cb)
    tuh_hid_itf_get_index                    0x08013101   Thumb Code   118  hid_host.o(.text.tuh_hid_itf_get_index)
    tuh_hid_mount_cb                         0x08013179   Thumb Code   244  hid_app.o(.text.tuh_hid_mount_cb)
    tuh_hid_receive_report                   0x08013271   Thumb Code   328  hid_host.o(.text.tuh_hid_receive_report)
    tuh_hid_report_received_cb               0x080133b9   Thumb Code   186  hid_app.o(.text.tuh_hid_report_received_cb)
    tuh_hid_report_sent_cb                   0x08013479   Thumb Code    20  hid_host.o(.text.tuh_hid_report_sent_cb)
    tuh_hid_umount_cb                        0x08013491   Thumb Code   106  hid_app.o(.text.tuh_hid_umount_cb)
    tuh_inited                               0x08013501   Thumb Code    18  usbh.o(.text.tuh_inited)
    tuh_mount_cb                             0x08013519   Thumb Code    10  usbh.o(.text.tuh_mount_cb)
    tuh_rhport_init                          0x08013529   Thumb Code   712  usbh.o(.text.tuh_rhport_init)
    tuh_rhport_is_active                     0x080137f1   Thumb Code    32  usbh.o(.text.tuh_rhport_is_active)
    tuh_speed_get                            0x08013811   Thumb Code    26  usbh.o(.text.tuh_speed_get)
    tuh_task_event_ready                     0x08013831   Thumb Code    58  usbh.o(.text.tuh_task_event_ready)
    tuh_task_ext                             0x08013871   Thumb Code  1078  usbh.o(.text.tuh_task_ext)
    tuh_umount_cb                            0x08013ca9   Thumb Code    10  usbh.o(.text.tuh_umount_cb)
    tuh_vid_pid_get                          0x08013cb9   Thumb Code   152  usbh.o(.text.tuh_vid_pid_get)
    tusb_int_handler                         0x08013d51   Thumb Code    70  tusb.o(.text.tusb_int_handler)
    tusb_rhport_init                         0x08013d99   Thumb Code   212  tusb.o(.text.tusb_rhport_init)
    tusb_time_delay_ms_api                   0x08013e71   Thumb Code    40  tusb.o(.text.tusb_time_delay_ms_api)
    usbh_app_driver_get_cb                   0x08013e99   Thumb Code    14  usbh.o(.text.usbh_app_driver_get_cb)
    usbh_driver_set_config_complete          0x08014479   Thumb Code   316  usbh.o(.text.usbh_driver_set_config_complete)
    usbh_edpt_claim                          0x080145b9   Thumb Code   256  usbh.o(.text.usbh_edpt_claim)
    usbh_edpt_release                        0x08014721   Thumb Code   204  usbh.o(.text.usbh_edpt_release)
    usbh_edpt_xfer_with_callback             0x080147f1   Thumb Code   336  usbh.o(.text.usbh_edpt_xfer_with_callback)
    usbh_get_enum_buf                        0x08014941   Thumb Code    12  usbh.o(.text.usbh_get_enum_buf)
    usbh_get_rhport                          0x08014951   Thumb Code    26  usbh.o(.text.usbh_get_rhport)
    uxListRemove                             0x08014971   Thumb Code    72  list.o(.text.uxListRemove)
    uxQueueMessagesWaiting                   0x080149b9   Thumb Code    58  queue.o(.text.uxQueueMessagesWaiting)
    vApplicationGetIdleTaskMemory            0x080149f9   Thumb Code    42  cmsis_os2.o(.text.vApplicationGetIdleTaskMemory)
    vApplicationGetTimerTaskMemory           0x08014a29   Thumb Code    44  cmsis_os2.o(.text.vApplicationGetTimerTaskMemory)
    vListInitialise                          0x08014a59   Thumb Code    46  list.o(.text.vListInitialise)
    vListInitialiseItem                      0x08014a89   Thumb Code    14  list.o(.text.vListInitialiseItem)
    vListInsert                              0x08014a99   Thumb Code   106  list.o(.text.vListInsert)
    vListInsertEnd                           0x08014b09   Thumb Code    58  list.o(.text.vListInsertEnd)
    vPortEnterCritical                       0x08014b61   Thumb Code    94  port.o(.text.vPortEnterCritical)
    vPortExitCritical                        0x08014bc1   Thumb Code    78  port.o(.text.vPortExitCritical)
    vPortFree                                0x08014c11   Thumb Code   200  heap_4.o(.text.vPortFree)
    vPortSetupTimerInterrupt                 0x08014cd9   Thumb Code    68  port.o(.text.vPortSetupTimerInterrupt)
    vPortValidateInterruptPriority           0x08014d21   Thumb Code   140  port.o(.text.vPortValidateInterruptPriority)
    vQueueAddToRegistry                      0x08014db1   Thumb Code    82  queue.o(.text.vQueueAddToRegistry)
    vQueueWaitForMessageRestricted           0x08014e09   Thumb Code   100  queue.o(.text.vQueueWaitForMessageRestricted)
    vTaskDelay                               0x08014e71   Thumb Code   114  tasks.o(.text.vTaskDelay)
    vTaskInternalSetTimeOutState             0x08014ee9   Thumb Code    36  tasks.o(.text.vTaskInternalSetTimeOutState)
    vTaskMissedYield                         0x08014f11   Thumb Code    14  tasks.o(.text.vTaskMissedYield)
    vTaskPlaceOnEventList                    0x08014f21   Thumb Code    70  tasks.o(.text.vTaskPlaceOnEventList)
    vTaskPlaceOnEventListRestricted          0x08014f69   Thumb Code    86  tasks.o(.text.vTaskPlaceOnEventListRestricted)
    vTaskPriorityDisinheritAfterTimeout      0x08014fc1   Thumb Code   316  tasks.o(.text.vTaskPriorityDisinheritAfterTimeout)
    vTaskStartScheduler                      0x08015101   Thumb Code   232  tasks.o(.text.vTaskStartScheduler)
    vTaskSuspendAll                          0x080151e9   Thumb Code    16  tasks.o(.text.vTaskSuspendAll)
    vTaskSwitchContext                       0x080151f9   Thumb Code   202  tasks.o(.text.vTaskSwitchContext)
    xPortStartScheduler                      0x080152c9   Thumb Code   254  port.o(.text.xPortStartScheduler)
    xQueueCreateMutexStatic                  0x080153c9   Thumb Code    50  queue.o(.text.xQueueCreateMutexStatic)
    xQueueGenericCreate                      0x08015401   Thumb Code   134  queue.o(.text.xQueueGenericCreate)
    xQueueGenericCreateStatic                0x08015489   Thumb Code   290  queue.o(.text.xQueueGenericCreateStatic)
    xQueueGenericReset                       0x080155b1   Thumb Code   190  queue.o(.text.xQueueGenericReset)
    xQueueGenericSend                        0x08015671   Thumb Code   572  queue.o(.text.xQueueGenericSend)
    xQueueGenericSendFromISR                 0x080158b1   Thumb Code   342  queue.o(.text.xQueueGenericSendFromISR)
    xQueueReceive                            0x08015a09   Thumb Code   488  queue.o(.text.xQueueReceive)
    xQueueSemaphoreTake                      0x08015bf1   Thumb Code   572  queue.o(.text.xQueueSemaphoreTake)
    xTaskCheckForTimeOut                     0x08015e31   Thumb Code   212  tasks.o(.text.xTaskCheckForTimeOut)
    xTaskCreate                              0x08015f09   Thumb Code   158  tasks.o(.text.xTaskCreate)
    xTaskCreateStatic                        0x08015fa9   Thumb Code   218  tasks.o(.text.xTaskCreateStatic)
    xTaskGetSchedulerState                   0x08016089   Thumb Code    56  tasks.o(.text.xTaskGetSchedulerState)
    xTaskGetTickCount                        0x080160c1   Thumb Code    20  tasks.o(.text.xTaskGetTickCount)
    xTaskIncrementTick                       0x080160d9   Thumb Code   456  tasks.o(.text.xTaskIncrementTick)
    xTaskPriorityDisinherit                  0x080162a1   Thumb Code   244  tasks.o(.text.xTaskPriorityDisinherit)
    xTaskPriorityInherit                     0x08016399   Thumb Code   270  tasks.o(.text.xTaskPriorityInherit)
    xTaskRemoveFromEventList                 0x080164a9   Thumb Code   210  tasks.o(.text.xTaskRemoveFromEventList)
    xTaskResumeAll                           0x08016581   Thumb Code   394  tasks.o(.text.xTaskResumeAll)
    xTimerCreateTimerTask                    0x08016711   Thumb Code   152  timers.o(.text.xTimerCreateTimerTask)
    xTimerGenericCommand                     0x080167a9   Thumb Code   180  timers.o(.text.xTimerGenericCommand)
    __0printf                                0x0801685d   Thumb Code    22  printfa.o(i.__0printf)
    __1printf                                0x0801685d   Thumb Code     0  printfa.o(i.__0printf)
    __2printf                                0x0801685d   Thumb Code     0  printfa.o(i.__0printf)
    __c89printf                              0x0801685d   Thumb Code     0  printfa.o(i.__0printf)
    printf                                   0x0801685d   Thumb Code     0  printfa.o(i.__0printf)
    __scatterload_copy                       0x0801687d   Thumb Code    14  handlers.o(i.__scatterload_copy)
    __scatterload_null                       0x0801688b   Thumb Code     2  handlers.o(i.__scatterload_null)
    __scatterload_zeroinit                   0x0801688d   Thumb Code    14  handlers.o(i.__scatterload_zeroinit)
    AHBPrescTable                            0x08017174   Data          16  system_stm32f7xx.o(.rodata.AHBPrescTable)
    APBPrescTable                            0x08017184   Data           8  system_stm32f7xx.o(.rodata.APBPrescTable)
    asc2_1206                                0x080171cc   Data        1140  lcd.o(.rodata.asc2_1206)
    asc2_1608                                0x08017640   Data        1520  lcd.o(.rodata.asc2_1608)
    asc2_2412                                0x08017c30   Data        3420  lcd.o(.rodata.asc2_2412)
    asc2_3216                                0x0801898c   Data       12160  lcd.o(.rodata.asc2_3216)
    gameTask_attributes                      0x0801b95c   Data          36  freertos.o(.rodata.gameTask_attributes)
    hidParserTask_attributes                 0x0801b980   Data          36  freertos.o(.rodata.hidParserTask_attributes)
    tinyUSBTask_attributes                   0x0801be54   Data          36  freertos.o(.rodata.tinyUSBTask_attributes)
    Region$$Table$$Base                      0x0801beb0   Number         0  anon$$obj.o(Region$$Table)
    Region$$Table$$Limit                     0x0801bed0   Number         0  anon$$obj.o(Region$$Table)
    __stdout                                 0x20020000   Data           4  stdout.o(.data)
    BACK_COLOR                               0x20020004   Data           4  lcd.o(.data.BACK_COLOR)
    POINT_COLOR                              0x20020008   Data           4  lcd.o(.data.POINT_COLOR)
    RussianRouletteCarmeloCortez1978         0x2002000c   Data         156  chip8.o(.data.RussianRouletteCarmeloCortez1978)
    SystemCoreClock                          0x200200a8   Data           4  system_stm32f7xx.o(.data.SystemCoreClock)
    _usbh_qdef                               0x200200c8   Data          92  usbh.o(.data._usbh_qdef)
    chip8_keymap                             0x20020124   Data          16  chip8.o(.data.chip8_keymap)
    chip8_whitecolor                         0x20020134   Data         128  freertos.o(.data.chip8_whitecolor)
    font_base                                0x200201b4   Data           1  chip8.o(.data.font_base)
    uwTickFreq                               0x200201b5   Data           1  stm32f7xx_hal.o(.data.uwTickFreq)
    uwTickPrio                               0x200201b8   Data           4  stm32f7xx_hal.o(.data.uwTickPrio)
    HIDInputEventQueue                       0x200201c0   Data           4  app_init.o(.bss.HIDInputEventQueue)
    SRAM_Handler                             0x20020424   Data          76  lcd.o(.bss.SRAM_Handler)
    USART_RX_BUF                             0x200208cc   Data        1024  usart.o(.bss.USART_RX_BUF)
    USART_RX_LEN                             0x20020ccc   Data           4  usart.o(.bss.USART_RX_LEN)
    _hcd_data                                0x20020cd8   Data         512  hcd_dwc2.o(.bss._hcd_data)
    _tusb_rhport_role                        0x20021584   Data           2  tusb.o(.bss._tusb_rhport_role)
    chip8_blackcolor                         0x20021980   Data         128  freertos.o(.bss.chip8_blackcolor)
    chip8_emulator                           0x20021a00   Data        6216  freertos.o(.bss.chip8_emulator)
    gameTaskHandle                           0x2002324c   Data           4  freertos.o(.bss.gameTaskHandle)
    hhcd_USB_OTG_FS                          0x20023250   Data         992  usb_otg.o(.bss.hhcd_USB_OTG_FS)
    hidParserTaskHandle                      0x20023630   Data           4  freertos.o(.bss.hidParserTaskHandle)
    hrng                                     0x20023634   Data          16  rng.o(.bss.hrng)
    htim6                                    0x20023644   Data          76  stm32f7xx_hal_timebase_tim.o(.bss.htim6)
    huart1                                   0x20023690   Data         136  usart.o(.bss.huart1)
    lcddev                                   0x20023730   Data          14  lcd.o(.bss.lcddev)
    pxCurrentTCB                             0x20023840   Data           4  tasks.o(.bss.pxCurrentTCB)
    tinyUSBTaskHandle                        0x20023cb8   Data           4  freertos.o(.bss.tinyUSBTaskHandle)
    uart_rx_byte                             0x20023cbc   Data           1  usart.o(.bss.uart_rx_byte)
    uwTick                                   0x200278c8   Data           4  stm32f7xx_hal.o(.bss.uwTick)
    xQueueRegistry                           0x20027960   Data          64  queue.o(.bss.xQueueRegistry)
    __initial_sp                             0x200289e8   Data           0  startup_stm32f767xx.o(STACK)



==============================================================================

Memory Map of the image

  Image Entry point : 0x080001f9

  Load Region LR_IROM1 (Base: 0x08000000, Size: 0x0001c090, Max: 0x00100000, ABSOLUTE, COMPRESSED[0x0001bfa8])

    Execution Region ER_IROM1 (Exec base: 0x08000000, Load base: 0x08000000, Size: 0x0001bed0, Max: 0x00100000, ABSOLUTE)

    Exec Addr    Load Addr    Size         Type   Attr      Idx    E Section Name        Object

    0x08000000   0x08000000   0x000001f8   Data   RO            3    RESET               startup_stm32f767xx.o
    0x080001f8   0x080001f8   0x00000000   Code   RO         2999  * .ARM.Collect$$$$00000000  mc_w.l(entry.o)
    0x080001f8   0x080001f8   0x00000004   Code   RO         3078    .ARM.Collect$$$$00000001  mc_w.l(entry2.o)
    0x080001fc   0x080001fc   0x00000004   Code   RO         3081    .ARM.Collect$$$$00000004  mc_w.l(entry5.o)
    0x08000200   0x08000200   0x00000000   Code   RO         3083    .ARM.Collect$$$$00000008  mc_w.l(entry7b.o)
    0x08000200   0x08000200   0x00000000   Code   RO         3085    .ARM.Collect$$$$0000000A  mc_w.l(entry8b.o)
    0x08000200   0x08000200   0x00000008   Code   RO         3086    .ARM.Collect$$$$0000000B  mc_w.l(entry9a.o)
    0x08000208   0x08000208   0x00000000   Code   RO         3088    .ARM.Collect$$$$0000000D  mc_w.l(entry10a.o)
    0x08000208   0x08000208   0x00000000   Code   RO         3090    .ARM.Collect$$$$0000000F  mc_w.l(entry11a.o)
    0x08000208   0x08000208   0x00000004   Code   RO         3079    .ARM.Collect$$$$00002712  mc_w.l(entry2.o)
    0x0800020c   0x0800020c   0x00000024   Code   RO            4    .text               startup_stm32f767xx.o
    0x08000230   0x08000230   0x00000062   Code   RO         3002    .text               mc_w.l(uldiv.o)
    0x08000292   0x08000292   0x00000024   Code   RO         3032    .text               mc_w.l(memcpya.o)
    0x080002b6   0x080002b6   0x00000024   Code   RO         3034    .text               mc_w.l(memseta.o)
    0x080002da   0x080002da   0x0000001a   Code   RO         3038    .text               mc_w.l(memcmp.o)
    0x080002f4   0x080002f4   0x0000002c   Code   RO         3102    .text               mc_w.l(uidiv.o)
    0x08000320   0x08000320   0x0000001e   Code   RO         3104    .text               mc_w.l(llshl.o)
    0x0800033e   0x0800033e   0x00000020   Code   RO         3106    .text               mc_w.l(llushr.o)
    0x0800035e   0x0800035e   0x00000000   Code   RO         3108    .text               mc_w.l(iusefp.o)
    0x0800035e   0x0800035e   0x0000014e   Code   RO         3109    .text               mf_w.l(dadd.o)
    0x080004ac   0x080004ac   0x000000e4   Code   RO         3111    .text               mf_w.l(dmul.o)
    0x08000590   0x08000590   0x000000de   Code   RO         3113    .text               mf_w.l(ddiv.o)
    0x0800066e   0x0800066e   0x00000030   Code   RO         3115    .text               mf_w.l(dfixul.o)
    0x0800069e   0x0800069e   0x00000002   PAD
    0x080006a0   0x080006a0   0x00000030   Code   RO         3117    .text               mf_w.l(cdrcmple.o)
    0x080006d0   0x080006d0   0x00000024   Code   RO         3119    .text               mc_w.l(init.o)
    0x080006f4   0x080006f4   0x00000024   Code   RO         3121    .text               mc_w.l(llsshr.o)
    0x08000718   0x08000718   0x000000ba   Code   RO         3123    .text               mf_w.l(depilogue.o)
    0x080007d2   0x080007d2   0x0000003a   Code   RO         3133    .text               mc_w.l(__dczerorl.o)
    0x0800080c   0x0800080c   0x00000004   PAD
    0x08000810   0x08000810   0x00000004   Code   RO          124    .text.BusFault_Handler  stm32f7xx_it.o
    0x08000814   0x08000814   0x00000004   PAD
    0x08000818   0x08000818   0x00000002   Code   RO          128    .text.DebugMon_Handler  stm32f7xx_it.o
    0x0800081a   0x0800081a   0x00000006   PAD
    0x08000820   0x08000820   0x0000000e   Code   RO           15    .text.Error_Handler  main.o
    0x0800082e   0x0800082e   0x00000002   PAD
    0x08000830   0x08000830   0x00000064   Code   RO         1586    .text.FMC_NORSRAM_Extended_Timing_Init  stm32f7xx_ll_fmc.o
    0x08000894   0x08000894   0x00000004   PAD
    0x08000898   0x08000898   0x0000010c   Code   RO         1580    .text.FMC_NORSRAM_Init  stm32f7xx_ll_fmc.o
    0x080009a4   0x080009a4   0x00000004   PAD
    0x080009a8   0x080009a8   0x00000086   Code   RO         1584    .text.FMC_NORSRAM_Timing_Init  stm32f7xx_ll_fmc.o
    0x08000a2e   0x08000a2e   0x00000002   PAD
    0x08000a30   0x08000a30   0x0000015a   Code   RO           44    .text.Game_Task     freertos.o
    0x08000b8a   0x08000b8a   0x00000006   PAD
    0x08000b90   0x08000b90   0x000000ec   Code   RO          760    .text.HAL_DMA_Abort  stm32f7xx_hal_dma.o
    0x08000c7c   0x08000c7c   0x00000004   PAD
    0x08000c80   0x08000c80   0x00000044   Code   RO          762    .text.HAL_DMA_Abort_IT  stm32f7xx_hal_dma.o
    0x08000cc4   0x08000cc4   0x00000004   PAD
    0x08000cc8   0x08000cc8   0x00000042   Code   RO          893    .text.HAL_Delay     stm32f7xx_hal.o
    0x08000d0a   0x08000d0a   0x00000006   PAD
    0x08000d10   0x08000d10   0x000003ec   Code   RO          723    .text.HAL_GPIO_Init  stm32f7xx_hal_gpio.o
    0x080010fc   0x080010fc   0x00000004   PAD
    0x08001100   0x08001100   0x0000002e   Code   RO          729    .text.HAL_GPIO_WritePin  stm32f7xx_hal_gpio.o
    0x0800112e   0x0800112e   0x00000002   PAD
    0x08001130   0x08001130   0x0000000c   Code   RO          885    .text.HAL_GetTick   stm32f7xx_hal.o
    0x0800113c   0x0800113c   0x00000004   PAD
    0x08001140   0x08001140   0x00000108   Code   RO         1361    .text.HAL_HCD_Init  stm32f7xx_hal_hcd.o
    0x08001248   0x08001248   0x000000dc   Code   RO          106    .text.HAL_HCD_MspInit  usb_otg.o
    0x08001324   0x08001324   0x00000004   PAD
    0x08001328   0x08001328   0x0000001a   Code   RO          883    .text.HAL_IncTick   stm32f7xx_hal.o
    0x08001342   0x08001342   0x00000006   PAD
    0x08001348   0x08001348   0x00000016   Code   RO          873    .text.HAL_Init      stm32f7xx_hal.o
    0x0800135e   0x0800135e   0x00000002   PAD
    0x08001360   0x08001360   0x000000ec   Code   RO          149    .text.HAL_InitTick  stm32f7xx_hal_timebase_tim.o
    0x0800144c   0x0800144c   0x00000004   PAD
    0x08001450   0x08001450   0x00000080   Code   RO          545    .text.HAL_MPU_ConfigRegion  stm32f7xx_hal_cortex.o
    0x080014d0   0x080014d0   0x00000022   Code   RO          537    .text.HAL_MPU_Disable  stm32f7xx_hal_cortex.o
    0x080014f2   0x080014f2   0x00000006   PAD
    0x080014f8   0x080014f8   0x00000030   Code   RO          539    .text.HAL_MPU_Enable  stm32f7xx_hal_cortex.o
    0x08001528   0x08001528   0x00000050   Code   RO          141    .text.HAL_MspInit   stm32f7xx_hal_msp.o
    0x08001578   0x08001578   0x00000014   Code   RO          521    .text.HAL_NVIC_EnableIRQ  stm32f7xx_hal_cortex.o
    0x0800158c   0x0800158c   0x00000004   PAD
    0x08001590   0x08001590   0x00000032   Code   RO          513    .text.HAL_NVIC_SetPriority  stm32f7xx_hal_cortex.o
    0x080015c2   0x080015c2   0x00000006   PAD
    0x080015c8   0x080015c8   0x00000010   Code   RO          509    .text.HAL_NVIC_SetPriorityGrouping  stm32f7xx_hal_cortex.o
    0x080015d8   0x080015d8   0x000000c6   Code   RO          856    .text.HAL_PWREx_EnableOverDrive  stm32f7xx_hal_pwr_ex.o
    0x0800169e   0x0800169e   0x00000002   PAD
    0x080016a0   0x080016a0   0x000008e4   Code   RO          619    .text.HAL_RCCEx_PeriphCLKConfig  stm32f7xx_hal_rcc_ex.o
    0x08001f84   0x08001f84   0x00000004   PAD
    0x08001f88   0x08001f88   0x00000002   Code   RO          610    .text.HAL_RCC_CSSCallback  stm32f7xx_hal_rcc.o
    0x08001f8a   0x08001f8a   0x00000006   PAD
    0x08001f90   0x08001f90   0x0000026c   Code   RO          588    .text.HAL_RCC_ClockConfig  stm32f7xx_hal_rcc.o
    0x080021fc   0x080021fc   0x00000004   PAD
    0x08002200   0x08002200   0x00000012   Code   RO          594    .text.HAL_RCC_EnableCSS  stm32f7xx_hal_rcc.o
    0x08002212   0x08002212   0x00000006   PAD
    0x08002218   0x08002218   0x00000054   Code   RO          606    .text.HAL_RCC_GetClockConfig  stm32f7xx_hal_rcc.o
    0x0800226c   0x0800226c   0x00000004   PAD
    0x08002270   0x08002270   0x0000000c   Code   RO          598    .text.HAL_RCC_GetHCLKFreq  stm32f7xx_hal_rcc.o
    0x0800227c   0x0800227c   0x00000004   PAD
    0x08002280   0x08002280   0x00000022   Code   RO          600    .text.HAL_RCC_GetPCLK1Freq  stm32f7xx_hal_rcc.o
    0x080022a2   0x080022a2   0x00000006   PAD
    0x080022a8   0x080022a8   0x00000022   Code   RO          602    .text.HAL_RCC_GetPCLK2Freq  stm32f7xx_hal_rcc.o
    0x080022ca   0x080022ca   0x00000006   PAD
    0x080022d0   0x080022d0   0x000000e6   Code   RO          590    .text.HAL_RCC_GetSysClockFreq  stm32f7xx_hal_rcc.o
    0x080023b6   0x080023b6   0x00000002   PAD
    0x080023b8   0x080023b8   0x00000028   Code   RO          608    .text.HAL_RCC_NMI_IRQHandler  stm32f7xx_hal_rcc.o
    0x080023e0   0x080023e0   0x0000072c   Code   RO          586    .text.HAL_RCC_OscConfig  stm32f7xx_hal_rcc.o
    0x08002b0c   0x08002b0c   0x00000004   PAD
    0x08002b10   0x08002b10   0x000000d0   Code   RO         1162    .text.HAL_RNG_GenerateRandomNumber  stm32f7xx_hal_rng.o
    0x08002be0   0x08002be0   0x00000056   Code   RO         1154    .text.HAL_RNG_Init  stm32f7xx_hal_rng.o
    0x08002c36   0x08002c36   0x00000002   PAD
    0x08002c38   0x08002c38   0x0000005e   Code   RO           70    .text.HAL_RNG_MspInit  rng.o
    0x08002c96   0x08002c96   0x00000002   PAD
    0x08002c98   0x08002c98   0x00000080   Code   RO         1533    .text.HAL_SRAM_Init  stm32f7xx_hal_sram.o
    0x08002d18   0x08002d18   0x0000009e   Code   RO         2914    .text.HAL_SRAM_MspInit  lcd.o
    0x08002db6   0x08002db6   0x00000002   PAD
    0x08002db8   0x08002db8   0x00000008   Code   RO          496    .text.HAL_TIMEx_Break2Callback  stm32f7xx_hal_tim_ex.o
    0x08002dc0   0x08002dc0   0x00000008   Code   RO          494    .text.HAL_TIMEx_BreakCallback  stm32f7xx_hal_tim_ex.o
    0x08002dc8   0x08002dc8   0x00000008   Code   RO          490    .text.HAL_TIMEx_CommutCallback  stm32f7xx_hal_tim_ex.o
    0x08002dd0   0x08002dd0   0x000000a8   Code   RO          163    .text.HAL_TIM_Base_Init  stm32f7xx_hal_tim.o
    0x08002e78   0x08002e78   0x00000008   Code   RO          165    .text.HAL_TIM_Base_MspInit  stm32f7xx_hal_tim.o
    0x08002e80   0x08002e80   0x00000104   Code   RO          177    .text.HAL_TIM_Base_Start_IT  stm32f7xx_hal_tim.o
    0x08002f84   0x08002f84   0x00000004   PAD
    0x08002f88   0x08002f88   0x00000008   Code   RO          299    .text.HAL_TIM_IC_CaptureCallback  stm32f7xx_hal_tim.o
    0x08002f90   0x08002f90   0x00000250   Code   RO          297    .text.HAL_TIM_IRQHandler  stm32f7xx_hal_tim.o
    0x080031e0   0x080031e0   0x00000008   Code   RO          301    .text.HAL_TIM_OC_DelayElapsedCallback  stm32f7xx_hal_tim.o
    0x080031e8   0x080031e8   0x00000008   Code   RO          303    .text.HAL_TIM_PWM_PulseFinishedCallback  stm32f7xx_hal_tim.o
    0x080031f0   0x080031f0   0x00000022   Code   RO           19    .text.HAL_TIM_PeriodElapsedCallback  main.o
    0x08003212   0x08003212   0x00000006   PAD
    0x08003218   0x08003218   0x00000008   Code   RO          307    .text.HAL_TIM_TriggerCallback  stm32f7xx_hal_tim.o
    0x08003220   0x08003220   0x0000000c   Code   RO         1279    .text.HAL_UARTEx_RxEventCallback  stm32f7xx_hal_uart.o
    0x0800322c   0x0800322c   0x00000004   PAD
    0x08003230   0x08003230   0x00000008   Code   RO         1281    .text.HAL_UARTEx_WakeupCallback  stm32f7xx_hal_uart.o
    0x08003238   0x08003238   0x00000008   Code   RO         1277    .text.HAL_UART_ErrorCallback  stm32f7xx_hal_uart.o
    0x08003240   0x08003240   0x00000512   Code   RO         1273    .text.HAL_UART_IRQHandler  stm32f7xx_hal_uart.o
    0x08003752   0x08003752   0x00000006   PAD
    0x08003758   0x08003758   0x000000a6   Code   RO         1189    .text.HAL_UART_Init  stm32f7xx_hal_uart.o
    0x080037fe   0x080037fe   0x00000002   PAD
    0x08003800   0x08003800   0x000000be   Code   RO           84    .text.HAL_UART_MspInit  usart.o
    0x080038be   0x080038be   0x00000002   PAD
    0x080038c0   0x080038c0   0x0000008c   Code   RO         1221    .text.HAL_UART_Receive_IT  stm32f7xx_hal_uart.o
    0x0800394c   0x0800394c   0x00000004   PAD
    0x08003950   0x08003950   0x00000052   Code   RO           88    .text.HAL_UART_RxCpltCallback  usart.o
    0x080039a2   0x080039a2   0x00000006   PAD
    0x080039a8   0x080039a8   0x0000012e   Code   RO         1209    .text.HAL_UART_Transmit  stm32f7xx_hal_uart.o
    0x08003ad6   0x08003ad6   0x00000002   PAD
    0x08003ad8   0x08003ad8   0x00000008   Code   RO         1285    .text.HAL_UART_TxCpltCallback  stm32f7xx_hal_uart.o
    0x08003ae0   0x08003ae0   0x0000003e   Code   RO         2855    .text.HID_EventQueue_Init  app_init.o
    0x08003b1e   0x08003b1e   0x00000002   PAD
    0x08003b20   0x08003b20   0x00000096   Code   RO           46    .text.HID_parser_task  freertos.o
    0x08003bb6   0x08003bb6   0x00000002   PAD
    0x08003bb8   0x08003bb8   0x00000004   Code   RO          120    .text.HardFault_Handler  stm32f7xx_it.o
    0x08003bbc   0x08003bbc   0x00000004   PAD
    0x08003bc0   0x08003bc0   0x00000052   Code   RO         2918    .text.LCD_Clear     lcd.o
    0x08003c12   0x08003c12   0x00000006   PAD
    0x08003c18   0x08003c18   0x000000ba   Code   RO         2922    .text.LCD_Color_Fill  lcd.o
    0x08003cd2   0x08003cd2   0x00000006   PAD
    0x08003cd8   0x08003cd8   0x00000212   Code   RO         2908    .text.LCD_Display_Dir  lcd.o
    0x08003eea   0x08003eea   0x00000006   PAD
    0x08003ef0   0x08003ef0   0x00000166   Code   RO         2904    .text.LCD_Fast_DrawPoint  lcd.o
    0x08004056   0x08004056   0x00000002   PAD
    0x08004058   0x08004058   0x00002bd4   Code   RO         2916    .text.LCD_Init      lcd.o
    0x08006c2c   0x08006c2c   0x00000004   PAD
    0x08006c30   0x08006c30   0x0000004e   Code   RO         2912    .text.LCD_MPU_Config  lcd.o
    0x08006c7e   0x08006c7e   0x00000002   PAD
    0x08006c80   0x08006c80   0x00000016   Code   RO         2878    .text.LCD_RD_DATA   lcd.o
    0x08006c96   0x08006c96   0x00000002   PAD
    0x08006c98   0x08006c98   0x00000060   Code   RO         2906    .text.LCD_SSD_BackLightSet  lcd.o
    0x08006cf8   0x08006cf8   0x0000035c   Code   RO         2900    .text.LCD_Scan_Dir  lcd.o
    0x08007054   0x08007054   0x00000004   PAD
    0x08007058   0x08007058   0x00000188   Code   RO         2894    .text.LCD_SetCursor  lcd.o
    0x080071e0   0x080071e0   0x000001ea   Code   RO         2930    .text.LCD_ShowChar  lcd.o
    0x080073ca   0x080073ca   0x00000006   PAD
    0x080073d0   0x080073d0   0x000000da   Code   RO         2938    .text.LCD_ShowString  lcd.o
    0x080074aa   0x080074aa   0x00000006   PAD
    0x080074b0   0x080074b0   0x0000001e   Code   RO         2876    .text.LCD_WR_DATA   lcd.o
    0x080074ce   0x080074ce   0x00000002   PAD
    0x080074d0   0x080074d0   0x00000020   Code   RO         2874    .text.LCD_WR_REG    lcd.o
    0x080074f0   0x080074f0   0x00000016   Code   RO         2884    .text.LCD_WriteRAM_Prepare  lcd.o
    0x08007506   0x08007506   0x00000002   PAD
    0x08007508   0x08007508   0x00000028   Code   RO         2880    .text.LCD_WriteReg  lcd.o
    0x08007530   0x08007530   0x00000058   Code   RO           29    .text.LED_Init      gpio.o
    0x08007588   0x08007588   0x0000006a   Code   RO           40    .text.MX_FREERTOS_Init  freertos.o
    0x080075f2   0x080075f2   0x00000006   PAD
    0x080075f8   0x080075f8   0x00000060   Code   RO           31    .text.MX_GPIO_Init  gpio.o
    0x08007658   0x08007658   0x00000024   Code   RO           68    .text.MX_RNG_Init   rng.o
    0x0800767c   0x0800767c   0x00000004   PAD
    0x08007680   0x08007680   0x0000005a   Code   RO           82    .text.MX_USART1_UART_Init  usart.o
    0x080076da   0x080076da   0x00000006   PAD
    0x080076e0   0x080076e0   0x00000032   Code   RO          104    .text.MX_USB_OTG_FS_HCD_Init  usb_otg.o
    0x08007712   0x08007712   0x00000006   PAD
    0x08007718   0x08007718   0x00000004   Code   RO          122    .text.MemManage_Handler  stm32f7xx_it.o
    0x0800771c   0x0800771c   0x00000004   PAD
    0x08007720   0x08007720   0x0000000a   Code   RO          118    .text.NMI_Handler   stm32f7xx_it.o
    0x0800772a   0x0800772a   0x00000006   PAD
    0x08007730   0x08007730   0x0000006c   Code   RO          519    .text.NVIC_EncodePriority  stm32f7xx_hal_cortex.o
    0x0800779c   0x0800779c   0x00000004   PAD
    0x080077a0   0x080077a0   0x0000000c   Code   RO         2271    .text.OTG_FS_IRQHandler  family.o
    0x080077ac   0x080077ac   0x00000004   PAD
    0x080077b0   0x080077b0   0x0000000c   Code   RO         2273    .text.OTG_HS_IRQHandler  family.o
    0x080077bc   0x080077bc   0x00000004   PAD
    0x080077c0   0x080077c0   0x00000064   Code   RO         2255    .text.PendSV_Handler  port.o
    0x08007824   0x08007824   0x0000000c   PAD
    0x08007830   0x08007830   0x00000024   Code   RO         2239    .text.SVC_Handler   port.o
    0x08007854   0x08007854   0x00000004   PAD
    0x08007858   0x08007858   0x00000002   Code   RO         2071    .text.SVC_Setup     cmsis_os2.o
    0x0800785a   0x0800785a   0x00000006   PAD
    0x08007860   0x08007860   0x00000040   Code   RO         2257    .text.SysTick_Handler  port.o
    0x080078a0   0x080078a0   0x000000ca   Code   RO           13    .text.SystemClock_Config  main.o
    0x0800796a   0x0800796a   0x00000006   PAD
    0x08007970   0x08007970   0x00000012   Code   RO         1631    .text.SystemInit    system_stm32f7xx.o
    0x08007982   0x08007982   0x00000006   PAD
    0x08007988   0x08007988   0x00000010   Code   RO          132    .text.TIM6_DAC_IRQHandler  stm32f7xx_it.o
    0x08007998   0x08007998   0x000001a4   Code   RO          167    .text.TIM_Base_SetConfig  stm32f7xx_hal_tim.o
    0x08007b3c   0x08007b3c   0x00000004   PAD
    0x08007b40   0x08007b40   0x0000002e   Code   RO           42    .text.TinyUSB_Task  freertos.o
    0x08007b6e   0x08007b6e   0x00000002   PAD
    0x08007b70   0x08007b70   0x00000148   Code   RO         1193    .text.UART_AdvFeatureConfig  stm32f7xx_hal_uart.o
    0x08007cb8   0x08007cb8   0x00000142   Code   RO         1197    .text.UART_CheckIdleState  stm32f7xx_hal_uart.o
    0x08007dfa   0x08007dfa   0x00000006   PAD
    0x08007e00   0x08007e00   0x0000001e   Code   RO         1275    .text.UART_DMAAbortOnError  stm32f7xx_hal_uart.o
    0x08007e1e   0x08007e1e   0x00000002   PAD
    0x08007e20   0x08007e20   0x00000098   Code   RO         1245    .text.UART_EndRxTransfer  stm32f7xx_hal_uart.o
    0x08007eb8   0x08007eb8   0x00000042   Code   RO         1283    .text.UART_EndTransmit_IT  stm32f7xx_hal_uart.o
    0x08007efa   0x08007efa   0x00000006   PAD
    0x08007f00   0x08007f00   0x00000170   Code   RO         1315    .text.UART_RxISR_16BIT  stm32f7xx_hal_uart.o
    0x08008070   0x08008070   0x0000016c   Code   RO         1317    .text.UART_RxISR_8BIT  stm32f7xx_hal_uart.o
    0x080081dc   0x080081dc   0x00000004   PAD
    0x080081e0   0x080081e0   0x00000540   Code   RO         1195    .text.UART_SetConfig  stm32f7xx_hal_uart.o
    0x08008720   0x08008720   0x0000017c   Code   RO         1223    .text.UART_Start_Receive_IT  stm32f7xx_hal_uart.o
    0x0800889c   0x0800889c   0x00000004   PAD
    0x080088a0   0x080088a0   0x0000010c   Code   RO         1211    .text.UART_WaitOnFlagUntilTimeout  stm32f7xx_hal_uart.o
    0x080089ac   0x080089ac   0x00000004   PAD
    0x080089b0   0x080089b0   0x00000010   Code   RO          130    .text.USART1_IRQHandler  stm32f7xx_it.o
    0x080089c0   0x080089c0   0x000000c0   Code   RO         1428    .text.USB_CoreInit  stm32f7xx_ll_usb.o
    0x08008a80   0x08008a80   0x00000086   Code   RO         1430    .text.USB_CoreReset  stm32f7xx_ll_usb.o
    0x08008b06   0x08008b06   0x00000002   PAD
    0x08008b08   0x08008b08   0x00000014   Code   RO         1436    .text.USB_DisableGlobalInt  stm32f7xx_ll_usb.o
    0x08008b1c   0x08008b1c   0x00000004   PAD
    0x08008b20   0x08008b20   0x00000074   Code   RO         1448    .text.USB_FlushRxFifo  stm32f7xx_ll_usb.o
    0x08008b94   0x08008b94   0x00000004   PAD
    0x08008b98   0x08008b98   0x0000007a   Code   RO         1446    .text.USB_FlushTxFifo  stm32f7xx_ll_usb.o
    0x08008c12   0x08008c12   0x00000006   PAD
    0x08008c18   0x08008c18   0x00000010   Code   RO         1440    .text.USB_GetMode   stm32f7xx_ll_usb.o
    0x08008c28   0x08008c28   0x00000172   Code   RO         1498    .text.USB_HostInit  stm32f7xx_ll_usb.o
    0x08008d9a   0x08008d9a   0x00000006   PAD
    0x08008da0   0x08008da0   0x000000de   Code   RO         1438    .text.USB_SetCurrentMode  stm32f7xx_ll_usb.o
    0x08008e7e   0x08008e7e   0x00000002   PAD
    0x08008e80   0x08008e80   0x00000004   Code   RO          126    .text.UsageFault_Handler  stm32f7xx_it.o
    0x08008e84   0x08008e84   0x00000004   PAD
    0x08008e88   0x08008e88   0x00000038   Code   RO         2807    .text.__NVIC_DisableIRQ  hcd_dwc2.o
    0x08008ec0   0x08008ec0   0x00000030   Code   RO          523    .text.__NVIC_EnableIRQ  stm32f7xx_hal_cortex.o
    0x08008ef0   0x08008ef0   0x00000030   Code   RO         2805    .text.__NVIC_EnableIRQ  hcd_dwc2.o
    0x08008f20   0x08008f20   0x00000010   Code   RO          515    .text.__NVIC_GetPriorityGrouping  stm32f7xx_hal_cortex.o
    0x08008f30   0x08008f30   0x00000042   Code   RO          517    .text.__NVIC_SetPriority  stm32f7xx_hal_cortex.o
    0x08008f72   0x08008f72   0x00000006   PAD
    0x08008f78   0x08008f78   0x0000003c   Code   RO          511    .text.__NVIC_SetPriorityGrouping  stm32f7xx_hal_cortex.o
    0x08008fb4   0x08008fb4   0x00000004   PAD
    0x08008fb8   0x08008fb8   0x00000010   Code   RO         2637    .text._control_blocking_complete_cb  usbh.o
    0x08008fc8   0x08008fc8   0x0000011a   Code   RO         2695    .text._control_xfer_complete  usbh.o
    0x080090e2   0x080090e2   0x00000006   PAD
    0x080090e8   0x080090e8   0x00000088   Code   RO         2465    .text._hidh_set_idle  hid_host.o
    0x08009170   0x08009170   0x00000088   Code   RO         2423    .text._hidh_set_protocol  hid_host.o
    0x080091f8   0x080091f8   0x000000d8   Code   RO         2275    .text.board_init    family.o
    0x080092d0   0x080092d0   0x0000041c   Code   RO         2819    .text.channel_xfer_in_retry  hcd_dwc2.o
    0x080096ec   0x080096ec   0x00000004   PAD
    0x080096f0   0x080096f0   0x00000108   Code   RO         2817    .text.channel_xfer_out_wrapup  hcd_dwc2.o
    0x080097f8   0x080097f8   0x00000462   Code   RO         2809    .text.channel_xfer_start  hcd_dwc2.o
    0x08009c5a   0x08009c5a   0x00000006   PAD
    0x08009c60   0x08009c60   0x0000008a   Code   RO         2730    .text.check_dwc2    dwc2_common.o
    0x08009cea   0x08009cea   0x00000006   PAD
    0x08009cf0   0x08009cf0   0x0000002e   Code   RO         2983    .text.chip8_clear_key  chip8.o
    0x08009d1e   0x08009d1e   0x00000002   PAD
    0x08009d20   0x08009d20   0x0000001a   Code   RO         2979    .text.chip8_clear_screen  chip8.o
    0x08009d3a   0x08009d3a   0x00000006   PAD
    0x08009d40   0x08009d40   0x00000122   Code   RO         2981    .text.chip8_draw    chip8.o
    0x08009e62   0x08009e62   0x00000006   PAD
    0x08009e68   0x08009e68   0x0000003c   Code   RO         2973    .text.chip8_init    chip8.o
    0x08009ea4   0x08009ea4   0x00000004   PAD
    0x08009ea8   0x08009ea8   0x0000002e   Code   RO         2975    .text.chip8_load_rom  chip8.o
    0x08009ed6   0x08009ed6   0x00000002   PAD
    0x08009ed8   0x08009ed8   0x00000050   Code   RO         2985    .text.chip8_set_key  chip8.o
    0x08009f28   0x08009f28   0x00000748   Code   RO         2977    .text.chip8_step    chip8.o
    0x0800a670   0x0800a670   0x00000042   Code   RO         2619    .text.clear_device  usbh.o
    0x0800a6b2   0x0800a6b2   0x00000006   PAD
    0x0800a6b8   0x0800a6b8   0x000000da   Code   RO         2467    .text.config_driver_mount_complete  hid_host.o
    0x0800a792   0x0800a792   0x00000006   PAD
    0x0800a798   0x0800a798   0x000000fa   Code   RO         2561    .text.config_port_power_complete  hub.o
    0x0800a892   0x0800a892   0x00000006   PAD
    0x0800a898   0x0800a898   0x000000c2   Code   RO         2555    .text.config_set_port_power  hub.o
    0x0800a95a   0x0800a95a   0x00000006   PAD
    0x0800a960   0x0800a960   0x00000020   Code   RO         2963    .text.delay_ms      sys.o
    0x0800a980   0x0800a980   0x0000002e   Code   RO         2961    .text.delay_us      sys.o
    0x0800a9ae   0x0800a9ae   0x00000002   PAD
    0x0800a9b0   0x0800a9b0   0x000001b6   Code   RO         2759    .text.dfifo_host_init  hcd_dwc2.o
    0x0800ab66   0x0800ab66   0x00000002   PAD
    0x0800ab68   0x0800ab68   0x0000009e   Code   RO         2736    .text.dfifo_read_packet  dwc2_common.o
    0x0800ac06   0x0800ac06   0x00000002   PAD
    0x0800ac08   0x0800ac08   0x000000a2   Code   RO         2738    .text.dfifo_write_packet  dwc2_common.o
    0x0800acaa   0x0800acaa   0x00000006   PAD
    0x0800acb0   0x0800acb0   0x00000094   Code   RO         2312    .text.diff_report   hid_app.o
    0x0800ad44   0x0800ad44   0x00000004   PAD
    0x0800ad48   0x0800ad48   0x0000003e   Code   RO         2314    .text.diff_than_2   hid_app.o
    0x0800ad86   0x0800ad86   0x00000002   PAD
    0x0800ad88   0x0800ad88   0x00000144   Code   RO         2728    .text.dwc2_core_init  dwc2_common.o
    0x0800aecc   0x0800aecc   0x00000004   PAD
    0x0800aed0   0x0800aed0   0x0000003a   Code   RO         2726    .text.dwc2_core_is_highspeed  dwc2_common.o
    0x0800af0a   0x0800af0a   0x00000006   PAD
    0x0800af10   0x0800af10   0x00000062   Code   RO         2740    .text.dwc2_phy_init  dwc2_common.o
    0x0800af72   0x0800af72   0x00000006   PAD
    0x0800af78   0x0800af78   0x00000150   Code   RO         2744    .text.dwc2_phy_update  dwc2_common.o
    0x0800b0c8   0x0800b0c8   0x00000166   Code   RO         2777    .text.edpt_close    hcd_dwc2.o
    0x0800b22e   0x0800b22e   0x00000002   PAD
    0x0800b230   0x0800b230   0x00000138   Code   RO         2785    .text.edpt_xfer_kickoff  hcd_dwc2.o
    0x0800b368   0x0800b368   0x00000038   Code   RO         2693    .text.enum_full_complete  usbh.o
    0x0800b3a0   0x0800b3a0   0x00000090   Code   RO         2701    .text.enum_get_new_address  usbh.o
    0x0800b430   0x0800b430   0x00000142   Code   RO         2631    .text.enum_new_device  usbh.o
    0x0800b572   0x0800b572   0x00000006   PAD
    0x0800b578   0x0800b578   0x00000220   Code   RO         2703    .text.enum_parse_configuration_desc  usbh.o
    0x0800b798   0x0800b798   0x0000005e   Code   RO         2457    .text.find_new_itf  hid_host.o
    0x0800b7f6   0x0800b7f6   0x00000002   PAD
    0x0800b7f8   0x0800b7f8   0x00000022   Code   RO           90    .text.fputc         usart.o
    0x0800b81a   0x0800b81a   0x00000006   PAD
    0x0800b820   0x0800b820   0x00000084   Code   RO         2451    .text.get_idx_by_epaddr  hid_host.o
    0x0800b8a4   0x0800b8a4   0x00000004   PAD
    0x0800b8a8   0x0800b8a8   0x000006f0   Code   RO         2815    .text.handle_channel_in_slave  hcd_dwc2.o
    0x0800bf98   0x0800bf98   0x000002a6   Code   RO         2799    .text.handle_channel_irq  hcd_dwc2.o
    0x0800c23e   0x0800c23e   0x00000002   PAD
    0x0800c240   0x0800c240   0x000004e4   Code   RO         2813    .text.handle_channel_out_slave  hcd_dwc2.o
    0x0800c724   0x0800c724   0x00000004   PAD
    0x0800c728   0x0800c728   0x0000014e   Code   RO         2797    .text.handle_hprt_irq  hcd_dwc2.o
    0x0800c876   0x0800c876   0x00000002   PAD
    0x0800c878   0x0800c878   0x00000152   Code   RO         2801    .text.handle_rxflvl_irq  hcd_dwc2.o
    0x0800c9ca   0x0800c9ca   0x00000006   PAD
    0x0800c9d0   0x0800c9d0   0x000001aa   Code   RO         2795    .text.handle_sof_irq  hcd_dwc2.o
    0x0800cb7a   0x0800cb7a   0x00000006   PAD
    0x0800cb80   0x0800cb80   0x0000020c   Code   RO         2803    .text.handle_txfifo_empty  hcd_dwc2.o
    0x0800cd8c   0x0800cd8c   0x00000004   PAD
    0x0800cd90   0x0800cd90   0x0000000c   Code   RO         2585    .text.hcd_dcache_clean  usbh.o
    0x0800cd9c   0x0800cd9c   0x00000004   PAD
    0x0800cda0   0x0800cda0   0x000000a0   Code   RO         2775    .text.hcd_device_close  hcd_dwc2.o
    0x0800ce40   0x0800ce40   0x0000030a   Code   RO         2787    .text.hcd_edpt_abort_xfer  hcd_dwc2.o
    0x0800d14a   0x0800d14a   0x00000006   PAD
    0x0800d150   0x0800d150   0x000003c2   Code   RO         2779    .text.hcd_edpt_open  hcd_dwc2.o
    0x0800d512   0x0800d512   0x00000006   PAD
    0x0800d518   0x0800d518   0x000001e2   Code   RO         2783    .text.hcd_edpt_xfer  hcd_dwc2.o
    0x0800d6fa   0x0800d6fa   0x00000006   PAD
    0x0800d700   0x0800d700   0x00000154   Code   RO         2667    .text.hcd_event_handler  usbh.o
    0x0800d854   0x0800d854   0x00000004   PAD
    0x0800d858   0x0800d858   0x0000015c   Code   RO         2757    .text.hcd_init      hcd_dwc2.o
    0x0800d9b4   0x0800d9b4   0x00000004   PAD
    0x0800d9b8   0x0800d9b8   0x00000054   Code   RO         2761    .text.hcd_int_enable  hcd_dwc2.o
    0x0800da0c   0x0800da0c   0x00000004   PAD
    0x0800da10   0x0800da10   0x000001cc   Code   RO         2793    .text.hcd_int_handler  hcd_dwc2.o
    0x0800dbdc   0x0800dbdc   0x00000004   PAD
    0x0800dbe0   0x0800dbe0   0x00000040   Code   RO         2767    .text.hcd_port_connect_status  hcd_dwc2.o
    0x0800dc20   0x0800dc20   0x00000052   Code   RO         2769    .text.hcd_port_reset  hcd_dwc2.o
    0x0800dc72   0x0800dc72   0x00000006   PAD
    0x0800dc78   0x0800dc78   0x00000052   Code   RO         2771    .text.hcd_port_reset_end  hcd_dwc2.o
    0x0800dcca   0x0800dcca   0x00000006   PAD
    0x0800dcd0   0x0800dcd0   0x000000a6   Code   RO         2773    .text.hcd_port_speed_get  hcd_dwc2.o
    0x0800dd76   0x0800dd76   0x00000002   PAD
    0x0800dd78   0x0800dd78   0x0000015c   Code   RO         2789    .text.hcd_setup_send  hcd_dwc2.o
    0x0800ded4   0x0800ded4   0x00000004   PAD
    0x0800ded8   0x0800ded8   0x0000007c   Code   RO         2864    .text.hid_parse_report  hid_report_parser.o
    0x0800df54   0x0800df54   0x00000004   PAD
    0x0800df58   0x0800df58   0x0000006a   Code   RO         2453    .text.hidh_close    hid_host.o
    0x0800dfc2   0x0800dfc2   0x00000006   PAD
    0x0800dfc8   0x0800dfc8   0x00000004   Code   RO         2447    .text.hidh_deinit   hid_host.o
    0x0800dfcc   0x0800dfcc   0x00000004   PAD
    0x0800dfd0   0x0800dfd0   0x00000014   Code   RO         2445    .text.hidh_init     hid_host.o
    0x0800dfe4   0x0800dfe4   0x00000004   PAD
    0x0800dfe8   0x0800dfe8   0x000002dc   Code   RO         2455    .text.hidh_open     hid_host.o
    0x0800e2c4   0x0800e2c4   0x00000004   PAD
    0x0800e2c8   0x0800e2c8   0x00000034   Code   RO         2459    .text.hidh_set_config  hid_host.o
    0x0800e2fc   0x0800e2fc   0x00000004   PAD
    0x0800e300   0x0800e300   0x00000140   Code   RO         2449    .text.hidh_xfer_cb  hid_host.o
    0x0800e440   0x0800e440   0x00000048   Code   RO         2549    .text.hub_close     hub.o
    0x0800e488   0x0800e488   0x00000004   Code   RO         2545    .text.hub_deinit    hub.o
    0x0800e48c   0x0800e48c   0x00000004   PAD
    0x0800e490   0x0800e490   0x000000be   Code   RO         2551    .text.hub_edpt_status_xfer  hub.o
    0x0800e54e   0x0800e54e   0x00000002   PAD
    0x0800e550   0x0800e550   0x00000012   Code   RO         2543    .text.hub_init      hub.o
    0x0800e562   0x0800e562   0x00000006   PAD
    0x0800e568   0x0800e568   0x00000182   Code   RO         2547    .text.hub_open      hub.o
    0x0800e6ea   0x0800e6ea   0x00000006   PAD
    0x0800e6f0   0x0800e6f0   0x000000e0   Code   RO         2533    .text.hub_port_clear_feature  hub.o
    0x0800e7d0   0x0800e7d0   0x000000fa   Code   RO         2537    .text.hub_port_get_status  hub.o
    0x0800e8ca   0x0800e8ca   0x00000006   PAD
    0x0800e8d0   0x0800e8d0   0x00000036   Code   RO         2541    .text.hub_port_get_status_local  hub.o
    0x0800e906   0x0800e906   0x00000002   PAD
    0x0800e908   0x0800e908   0x000000e0   Code   RO         2535    .text.hub_port_set_feature  hub.o
    0x0800e9e8   0x0800e9e8   0x00000126   Code   RO         2553    .text.hub_set_config  hub.o
    0x0800eb0e   0x0800eb0e   0x00000002   PAD
    0x0800eb10   0x0800eb10   0x00000196   Code   RO         2557    .text.hub_xfer_cb   hub.o
    0x0800eca6   0x0800eca6   0x00000002   PAD
    0x0800eca8   0x0800eca8   0x000000b6   Code   RO         2304    .text.is_sony_ds4   hid_app.o
    0x0800ed5e   0x0800ed5e   0x00000002   PAD
    0x0800ed60   0x0800ed60   0x00000040   Code   RO           11    .text.main          main.o
    0x0800eda0   0x0800eda0   0x0000005c   Code   RO         2123    .text.osDelay       cmsis_os2.o
    0x0800edfc   0x0800edfc   0x00000004   PAD
    0x0800ee00   0x0800ee00   0x0000006e   Code   RO         2063    .text.osKernelInitialize  cmsis_os2.o
    0x0800ee6e   0x0800ee6e   0x00000002   PAD
    0x0800ee70   0x0800ee70   0x0000007a   Code   RO         2069    .text.osKernelStart  cmsis_os2.o
    0x0800eeea   0x0800eeea   0x00000006   PAD
    0x0800eef0   0x0800eef0   0x00000184   Code   RO         2087    .text.osThreadNew   cmsis_os2.o
    0x0800f074   0x0800f074   0x00000004   PAD
    0x0800f078   0x0800f078   0x0000004c   Code   RO         2734    .text.phy_fs_init   dwc2_common.o
    0x0800f0c4   0x0800f0c4   0x00000004   PAD
    0x0800f0c8   0x0800f0c8   0x000000ea   Code   RO         2732    .text.phy_hs_init   dwc2_common.o
    0x0800f1b2   0x0800f1b2   0x00000006   PAD
    0x0800f1b8   0x0800f1b8   0x000000e2   Code   RO         2811    .text.port0_enable  hcd_dwc2.o
    0x0800f29a   0x0800f29a   0x00000006   PAD
    0x0800f2a0   0x0800f2a0   0x0000005c   Code   RO         2539    .text.port_get_status_complete  hub.o
    0x0800f2fc   0x0800f2fc   0x00000004   PAD
    0x0800f300   0x0800f300   0x00000db8   Code   RO         2697    .text.process_enumeration  usbh.o
    0x080100b8   0x080100b8   0x000002d4   Code   RO         2559    .text.process_new_status  hub.o
    0x0801038c   0x0801038c   0x00000004   PAD
    0x08010390   0x08010390   0x00000174   Code   RO         2629    .text.process_remove_event  usbh.o
    0x08010504   0x08010504   0x00000004   PAD
    0x08010508   0x08010508   0x0000022a   Code   RO         2461    .text.process_set_config  hid_host.o
    0x08010732   0x08010732   0x00000006   PAD
    0x08010738   0x08010738   0x0000028a   Code   RO         2310    .text.process_sony_ds4  hid_app.o
    0x080109c2   0x080109c2   0x00000006   PAD
    0x080109c8   0x080109c8   0x000000d4   Code   RO         1863    .text.prvAddCurrentTaskToDelayedList  tasks.o
    0x08010a9c   0x08010a9c   0x00000004   PAD
    0x08010aa0   0x08010aa0   0x00000122   Code   RO         1849    .text.prvAddNewTaskToReadyList  tasks.o
    0x08010bc2   0x08010bc2   0x00000006   PAD
    0x08010bc8   0x08010bc8   0x000000a2   Code   RO         1996    .text.prvCheckForValidListAndQueue  timers.o
    0x08010c6a   0x08010c6a   0x00000006   PAD
    0x08010c70   0x08010c70   0x0000005a   Code   RO         1963    .text.prvCheckTasksWaitingTermination  tasks.o
    0x08010cca   0x08010cca   0x00000006   PAD
    0x08010cd0   0x08010cd0   0x00000042   Code   RO         1742    .text.prvCopyDataFromQueue  queue.o
    0x08010d12   0x08010d12   0x00000006   PAD
    0x08010d18   0x08010d18   0x000000cc   Code   RO         1730    .text.prvCopyDataToQueue  queue.o
    0x08010de4   0x08010de4   0x00000004   PAD
    0x08010de8   0x08010de8   0x00000062   Code   RO         1855    .text.prvDeleteTCB  tasks.o
    0x08010e4a   0x08010e4a   0x00000006   PAD
    0x08010e50   0x08010e50   0x00000026   Code   RO         1746    .text.prvGetDisinheritPriorityAfterTimeout  queue.o
    0x08010e76   0x08010e76   0x00000002   PAD
    0x08010e78   0x08010e78   0x00000040   Code   RO         2032    .text.prvGetNextExpireTime  timers.o
    0x08010eb8   0x08010eb8   0x000000bc   Code   RO         2210    .text.prvHeapInit   heap_4.o
    0x08010f74   0x08010f74   0x00000004   PAD
    0x08010f78   0x08010f78   0x00000038   Code   RO         1889    .text.prvIdleTask   tasks.o
    0x08010fb0   0x08010fb0   0x0000002c   Code   RO         1710    .text.prvInitialiseMutex  queue.o
    0x08010fdc   0x08010fdc   0x00000004   PAD
    0x08010fe0   0x08010fe0   0x00000048   Code   RO         1704    .text.prvInitialiseNewQueue  queue.o
    0x08011028   0x08011028   0x00000126   Code   RO         1847    .text.prvInitialiseNewTask  tasks.o
    0x0801114e   0x0801114e   0x00000002   PAD
    0x08011150   0x08011150   0x0000008e   Code   RO         1961    .text.prvInitialiseTaskLists  tasks.o
    0x080111de   0x080111de   0x00000002   PAD
    0x080111e0   0x080111e0   0x000000c6   Code   RO         2212    .text.prvInsertBlockIntoFreeList  heap_4.o
    0x080112a6   0x080112a6   0x00000002   PAD
    0x080112a8   0x080112a8   0x00000086   Code   RO         2044    .text.prvInsertTimerInActiveList  timers.o
    0x0801132e   0x0801132e   0x00000002   PAD
    0x08011330   0x08011330   0x00000028   Code   RO         1744    .text.prvIsQueueEmpty  queue.o
    0x08011358   0x08011358   0x0000002e   Code   RO         1732    .text.prvIsQueueFull  queue.o
    0x08011386   0x08011386   0x00000002   PAD
    0x08011388   0x08011388   0x00000028   Code   RO         2247    .text.prvPortStartFirstTask  port.o
    0x080113b0   0x080113b0   0x00000092   Code   RO         2040    .text.prvProcessExpiredTimer  timers.o
    0x08011442   0x08011442   0x00000006   PAD
    0x08011448   0x08011448   0x0000019e   Code   RO         2036    .text.prvProcessReceivedCommands  timers.o
    0x080115e6   0x080115e6   0x00000002   PAD
    0x080115e8   0x080115e8   0x0000009a   Code   RO         2034    .text.prvProcessTimerOrBlockTask  timers.o
    0x08011682   0x08011682   0x00000006   PAD
    0x08011688   0x08011688   0x00000046   Code   RO         1857    .text.prvResetNextTaskUnblockTime  tasks.o
    0x080116ce   0x080116ce   0x00000002   PAD
    0x080116d0   0x080116d0   0x00000044   Code   RO         2038    .text.prvSampleTimeNow  timers.o
    0x08011714   0x08011714   0x00000004   PAD
    0x08011718   0x08011718   0x000000d8   Code   RO         2042    .text.prvSwitchTimerLists  timers.o
    0x080117f0   0x080117f0   0x00000054   Code   RO         2237    .text.prvTaskExitError  port.o
    0x08011844   0x08011844   0x00000004   PAD
    0x08011848   0x08011848   0x0000001e   Code   RO         1998    .text.prvTimerTask  timers.o
    0x08011866   0x08011866   0x00000002   PAD
    0x08011868   0x08011868   0x000000ae   Code   RO         1734    .text.prvUnlockQueue  queue.o
    0x08011916   0x08011916   0x00000002   PAD
    0x08011918   0x08011918   0x000001ea   Code   RO         2208    .text.pvPortMalloc  heap_4.o
    0x08011b02   0x08011b02   0x00000006   PAD
    0x08011b08   0x08011b08   0x0000002c   Code   RO         1947    .text.pvTaskIncrementMutexHeldCount  tasks.o
    0x08011b34   0x08011b34   0x00000004   PAD
    0x08011b38   0x08011b38   0x0000005e   Code   RO         2235    .text.pxPortInitialiseStack  port.o
    0x08011b96   0x08011b96   0x00000002   PAD
    0x08011b98   0x08011b98   0x00000334   Code   RO         2623    .text.remove_device_tree  usbh.o
    0x08011ecc   0x08011ecc   0x00000004   PAD
    0x08011ed0   0x08011ed0   0x00000074   Code   RO         2742    .text.reset_core    dwc2_common.o
    0x08011f44   0x08011f44   0x00000004   PAD
    0x08011f48   0x08011f48   0x00000156   Code   RO         2358    .text.tu_bind_driver_to_ep_itf  tusb.o
    0x0801209e   0x0801209e   0x00000002   PAD
    0x080120a0   0x080120a0   0x00000100   Code   RO         2352    .text.tu_edpt_claim  tusb.o
    0x080121a0   0x080121a0   0x000000c8   Code   RO         2354    .text.tu_edpt_release  tusb.o
    0x08012268   0x08012268   0x000001de   Code   RO         2356    .text.tu_edpt_validate  tusb.o
    0x08012446   0x08012446   0x00000002   PAD
    0x08012448   0x08012448   0x000000ca   Code   RO         2685    .text.tuh_address_set  usbh.o
    0x08012512   0x08012512   0x00000006   PAD
    0x08012518   0x08012518   0x0000006e   Code   RO         2607    .text.tuh_bus_info_get  usbh.o
    0x08012586   0x08012586   0x00000002   PAD
    0x08012588   0x08012588   0x0000007a   Code   RO         2687    .text.tuh_configuration_set  usbh.o
    0x08012602   0x08012602   0x00000006   PAD
    0x08012608   0x08012608   0x0000008a   Code   RO         2599    .text.tuh_connected  usbh.o
    0x08012692   0x08012692   0x00000006   PAD
    0x08012698   0x08012698   0x00000452   Code   RO         2635    .text.tuh_control_xfer  usbh.o
    0x08012aea   0x08012aea   0x00000006   PAD
    0x08012af0   0x08012af0   0x000000ce   Code   RO         2669    .text.tuh_descriptor_get  usbh.o
    0x08012bbe   0x08012bbe   0x00000002   PAD
    0x08012bc0   0x08012bc0   0x00000046   Code   RO         2673    .text.tuh_descriptor_get_configuration  usbh.o
    0x08012c06   0x08012c06   0x00000002   PAD
    0x08012c08   0x08012c08   0x00000070   Code   RO         2671    .text.tuh_descriptor_get_device  usbh.o
    0x08012c78   0x08012c78   0x000000a2   Code   RO         2683    .text.tuh_descriptor_get_hid_report  usbh.o
    0x08012d1a   0x08012d1a   0x00000006   PAD
    0x08012d20   0x08012d20   0x000000cc   Code   RO         2675    .text.tuh_descriptor_get_string  usbh.o
    0x08012dec   0x08012dec   0x00000004   PAD
    0x08012df0   0x08012df0   0x00000210   Code   RO         2647    .text.tuh_edpt_abort_xfer  usbh.o
    0x08013000   0x08013000   0x000000c6   Code   RO         2661    .text.tuh_edpt_open  usbh.o
    0x080130c6   0x080130c6   0x00000002   PAD
    0x080130c8   0x080130c8   0x00000012   Code   RO         2581    .text.tuh_enum_descriptor_configuration_cb  usbh.o
    0x080130da   0x080130da   0x00000006   PAD
    0x080130e0   0x080130e0   0x0000000c   Code   RO         2579    .text.tuh_enum_descriptor_device_cb  usbh.o
    0x080130ec   0x080130ec   0x00000004   PAD
    0x080130f0   0x080130f0   0x00000010   Code   RO         2583    .text.tuh_event_hook_cb  usbh.o
    0x08013100   0x08013100   0x00000076   Code   RO         2413    .text.tuh_hid_itf_get_index  hid_host.o
    0x08013176   0x08013176   0x00000002   PAD
    0x08013178   0x08013178   0x000000f4   Code   RO         2302    .text.tuh_hid_mount_cb  hid_app.o
    0x0801326c   0x0801326c   0x00000004   PAD
    0x08013270   0x08013270   0x00000148   Code   RO         2437    .text.tuh_hid_receive_report  hid_host.o
    0x080133b8   0x080133b8   0x000000ba   Code   RO         2308    .text.tuh_hid_report_received_cb  hid_app.o
    0x08013472   0x08013472   0x00000006   PAD
    0x08013478   0x08013478   0x00000014   Code   RO         2397    .text.tuh_hid_report_sent_cb  hid_host.o
    0x0801348c   0x0801348c   0x00000004   PAD
    0x08013490   0x08013490   0x0000006a   Code   RO         2306    .text.tuh_hid_umount_cb  hid_app.o
    0x080134fa   0x080134fa   0x00000006   PAD
    0x08013500   0x08013500   0x00000012   Code   RO         2615    .text.tuh_inited    usbh.o
    0x08013512   0x08013512   0x00000006   PAD
    0x08013518   0x08013518   0x0000000a   Code   RO         2593    .text.tuh_mount_cb  usbh.o
    0x08013522   0x08013522   0x00000006   PAD
    0x08013528   0x08013528   0x000002c8   Code   RO         2617    .text.tuh_rhport_init  usbh.o
    0x080137f0   0x080137f0   0x00000020   Code   RO         2609    .text.tuh_rhport_is_active  usbh.o
    0x08013810   0x08013810   0x0000001a   Code   RO         2605    .text.tuh_speed_get  usbh.o
    0x0801382a   0x0801382a   0x00000006   PAD
    0x08013830   0x08013830   0x0000003a   Code   RO         2625    .text.tuh_task_event_ready  usbh.o
    0x0801386a   0x0801386a   0x00000006   PAD
    0x08013870   0x08013870   0x00000436   Code   RO         2627    .text.tuh_task_ext  usbh.o
    0x08013ca6   0x08013ca6   0x00000002   PAD
    0x08013ca8   0x08013ca8   0x0000000a   Code   RO         2595    .text.tuh_umount_cb  usbh.o
    0x08013cb2   0x08013cb2   0x00000006   PAD
    0x08013cb8   0x08013cb8   0x00000098   Code   RO         2601    .text.tuh_vid_pid_get  usbh.o
    0x08013d50   0x08013d50   0x00000046   Code   RO         2342    .text.tusb_int_handler  tusb.o
    0x08013d96   0x08013d96   0x00000002   PAD
    0x08013d98   0x08013d98   0x000000d4   Code   RO         2338    .text.tusb_rhport_init  tusb.o
    0x08013e6c   0x08013e6c   0x00000004   PAD
    0x08013e70   0x08013e70   0x00000028   Code   RO         2332    .text.tusb_time_delay_ms_api  tusb.o
    0x08013e98   0x08013e98   0x0000000e   Code   RO         2591    .text.usbh_app_driver_get_cb  usbh.o
    0x08013ea6   0x08013ea6   0x00000002   PAD
    0x08013ea8   0x08013ea8   0x000005d0   Code   RO         2633    .text.usbh_control_xfer_cb  usbh.o
    0x08014478   0x08014478   0x0000013c   Code   RO         2691    .text.usbh_driver_set_config_complete  usbh.o
    0x080145b4   0x080145b4   0x00000004   PAD
    0x080145b8   0x080145b8   0x00000100   Code   RO         2641    .text.usbh_edpt_claim  usbh.o
    0x080146b8   0x080146b8   0x00000064   Code   RO         2699    .text.usbh_edpt_control_open  usbh.o
    0x0801471c   0x0801471c   0x00000004   PAD
    0x08014720   0x08014720   0x000000cc   Code   RO         2645    .text.usbh_edpt_release  usbh.o
    0x080147ec   0x080147ec   0x00000004   PAD
    0x080147f0   0x080147f0   0x00000150   Code   RO         2643    .text.usbh_edpt_xfer_with_callback  usbh.o
    0x08014940   0x08014940   0x0000000c   Code   RO         2651    .text.usbh_get_enum_buf  usbh.o
    0x0801494c   0x0801494c   0x00000004   PAD
    0x08014950   0x08014950   0x0000001a   Code   RO         2649    .text.usbh_get_rhport  usbh.o
    0x0801496a   0x0801496a   0x00000006   PAD
    0x08014970   0x08014970   0x00000048   Code   RO         1691    .text.uxListRemove  list.o
    0x080149b8   0x080149b8   0x0000003a   Code   RO         1754    .text.uxQueueMessagesWaiting  queue.o
    0x080149f2   0x080149f2   0x00000006   PAD
    0x080149f8   0x080149f8   0x0000002a   Code   RO         2191    .text.vApplicationGetIdleTaskMemory  cmsis_os2.o
    0x08014a22   0x08014a22   0x00000006   PAD
    0x08014a28   0x08014a28   0x0000002c   Code   RO         2193    .text.vApplicationGetTimerTaskMemory  cmsis_os2.o
    0x08014a54   0x08014a54   0x00000004   PAD
    0x08014a58   0x08014a58   0x0000002e   Code   RO         1683    .text.vListInitialise  list.o
    0x08014a86   0x08014a86   0x00000002   PAD
    0x08014a88   0x08014a88   0x0000000e   Code   RO         1685    .text.vListInitialiseItem  list.o
    0x08014a96   0x08014a96   0x00000002   PAD
    0x08014a98   0x08014a98   0x0000006a   Code   RO         1689    .text.vListInsert   list.o
    0x08014b02   0x08014b02   0x00000006   PAD
    0x08014b08   0x08014b08   0x0000003a   Code   RO         1687    .text.vListInsertEnd  list.o
    0x08014b42   0x08014b42   0x00000006   PAD
    0x08014b48   0x08014b48   0x00000014   Code   RO         2245    .text.vPortEnableVFP  port.o
    0x08014b5c   0x08014b5c   0x00000004   PAD
    0x08014b60   0x08014b60   0x0000005e   Code   RO         2251    .text.vPortEnterCritical  port.o
    0x08014bbe   0x08014bbe   0x00000002   PAD
    0x08014bc0   0x08014bc0   0x0000004e   Code   RO         2253    .text.vPortExitCritical  port.o
    0x08014c0e   0x08014c0e   0x00000002   PAD
    0x08014c10   0x08014c10   0x000000c8   Code   RO         2214    .text.vPortFree     heap_4.o
    0x08014cd8   0x08014cd8   0x00000044   Code   RO         2243    .text.vPortSetupTimerInterrupt  port.o
    0x08014d1c   0x08014d1c   0x00000004   PAD
    0x08014d20   0x08014d20   0x0000008c   Code   RO         2259    .text.vPortValidateInterruptPriority  port.o
    0x08014dac   0x08014dac   0x00000004   PAD
    0x08014db0   0x08014db0   0x00000052   Code   RO         1774    .text.vQueueAddToRegistry  queue.o
    0x08014e02   0x08014e02   0x00000006   PAD
    0x08014e08   0x08014e08   0x00000064   Code   RO         1778    .text.vQueueWaitForMessageRestricted  queue.o
    0x08014e6c   0x08014e6c   0x00000004   PAD
    0x08014e70   0x08014e70   0x00000072   Code   RO         1867    .text.vTaskDelay    tasks.o
    0x08014ee2   0x08014ee2   0x00000006   PAD
    0x08014ee8   0x08014ee8   0x00000024   Code   RO         1919    .text.vTaskInternalSetTimeOutState  tasks.o
    0x08014f0c   0x08014f0c   0x00000004   PAD
    0x08014f10   0x08014f10   0x0000000e   Code   RO         1923    .text.vTaskMissedYield  tasks.o
    0x08014f1e   0x08014f1e   0x00000002   PAD
    0x08014f20   0x08014f20   0x00000046   Code   RO         1907    .text.vTaskPlaceOnEventList  tasks.o
    0x08014f66   0x08014f66   0x00000002   PAD
    0x08014f68   0x08014f68   0x00000056   Code   RO         1911    .text.vTaskPlaceOnEventListRestricted  tasks.o
    0x08014fbe   0x08014fbe   0x00000002   PAD
    0x08014fc0   0x08014fc0   0x0000013c   Code   RO         1943    .text.vTaskPriorityDisinheritAfterTimeout  tasks.o
    0x080150fc   0x080150fc   0x00000004   PAD
    0x08015100   0x08015100   0x000000e8   Code   RO         1887    .text.vTaskStartScheduler  tasks.o
    0x080151e8   0x080151e8   0x00000010   Code   RO         1861    .text.vTaskSuspendAll  tasks.o
    0x080151f8   0x080151f8   0x000000ca   Code   RO         1879    .text.vTaskSwitchContext  tasks.o
    0x080152c2   0x080152c2   0x00000006   PAD
    0x080152c8   0x080152c8   0x000000fe   Code   RO         2241    .text.xPortStartScheduler  port.o
    0x080153c6   0x080153c6   0x00000002   PAD
    0x080153c8   0x080153c8   0x00000032   Code   RO         1712    .text.xQueueCreateMutexStatic  queue.o
    0x080153fa   0x080153fa   0x00000006   PAD
    0x08015400   0x08015400   0x00000086   Code   RO         1706    .text.xQueueGenericCreate  queue.o
    0x08015486   0x08015486   0x00000002   PAD
    0x08015488   0x08015488   0x00000122   Code   RO         1702    .text.xQueueGenericCreateStatic  queue.o
    0x080155aa   0x080155aa   0x00000006   PAD
    0x080155b0   0x080155b0   0x000000be   Code   RO         1700    .text.xQueueGenericReset  queue.o
    0x0801566e   0x0801566e   0x00000002   PAD
    0x08015670   0x08015670   0x0000023c   Code   RO         1720    .text.xQueueGenericSend  queue.o
    0x080158ac   0x080158ac   0x00000004   PAD
    0x080158b0   0x080158b0   0x00000156   Code   RO         1736    .text.xQueueGenericSendFromISR  queue.o
    0x08015a06   0x08015a06   0x00000002   PAD
    0x08015a08   0x08015a08   0x000001e8   Code   RO         1740    .text.xQueueReceive  queue.o
    0x08015bf0   0x08015bf0   0x0000023c   Code   RO         1724    .text.xQueueSemaphoreTake  queue.o
    0x08015e2c   0x08015e2c   0x00000004   PAD
    0x08015e30   0x08015e30   0x000000d4   Code   RO         1921    .text.xTaskCheckForTimeOut  tasks.o
    0x08015f04   0x08015f04   0x00000004   PAD
    0x08015f08   0x08015f08   0x0000009e   Code   RO         1851    .text.xTaskCreate   tasks.o
    0x08015fa6   0x08015fa6   0x00000002   PAD
    0x08015fa8   0x08015fa8   0x000000da   Code   RO         1845    .text.xTaskCreateStatic  tasks.o
    0x08016082   0x08016082   0x00000006   PAD
    0x08016088   0x08016088   0x00000038   Code   RO         1937    .text.xTaskGetSchedulerState  tasks.o
    0x080160c0   0x080160c0   0x00000014   Code   RO         1895    .text.xTaskGetTickCount  tasks.o
    0x080160d4   0x080160d4   0x00000004   PAD
    0x080160d8   0x080160d8   0x000001c8   Code   RO         1893    .text.xTaskIncrementTick  tasks.o
    0x080162a0   0x080162a0   0x000000f4   Code   RO         1941    .text.xTaskPriorityDisinherit  tasks.o
    0x08016394   0x08016394   0x00000004   PAD
    0x08016398   0x08016398   0x0000010e   Code   RO         1939    .text.xTaskPriorityInherit  tasks.o
    0x080164a6   0x080164a6   0x00000002   PAD
    0x080164a8   0x080164a8   0x000000d2   Code   RO         1913    .text.xTaskRemoveFromEventList  tasks.o
    0x0801657a   0x0801657a   0x00000006   PAD
    0x08016580   0x08016580   0x0000018a   Code   RO         1865    .text.xTaskResumeAll  tasks.o
    0x0801670a   0x0801670a   0x00000006   PAD
    0x08016710   0x08016710   0x00000098   Code   RO         1994    .text.xTimerCreateTimerTask  timers.o
    0x080167a8   0x080167a8   0x000000b4   Code   RO         2006    .text.xTimerGenericCommand  timers.o
    0x0801685c   0x0801685c   0x00000020   Code   RO         3051    i.__0printf         mc_w.l(printfa.o)
    0x0801687c   0x0801687c   0x0000000e   Code   RO         3127    i.__scatterload_copy  mc_w.l(handlers.o)
    0x0801688a   0x0801688a   0x00000002   Code   RO         3128    i.__scatterload_null  mc_w.l(handlers.o)
    0x0801688c   0x0801688c   0x0000000e   Code   RO         3129    i.__scatterload_zeroinit  mc_w.l(handlers.o)
    0x0801689a   0x0801689a   0x00000002   PAD
    0x0801689c   0x0801689c   0x00000184   Code   RO         3058    i._fp_digits        mc_w.l(printfa.o)
    0x08016a20   0x08016a20   0x000006dc   Code   RO         3059    i._printf_core      mc_w.l(printfa.o)
    0x080170fc   0x080170fc   0x00000024   Code   RO         3060    i._printf_post_padding  mc_w.l(printfa.o)
    0x08017120   0x08017120   0x0000002e   Code   RO         3061    i._printf_pre_padding  mc_w.l(printfa.o)
    0x0801714e   0x0801714e   0x00000002   PAD
    0x08017150   0x08017150   0x00000024   Data   RO         2323    .rodata..L__const.process_sony_ds4.dpad_str  hid_app.o
    0x08017174   0x08017174   0x00000010   Data   RO         1636    .rodata.AHBPrescTable  system_stm32f7xx.o
    0x08017184   0x08017184   0x00000008   Data   RO         1637    .rodata.APBPrescTable  system_stm32f7xx.o
    0x0801718c   0x0801718c   0x00000020   Data   RO         2747    .rodata._dwc2_controller  dwc2_common.o
    0x080171ac   0x080171ac   0x00000020   Data   RO         2823    .rodata._dwc2_controller  hcd_dwc2.o
    0x080171cc   0x080171cc   0x00000474   Data   RO         2940    .rodata.asc2_1206   lcd.o
    0x08017640   0x08017640   0x000005f0   Data   RO         2941    .rodata.asc2_1608   lcd.o
    0x08017c30   0x08017c30   0x00000d5c   Data   RO         2942    .rodata.asc2_2412   lcd.o
    0x0801898c   0x0801898c   0x00002f80   Data   RO         2943    .rodata.asc2_3216   lcd.o
    0x0801b90c   0x0801b90c   0x00000050   Data   RO         2992    .rodata.font        chip8.o
    0x0801b95c   0x0801b95c   0x00000024   Data   RO           54    .rodata.gameTask_attributes  freertos.o
    0x0801b980   0x0801b980   0x00000024   Data   RO           55    .rodata.hidParserTask_attributes  freertos.o
    0x0801b9a4   0x0801b9a4   0x00000032   Data   RO           52    .rodata.str1.1      freertos.o
    0x0801b9d6   0x0801b9d6   0x00000005   Data   RO         1979    .rodata.str1.1      tasks.o
    0x0801b9db   0x0801b9db   0x0000000d   Data   RO         2047    .rodata.str1.1      timers.o
    0x0801b9e8   0x0801b9e8   0x00000172   Data   RO         2322    .rodata.str1.1      hid_app.o
    0x0801bb5a   0x0801bb5a   0x00000052   Data   RO         2385    .rodata.str1.1      tusb.o
    0x0801bbac   0x0801bbac   0x00000029   Data   RO         2471    .rodata.str1.1      hid_host.o
    0x0801bbd5   0x0801bbd5   0x00000094   Data   RO         2563    .rodata.str1.1      hub.o
    0x0801bc69   0x0801bc69   0x00000110   Data   RO         2706    .rodata.str1.1      usbh.o
    0x0801bd79   0x0801bd79   0x0000001a   Data   RO         2746    .rodata.str1.1      dwc2_common.o
    0x0801bd93   0x0801bd93   0x000000c0   Data   RO         2822    .rodata.str1.1      hcd_dwc2.o
    0x0801be53   0x0801be53   0x00000001   PAD
    0x0801be54   0x0801be54   0x00000024   Data   RO           53    .rodata.tinyUSBTask_attributes  freertos.o
    0x0801be78   0x0801be78   0x00000038   Data   RO         2717    .rodata.usbh_class_drivers  usbh.o
    0x0801beb0   0x0801beb0   0x00000020   Data   RO         3126    Region$$Table       anon$$obj.o


    Execution Region RW_IRAM1 (Exec base: 0x20020000, Load base: 0x0801bed0, Size: 0x000089e8, Max: 0x00060000, ABSOLUTE, COMPRESSED[0x000000d8])

    Exec Addr    Load Addr    Size         Type   Attr      Idx    E Section Name        Object

    0x20020000   COMPRESSED   0x00000004   Data   RW         3092    .data               mc_w.l(stdout.o)
    0x20020004   COMPRESSED   0x00000004   Data   RW         2945    .data.BACK_COLOR    lcd.o
    0x20020008   COMPRESSED   0x00000004   Data   RW         2944    .data.POINT_COLOR   lcd.o
    0x2002000c   COMPRESSED   0x0000009c   Data   RW         2989    .data.RussianRouletteCarmeloCortez1978  chip8.o
    0x200200a8   COMPRESSED   0x00000004   Data   RW         1635    .data.SystemCoreClock  system_stm32f7xx.o
    0x200200ac   COMPRESSED   0x0000001c   Data   RW         2708    .data._usbh_data    usbh.o
    0x200200c8   COMPRESSED   0x0000005c   Data   RW         2707    .data._usbh_qdef    usbh.o
    0x20020124   COMPRESSED   0x00000010   Data   RW         2990    .data.chip8_keymap  chip8.o
    0x20020134   COMPRESSED   0x00000080   Data   RW           50    .data.chip8_whitecolor  freertos.o
    0x200201b4   COMPRESSED   0x00000001   Data   RW         2991    .data.font_base     chip8.o
    0x200201b5   COMPRESSED   0x00000001   Data   RW          936    .data.uwTickFreq    stm32f7xx_hal.o
    0x200201b6   COMPRESSED   0x00000002   PAD
    0x200201b8   COMPRESSED   0x00000004   Data   RW          935    .data.uwTickPrio    stm32f7xx_hal.o
    0x200201bc   COMPRESSED   0x00000004   Data   RW         2263    .data.uxCriticalNesting  port.o
    0x200201c0        -       0x00000004   Zero   RW         2857    .bss.HIDInputEventQueue  app_init.o
    0x200201c4        -       0x00000200   Zero   RW         2198    .bss.Idle_Stack     cmsis_os2.o
    0x200203c4        -       0x0000005c   Zero   RW         2197    .bss.Idle_TCB       cmsis_os2.o
    0x20020420        -       0x00000004   Zero   RW         2195    .bss.KernelState    cmsis_os2.o
    0x20020424        -       0x0000004c   Zero   RW         2947    .bss.SRAM_Handler   lcd.o
    0x20020470        -       0x00000400   Zero   RW         2200    .bss.Timer_Stack    cmsis_os2.o
    0x20020870        -       0x0000005c   Zero   RW         2199    .bss.Timer_TCB      cmsis_os2.o
    0x200208cc        -       0x00000400   Zero   RW           95    .bss.USART_RX_BUF   usart.o
    0x20020ccc        -       0x00000004   Zero   RW           92    .bss.USART_RX_LEN   usart.o
    0x20020cd0        -       0x00000004   Zero   RW         2714    .bss._app_driver    usbh.o
    0x20020cd4        -       0x00000001   Zero   RW         2713    .bss._app_driver_count  usbh.o
    0x20020cd5   COMPRESSED   0x00000003   PAD
    0x20020cd8        -       0x00000200   Zero   RW         2821    .bss._hcd_data      hcd_dwc2.o
    0x20020ed8        -       0x00000001   Zero   RW         2470    .bss._hidh_default_protocol  hid_host.o
    0x20020ed9   COMPRESSED   0x00000003   PAD
    0x20020edc        -       0x00000600   Zero   RW         2472    .bss._hidh_epbuf    hid_host.o
    0x200214dc        -       0x000000a8   Zero   RW         2469    .bss._hidh_itf      hid_host.o
    0x20021584        -       0x00000002   Zero   RW         2384    .bss._tusb_rhport_role  tusb.o
    0x20021586        -       0x000001d6   Zero   RW         2715    .bss._usbh_devices  usbh.o
    0x2002175c        -       0x00000108   Zero   RW         2716    .bss._usbh_epbuf    usbh.o
    0x20021864        -       0x00000004   Zero   RW         2712    .bss._usbh_mutex    usbh.o
    0x20021868        -       0x00000050   Zero   RW         2711    .bss._usbh_mutexdef  usbh.o
    0x200218b8        -       0x00000004   Zero   RW         2710    .bss._usbh_q        usbh.o
    0x200218bc        -       0x000000c0   Zero   RW         2705    .bss._usbh_qdef_buf  usbh.o
    0x2002197c        -       0x00000004   Zero   RW         2709    .bss._usbh_spin     usbh.o
    0x20021980        -       0x00000080   Zero   RW           51    .bss.chip8_blackcolor  freertos.o
    0x20021a00        -       0x00001848   Zero   RW           59    .bss.chip8_emulator  freertos.o
    0x20023248        -       0x00000001   Zero   RW         2320    .bss.ds4_dev_addr   hid_app.o
    0x20023249        -       0x00000001   Zero   RW         2321    .bss.ds4_instance   hid_app.o
    0x2002324a        -       0x00000001   Zero   RW         2316    .bss.ds4_mounted    hid_app.o
    0x2002324b   COMPRESSED   0x00000001   PAD
    0x2002324c        -       0x00000004   Zero   RW           57    .bss.gameTaskHandle  freertos.o
    0x20023250        -       0x000003e0   Zero   RW          110    .bss.hhcd_USB_OTG_FS  usb_otg.o
    0x20023630        -       0x00000004   Zero   RW           58    .bss.hidParserTaskHandle  freertos.o
    0x20023634        -       0x00000010   Zero   RW           74    .bss.hrng           rng.o
    0x20023644        -       0x0000004c   Zero   RW          155    .bss.htim6          stm32f7xx_hal_timebase_tim.o
    0x20023690        -       0x00000088   Zero   RW           93    .bss.huart1         usart.o
    0x20023718        -       0x00000010   Zero   RW         2567    .bss.hub_epbufs     hub.o
    0x20023728        -       0x00000008   Zero   RW         2565    .bss.hub_itfs       hub.o
    0x20023730        -       0x0000000e   Zero   RW         2946    .bss.lcddev         lcd.o
    0x2002373e        -       0x00000001   Zero   RW         2318    .bss.motor_left     hid_app.o
    0x2002373f        -       0x00000001   Zero   RW         2319    .bss.motor_right    hid_app.o
    0x20023740        -       0x00000001   Zero   RW         2718    .bss.process_enumeration.failed_count  usbh.o
    0x20023741        -       0x00000009   Zero   RW         2324    .bss.process_sony_ds4.prev_report  hid_app.o
    0x2002374a        -       0x000000a0   Zero   RW         2055    .bss.prvCheckForValidListAndQueue.ucStaticTimerQueueStorage  timers.o
    0x200237ea   COMPRESSED   0x00000002   PAD
    0x200237ec        -       0x00000050   Zero   RW         2054    .bss.prvCheckForValidListAndQueue.xStaticTimerQueue  timers.o
    0x2002383c        -       0x00000004   Zero   RW         2051    .bss.prvSampleTimeNow.xLastTime  timers.o
    0x20023840        -       0x00000004   Zero   RW         1965    .bss.pxCurrentTCB   tasks.o
    0x20023844        -       0x00000004   Zero   RW         2049    .bss.pxCurrentTimerList  timers.o
    0x20023848        -       0x00000004   Zero   RW         1973    .bss.pxDelayedTaskList  tasks.o
    0x2002384c        -       0x00000004   Zero   RW         2222    .bss.pxEnd          heap_4.o
    0x20023850        -       0x00000004   Zero   RW         1974    .bss.pxOverflowDelayedTaskList  tasks.o
    0x20023854        -       0x00000004   Zero   RW         2050    .bss.pxOverflowTimerList  timers.o
    0x20023858        -       0x00000460   Zero   RW         1976    .bss.pxReadyTasksLists  tasks.o
    0x20023cb8        -       0x00000004   Zero   RW           56    .bss.tinyUSBTaskHandle  freertos.o
    0x20023cbc        -       0x00000001   Zero   RW           94    .bss.uart_rx_byte   usart.o
    0x20023cbd        -       0x00003c00   Zero   RW         2227    .bss.ucHeap         heap_4.o
    0x200278bd        -       0x00000001   Zero   RW         2261    .bss.ucMaxSysCallPriority  port.o
    0x200278be   COMPRESSED   0x00000002   PAD
    0x200278c0        -       0x00000004   Zero   RW         2262    .bss.ulMaxPRIGROUPValue  port.o
    0x200278c4        -       0x00000004   Zero   RW         2564    .bss.user_complete_cb  hub.o
    0x200278c8        -       0x00000004   Zero   RW          937    .bss.uwTick         stm32f7xx_hal.o
    0x200278cc        -       0x00000004   Zero   RW         1969    .bss.uxCurrentNumberOfTasks  tasks.o
    0x200278d0        -       0x00000004   Zero   RW         1968    .bss.uxDeletedTasksWaitingCleanUp  tasks.o
    0x200278d4        -       0x00000004   Zero   RW         1983    .bss.uxPendedTicks  tasks.o
    0x200278d8        -       0x00000004   Zero   RW         1971    .bss.uxSchedulerSuspended  tasks.o
    0x200278dc        -       0x00000004   Zero   RW         1966    .bss.uxTaskNumber   tasks.o
    0x200278e0        -       0x00000004   Zero   RW         1977    .bss.uxTopReadyPriority  tasks.o
    0x200278e4        -       0x00000014   Zero   RW         2052    .bss.xActiveTimerList1  timers.o
    0x200278f8        -       0x00000014   Zero   RW         2053    .bss.xActiveTimerList2  timers.o
    0x2002790c        -       0x00000004   Zero   RW         2223    .bss.xBlockAllocatedBit  heap_4.o
    0x20027910        -       0x00000014   Zero   RW         1985    .bss.xDelayedTaskList1  tasks.o
    0x20027924        -       0x00000014   Zero   RW         1986    .bss.xDelayedTaskList2  tasks.o
    0x20027938        -       0x00000004   Zero   RW         2224    .bss.xFreeBytesRemaining  heap_4.o
    0x2002793c        -       0x00000004   Zero   RW         1980    .bss.xIdleTaskHandle  tasks.o
    0x20027940        -       0x00000004   Zero   RW         2226    .bss.xMinimumEverFreeBytesRemaining  heap_4.o
    0x20027944        -       0x00000004   Zero   RW         1981    .bss.xNextTaskUnblockTime  tasks.o
    0x20027948        -       0x00000004   Zero   RW         1984    .bss.xNumOfOverflows  tasks.o
    0x2002794c        -       0x00000014   Zero   RW         1978    .bss.xPendingReadyList  tasks.o
    0x20027960        -       0x00000040   Zero   RW         1780    .bss.xQueueRegistry  queue.o
    0x200279a0        -       0x00000004   Zero   RW         1970    .bss.xSchedulerRunning  tasks.o
    0x200279a4        -       0x00000008   Zero   RW         2225    .bss.xStart         heap_4.o
    0x200279ac        -       0x00000014   Zero   RW         1975    .bss.xSuspendedTaskList  tasks.o
    0x200279c0        -       0x00000014   Zero   RW         1967    .bss.xTasksWaitingTermination  tasks.o
    0x200279d4        -       0x00000004   Zero   RW         1972    .bss.xTickCount     tasks.o
    0x200279d8        -       0x00000004   Zero   RW         2046    .bss.xTimerQueue    timers.o
    0x200279dc        -       0x00000004   Zero   RW         2048    .bss.xTimerTaskHandle  timers.o
    0x200279e0        -       0x00000004   Zero   RW         1982    .bss.xYieldPending  tasks.o
    0x200279e4   COMPRESSED   0x00000004   PAD
    0x200279e8        -       0x00001000   Zero   RW            1    STACK               startup_stm32f767xx.o


==============================================================================

Image component sizes


      Code (inc. data)   RO Data    RW Data    ZI Data      Debug   Object Name

        62          0          0          0          4        978   app_init.o
      2412         16         80        173          0       4382   chip8.o
       800          0          0          0       1724      31433   cmsis_os2.o
      1700          0         58          0          0      10196   dwc2_common.o
       240          0          0          0          0       9973   family.o
       648          0        158        128       6356       5445   freertos.o
       184          0          0          0          0       2285   gpio.o
     13220          6        224          0        512      39855   hcd_dwc2.o
      1076          0          0          0      15384       3573   heap_4.o
      1578          0        406          0         14       6032   hid_app.o
      2970          4         41          0       1705      20017   hid_host.o
       124          0          0          0          0       1467   hid_report_parser.o
      3382          4        148          0         28      13787   hub.o
     14814         24      18240          8         90      16683   lcd.o
       296          0          0          0          0       2212   list.o
       314          0          0          0          0       6387   main.o
      1072         16          0          4          5       3734   port.o
      3562          0          0          0         64      17191   queue.o
       130          0          0          0         16       3801   rng.o
        36          8        504          0       4096        840   startup_stm32f767xx.o
       126          0          0          5          4       8026   stm32f7xx_hal.o
       594          0          0          0          0      10739   stm32f7xx_hal_cortex.o
       304          0          0          0          0       8472   stm32f7xx_hal_dma.o
      1050          0          0          0          0       5192   stm32f7xx_hal_gpio.o
       264          0          0          0          0      15134   stm32f7xx_hal_hcd.o
        80          0          0          0          0       3943   stm32f7xx_hal_msp.o
       198          0          0          0          0       5635   stm32f7xx_hal_pwr_ex.o
      2910          0          0          0          0       8091   stm32f7xx_hal_rcc.o
      2276          0          0          0          0       7519   stm32f7xx_hal_rcc_ex.o
       294          0          0          0          0       3854   stm32f7xx_hal_rng.o
       128          0          0          0          0       8321   stm32f7xx_hal_sram.o
      1480          0          0          0          0      36871   stm32f7xx_hal_tim.o
        24          0          0          0          0      16725   stm32f7xx_hal_tim_ex.o
       236          0          0          0         76       7850   stm32f7xx_hal_timebase_tim.o
      5564         38          0          0          0      23738   stm32f7xx_hal_uart.o
        60          0          0          0          0        977   stm32f7xx_it.o
       502          0          0          0          0       7253   stm32f7xx_ll_fmc.o
      1192          0          0          0          0      19834   stm32f7xx_ll_usb.o
        78          0          0          0          0       2573   sys.o
        18          0         24          4          0       3219   system_stm32f7xx.o
      4620          0          5          0       1280      23635   tasks.o
      1720         10         13          0        300      11303   timers.o
      1598          0         82          0          2      16336   tusb.o
       396          0          0          0       1165       9492   usart.o
       270          0          0          0        992       6537   usb_otg.o
     14538         46        328        120       1024      42751   usbh.o

    ----------------------------------------------------------------------
     90224        192      20344        444      34856     514291   Object Totals
         0          0         32          0          0          0   (incl. Generated)
      1084         20          1          2         15          0   (incl. Padding)

    ----------------------------------------------------------------------

      Code (inc. data)   RO Data    RW Data    ZI Data      Debug   Library Member Name

        58          0          0          0          0          0   __dczerorl.o
         0          0          0          0          0          0   entry.o
         0          0          0          0          0          0   entry10a.o
         0          0          0          0          0          0   entry11a.o
         8          4          0          0          0          0   entry2.o
         4          0          0          0          0          0   entry5.o
         0          0          0          0          0          0   entry7b.o
         0          0          0          0          0          0   entry8b.o
         8          4          0          0          0          0   entry9a.o
        30          0          0          0          0          0   handlers.o
        36          8          0          0          0         68   init.o
         0          0          0          0          0          0   iusefp.o
        30          0          0          0          0         68   llshl.o
        36          0          0          0          0         68   llsshr.o
        32          0          0          0          0         68   llushr.o
        26          0          0          0          0         80   memcmp.o
        36          0          0          0          0         68   memcpya.o
        36          0          0          0          0        108   memseta.o
      2258         90          0          0          0        452   printfa.o
         0          0          0          4          0          0   stdout.o
        44          0          0          0          0         80   uidiv.o
        98          0          0          0          0         92   uldiv.o
        48          0          0          0          0         68   cdrcmple.o
       334          0          0          0          0        148   dadd.o
       222          0          0          0          0        100   ddiv.o
       186          0          0          0          0        176   depilogue.o
        48          0          0          0          0         68   dfixul.o
       228          0          0          0          0         96   dmul.o

    ----------------------------------------------------------------------
      3816        106          0          4          0       1808   Library Totals
        10          0          0          0          0          0   (incl. Padding)

    ----------------------------------------------------------------------

      Code (inc. data)   RO Data    RW Data    ZI Data      Debug   Library Name

      2740        106          0          4          0       1152   mc_w.l
      1066          0          0          0          0        656   mf_w.l

    ----------------------------------------------------------------------
      3816        106          0          4          0       1808   Library Totals

    ----------------------------------------------------------------------

==============================================================================


      Code (inc. data)   RO Data    RW Data    ZI Data      Debug   

     94040        298      20344        448      34856     514567   Grand Totals
     94040        298      20344        216      34856     514567   ELF Image Totals (compressed)
     94040        298      20344        216          0          0   ROM Totals

==============================================================================

    Total RO  Size (Code + RO Data)               114384 ( 111.70kB)
    Total RW  Size (RW Data + ZI Data)             35304 (  34.48kB)
    Total ROM Size (Code + RO Data + RW Data)     114600 ( 111.91kB)

==============================================================================

