Component: Arm Compiler for Embedded 6.19 Tool: armlink [5e73cb00]

==============================================================================

Section Cross References

    startup_stm32f767xx.o(RESET) refers to startup_stm32f767xx.o(STACK) for __initial_sp
    startup_stm32f767xx.o(RESET) refers to startup_stm32f767xx.o(.text) for Reset_Handler
    startup_stm32f767xx.o(RESET) refers to stm32f7xx_it.o(.text.NMI_Handler) for NMI_Handler
    startup_stm32f767xx.o(RESET) refers to stm32f7xx_it.o(.text.HardFault_Handler) for HardFault_Handler
    startup_stm32f767xx.o(RESET) refers to stm32f7xx_it.o(.text.MemManage_Handler) for MemManage_Handler
    startup_stm32f767xx.o(RESET) refers to stm32f7xx_it.o(.text.BusFault_Handler) for BusFault_Handler
    startup_stm32f767xx.o(RESET) refers to stm32f7xx_it.o(.text.UsageFault_Handler) for UsageFault_Handler
    startup_stm32f767xx.o(RESET) refers to port.o(.text.SVC_Handler) for SVC_Handler
    startup_stm32f767xx.o(RESET) refers to stm32f7xx_it.o(.text.DebugMon_Handler) for DebugMon_Handler
    startup_stm32f767xx.o(RESET) refers to port.o(.text.PendSV_Handler) for PendSV_Handler
    startup_stm32f767xx.o(RESET) refers to port.o(.text.SysTick_Handler) for SysTick_Handler
    startup_stm32f767xx.o(RESET) refers to stm32f7xx_it.o(.text.USART1_IRQHandler) for USART1_IRQHandler
    startup_stm32f767xx.o(RESET) refers to stm32f7xx_it.o(.text.TIM6_DAC_IRQHandler) for TIM6_DAC_IRQHandler
    startup_stm32f767xx.o(RESET) refers to family.o(.text.OTG_FS_IRQHandler) for OTG_FS_IRQHandler
    startup_stm32f767xx.o(RESET) refers to family.o(.text.OTG_HS_IRQHandler) for OTG_HS_IRQHandler
    startup_stm32f767xx.o(.text) refers to system_stm32f7xx.o(.text.SystemInit) for SystemInit
    startup_stm32f767xx.o(.text) refers to entry.o(.ARM.Collect$$$$00000000) for __main
    main.o(.text.main) refers to lcd.o(.text.LCD_MPU_Config) for LCD_MPU_Config
    main.o(.text.main) refers to stm32f7xx_hal.o(.text.HAL_Init) for HAL_Init
    main.o(.text.main) refers to main.o(.text.SystemClock_Config) for SystemClock_Config
    main.o(.text.main) refers to gpio.o(.text.MX_GPIO_Init) for MX_GPIO_Init
    main.o(.text.main) refers to usart.o(.text.MX_USART1_UART_Init) for MX_USART1_UART_Init
    main.o(.text.main) refers to usb_otg.o(.text.MX_USB_OTG_FS_HCD_Init) for MX_USB_OTG_FS_HCD_Init
    main.o(.text.main) refers to lcd.o(.text.LCD_Init) for LCD_Init
    main.o(.text.main) refers to gpio.o(.text.LED_Init) for LED_Init
    main.o(.text.main) refers to app_init.o(.text.HID_EventQueue_Init) for HID_EventQueue_Init
    main.o(.text.main) refers to cmsis_os2.o(.text.osKernelInitialize) for osKernelInitialize
    main.o(.text.main) refers to freertos.o(.text.MX_FREERTOS_Init) for MX_FREERTOS_Init
    main.o(.text.main) refers to cmsis_os2.o(.text.osKernelStart) for osKernelStart
    main.o(.ARM.exidx.text.main) refers to main.o(.text.main) for [Anonymous Symbol]
    main.o(.text.SystemClock_Config) refers to stm32f7xx_hal_rcc.o(.text.HAL_RCC_OscConfig) for HAL_RCC_OscConfig
    main.o(.text.SystemClock_Config) refers to stm32f7xx_hal_pwr_ex.o(.text.HAL_PWREx_EnableOverDrive) for HAL_PWREx_EnableOverDrive
    main.o(.text.SystemClock_Config) refers to stm32f7xx_hal_rcc.o(.text.HAL_RCC_ClockConfig) for HAL_RCC_ClockConfig
    main.o(.text.SystemClock_Config) refers to stm32f7xx_hal_rcc.o(.text.HAL_RCC_EnableCSS) for HAL_RCC_EnableCSS
    main.o(.ARM.exidx.text.SystemClock_Config) refers to main.o(.text.SystemClock_Config) for [Anonymous Symbol]
    main.o(.ARM.exidx.text.Error_Handler) refers to main.o(.text.Error_Handler) for [Anonymous Symbol]
    main.o(.text.HAL_TIM_PeriodElapsedCallback) refers to stm32f7xx_hal.o(.text.HAL_IncTick) for HAL_IncTick
    main.o(.ARM.exidx.text.HAL_TIM_PeriodElapsedCallback) refers to main.o(.text.HAL_TIM_PeriodElapsedCallback) for [Anonymous Symbol]
    gpio.o(.text.LED_Init) refers to stm32f7xx_hal_gpio.o(.text.HAL_GPIO_Init) for HAL_GPIO_Init
    gpio.o(.text.LED_Init) refers to stm32f7xx_hal_gpio.o(.text.HAL_GPIO_WritePin) for HAL_GPIO_WritePin
    gpio.o(.ARM.exidx.text.LED_Init) refers to gpio.o(.text.LED_Init) for [Anonymous Symbol]
    gpio.o(.ARM.exidx.text.MX_GPIO_Init) refers to gpio.o(.text.MX_GPIO_Init) for [Anonymous Symbol]
    freertos.o(.text.MX_FREERTOS_Init) refers to freertos.o(.text.StartDefaultTask) for StartDefaultTask
    freertos.o(.text.MX_FREERTOS_Init) refers to freertos.o(.rodata.defaultTask_attributes) for defaultTask_attributes
    freertos.o(.text.MX_FREERTOS_Init) refers to cmsis_os2.o(.text.osThreadNew) for osThreadNew
    freertos.o(.text.MX_FREERTOS_Init) refers to freertos.o(.bss..L_MergedGlobals) for .L_MergedGlobals
    freertos.o(.text.MX_FREERTOS_Init) refers to freertos.o(.rodata.tinyUSBTask_attributes) for tinyUSBTask_attributes
    freertos.o(.text.MX_FREERTOS_Init) refers to freertos.o(.text.TinyUSB_Task) for TinyUSB_Task
    freertos.o(.text.MX_FREERTOS_Init) refers to freertos.o(.text.Game_Task) for Game_Task
[...]
    DMA2_Stream3_IRQHandler                  0x08000227   Thumb Code     0  startup_stm32f767xx.o(.text)
    DMA2_Stream4_IRQHandler                  0x08000227   Thumb Code     0  startup_stm32f767xx.o(.text)
    DMA2_Stream5_IRQHandler                  0x08000227   Thumb Code     0  startup_stm32f767xx.o(.text)
    DMA2_Stream6_IRQHandler                  0x08000227   Thumb Code     0  startup_stm32f767xx.o(.text)
    DMA2_Stream7_IRQHandler                  0x08000227   Thumb Code     0  startup_stm32f767xx.o(.text)
    ETH_IRQHandler                           0x08000227   Thumb Code     0  startup_stm32f767xx.o(.text)
    ETH_WKUP_IRQHandler                      0x08000227   Thumb Code     0  startup_stm32f767xx.o(.text)
    EXTI0_IRQHandler                         0x08000227   Thumb Code     0  startup_stm32f767xx.o(.text)
    EXTI15_10_IRQHandler                     0x08000227   Thumb Code     0  startup_stm32f767xx.o(.text)
    EXTI1_IRQHandler                         0x08000227   Thumb Code     0  startup_stm32f767xx.o(.text)
    EXTI2_IRQHandler                         0x08000227   Thumb Code     0  startup_stm32f767xx.o(.text)
    EXTI3_IRQHandler                         0x08000227   Thumb Code     0  startup_stm32f767xx.o(.text)
    EXTI4_IRQHandler                         0x08000227   Thumb Code     0  startup_stm32f767xx.o(.text)
    EXTI9_5_IRQHandler                       0x08000227   Thumb Code     0  startup_stm32f767xx.o(.text)
    FLASH_IRQHandler                         0x08000227   Thumb Code     0  startup_stm32f767xx.o(.text)
    FMC_IRQHandler                           0x08000227   Thumb Code     0  startup_stm32f767xx.o(.text)
    FPU_IRQHandler                           0x08000227   Thumb Code     0  startup_stm32f767xx.o(.text)
    I2C1_ER_IRQHandler                       0x08000227   Thumb Code     0  startup_stm32f767xx.o(.text)
    I2C1_EV_IRQHandler                       0x08000227   Thumb Code     0  startup_stm32f767xx.o(.text)
    I2C2_ER_IRQHandler                       0x08000227   Thumb Code     0  startup_stm32f767xx.o(.text)
    I2C2_EV_IRQHandler                       0x08000227   Thumb Code     0  startup_stm32f767xx.o(.text)
    I2C3_ER_IRQHandler                       0x08000227   Thumb Code     0  startup_stm32f767xx.o(.text)
    I2C3_EV_IRQHandler                       0x08000227   Thumb Code     0  startup_stm32f767xx.o(.text)
    I2C4_ER_IRQHandler                       0x08000227   Thumb Code     0  startup_stm32f767xx.o(.text)
    I2C4_EV_IRQHandler                       0x08000227   Thumb Code     0  startup_stm32f767xx.o(.text)
    JPEG_IRQHandler                          0x08000227   Thumb Code     0  startup_stm32f767xx.o(.text)
    LPTIM1_IRQHandler                        0x08000227   Thumb Code     0  startup_stm32f767xx.o(.text)
    LTDC_ER_IRQHandler                       0x08000227   Thumb Code     0  startup_stm32f767xx.o(.text)
    LTDC_IRQHandler                          0x08000227   Thumb Code     0  startup_stm32f767xx.o(.text)
    MDIOS_IRQHandler                         0x08000227   Thumb Code     0  startup_stm32f767xx.o(.text)
    OTG_FS_WKUP_IRQHandler                   0x08000227   Thumb Code     0  startup_stm32f767xx.o(.text)
    OTG_HS_EP1_IN_IRQHandler                 0x08000227   Thumb Code     0  startup_stm32f767xx.o(.text)
    OTG_HS_EP1_OUT_IRQHandler                0x08000227   Thumb Code     0  startup_stm32f767xx.o(.text)
    OTG_HS_WKUP_IRQHandler                   0x08000227   Thumb Code     0  startup_stm32f767xx.o(.text)
    PVD_IRQHandler                           0x08000227   Thumb Code     0  startup_stm32f767xx.o(.text)
    QUADSPI_IRQHandler                       0x08000227   Thumb Code     0  startup_stm32f767xx.o(.text)
    RCC_IRQHandler                           0x08000227   Thumb Code     0  startup_stm32f767xx.o(.text)
    RNG_IRQHandler                           0x08000227   Thumb Code     0  startup_stm32f767xx.o(.text)
    RTC_Alarm_IRQHandler                     0x08000227   Thumb Code     0  startup_stm32f767xx.o(.text)
    RTC_WKUP_IRQHandler                      0x08000227   Thumb Code     0  startup_stm32f767xx.o(.text)
    SAI1_IRQHandler                          0x08000227   Thumb Code     0  startup_stm32f767xx.o(.text)
    SAI2_IRQHandler                          0x08000227   Thumb Code     0  startup_stm32f767xx.o(.text)
    SDMMC1_IRQHandler                        0x08000227   Thumb Code     0  startup_stm32f767xx.o(.text)
    SDMMC2_IRQHandler                        0x08000227   Thumb Code     0  startup_stm32f767xx.o(.text)
    SPDIF_RX_IRQHandler                      0x08000227   Thumb Code     0  startup_stm32f767xx.o(.text)
    SPI1_IRQHandler                          0x08000227   Thumb Code     0  startup_stm32f767xx.o(.text)
    SPI2_IRQHandler                          0x08000227   Thumb Code     0  startup_stm32f767xx.o(.text)
    SPI3_IRQHandler                          0x08000227   Thumb Code     0  startup_stm32f767xx.o(.text)
    SPI4_IRQHandler                          0x08000227   Thumb Code     0  startup_stm32f767xx.o(.text)
    SPI5_IRQHandler                          0x08000227   Thumb Code     0  startup_stm32f767xx.o(.text)
    SPI6_IRQHandler                          0x08000227   Thumb Code     0  startup_stm32f767xx.o(.text)
    TAMP_STAMP_IRQHandler                    0x08000227   Thumb Code     0  startup_stm32f767xx.o(.text)
    TIM1_BRK_TIM9_IRQHandler                 0x08000227   Thumb Code     0  startup_stm32f767xx.o(.text)
    TIM1_CC_IRQHandler                       0x08000227   Thumb Code     0  startup_stm32f767xx.o(.text)
    TIM1_TRG_COM_TIM11_IRQHandler            0x08000227   Thumb Code     0  startup_stm32f767xx.o(.text)
    TIM1_UP_TIM10_IRQHandler                 0x08000227   Thumb Code     0  startup_stm32f767xx.o(.text)
    TIM2_IRQHandler                          0x08000227   Thumb Code     0  startup_stm32f767xx.o(.text)
    TIM3_IRQHandler                          0x08000227   Thumb Code     0  startup_stm32f767xx.o(.text)
    TIM4_IRQHandler                          0x08000227   Thumb Code     0  startup_stm32f767xx.o(.text)
    TIM5_IRQHandler                          0x08000227   Thumb Code     0  startup_stm32f767xx.o(.text)
    TIM7_IRQHandler                          0x08000227   Thumb Code     0  startup_stm32f767xx.o(.text)
    TIM8_BRK_TIM12_IRQHandler                0x08000227   Thumb Code     0  startup_stm32f767xx.o(.text)
    TIM8_CC_IRQHandler                       0x08000227   Thumb Code     0  startup_stm32f767xx.o(.text)
    TIM8_TRG_COM_TIM14_IRQHandler            0x08000227   Thumb Code     0  startup_stm32f767xx.o(.text)
    TIM8_UP_TIM13_IRQHandler                 0x08000227   Thumb Code     0  startup_stm32f767xx.o(.text)
    UART4_IRQHandler                         0x08000227   Thumb Code     0  startup_stm32f767xx.o(.text)
    UART5_IRQHandler                         0x08000227   Thumb Code     0  startup_stm32f767xx.o(.text)
    UART7_IRQHandler                         0x08000227   Thumb Code     0  startup_stm32f767xx.o(.text)
    UART8_IRQHandler                         0x08000227   Thumb Code     0  startup_stm32f767xx.o(.text)
    USART2_IRQHandler                        0x08000227   Thumb Code     0  startup_stm32f767xx.o(.text)
    USART3_IRQHandler                        0x08000227   Thumb Code     0  startup_stm32f767xx.o(.text)
    USART6_IRQHandler                        0x08000227   Thumb Code     0  startup_stm32f767xx.o(.text)
    WWDG_IRQHandler                          0x08000227   Thumb Code     0  startup_stm32f767xx.o(.text)
    __aeabi_uldivmod                         0x08000231   Thumb Code    98  uldiv.o(.text)
    __aeabi_memcpy                           0x08000293   Thumb Code    36  memcpya.o(.text)
    __aeabi_memcpy4                          0x08000293   Thumb Code     0  memcpya.o(.text)
    __aeabi_memcpy8                          0x08000293   Thumb Code     0  memcpya.o(.text)
    __aeabi_memset                           0x080002b7   Thumb Code    14  memseta.o(.text)
    __aeabi_memset4                          0x080002b7   Thumb Code     0  memseta.o(.text)
    __aeabi_memset8                          0x080002b7   Thumb Code     0  memseta.o(.text)
    __aeabi_memclr                           0x080002c5   Thumb Code     4  memseta.o(.text)
    __aeabi_memclr4                          0x080002c5   Thumb Code     0  memseta.o(.text)
    __aeabi_memclr8                          0x080002c5   Thumb Code     0  memseta.o(.text)
    _memset$wrapper                          0x080002c9   Thumb Code    18  memseta.o(.text)
    memcmp                                   0x080002db   Thumb Code    26  memcmp.o(.text)
    __aeabi_llsl                             0x080002f5   Thumb Code    30  llshl.o(.text)
    _ll_shift_l                              0x080002f5   Thumb Code     0  llshl.o(.text)
    __aeabi_llsr                             0x08000313   Thumb Code    32  llushr.o(.text)
    _ll_ushift_r                             0x08000313   Thumb Code     0  llushr.o(.text)
    __scatterload                            0x08000335   Thumb Code    28  init.o(.text)
    __scatterload_rt2                        0x08000335   Thumb Code     0  init.o(.text)
    BusFault_Handler                         0x08000359   Thumb Code     2  stm32f7xx_it.o(.text.BusFault_Handler)
    DebugMon_Handler                         0x08000361   Thumb Code     2  stm32f7xx_it.o(.text.DebugMon_Handler)
    Error_Handler                            0x08000369   Thumb Code    10  main.o(.text.Error_Handler)
    FMC_NORSRAM_Extended_Timing_Init         0x08000379   Thumb Code    72  stm32f7xx_ll_fmc.o(.text.FMC_NORSRAM_Extended_Timing_Init)
    FMC_NORSRAM_Init                         0x080003c1   Thumb Code   142  stm32f7xx_ll_fmc.o(.text.FMC_NORSRAM_Init)
    FMC_NORSRAM_Timing_Init                  0x08000451   Thumb Code    90  stm32f7xx_ll_fmc.o(.text.FMC_NORSRAM_Timing_Init)
    Game_Task                                0x080004b1   Thumb Code   684  freertos.o(.text.Game_Task)
    HAL_DMA_Abort                            0x080007b9   Thumb Code   142  stm32f7xx_hal_dma.o(.text.HAL_DMA_Abort)
    HAL_DMA_Abort_IT                         0x08000849   Thumb Code    36  stm32f7xx_hal_dma.o(.text.HAL_DMA_Abort_IT)
    HAL_Delay                                0x08000871   Thumb Code    40  stm32f7xx_hal.o(.text.HAL_Delay)
    HAL_GPIO_Init                            0x08000899   Thumb Code   422  stm32f7xx_hal_gpio.o(.text.HAL_GPIO_Init)
    HAL_GPIO_WritePin                        0x08000a41   Thumb Code    10  stm32f7xx_hal_gpio.o(.text.HAL_GPIO_WritePin)
    HAL_GetTick                              0x08000a51   Thumb Code    12  stm32f7xx_hal.o(.text.HAL_GetTick)
    HAL_HCD_Init                             0x08000a61   Thumb Code   172  stm32f7xx_hal_hcd.o(.text.HAL_HCD_Init)
    HAL_HCD_MspInit                          0x08000b11   Thumb Code   176  usb_otg.o(.text.HAL_HCD_MspInit)
    HAL_IncTick                              0x08000bc1   Thumb Code    26  stm32f7xx_hal.o(.text.HAL_IncTick)
    HAL_Init                                 0x08000be1   Thumb Code    22  stm32f7xx_hal.o(.text.HAL_Init)
    HAL_InitTick                             0x08000bf9   Thumb Code   188  stm32f7xx_hal_timebase_tim.o(.text.HAL_InitTick)
    HAL_MPU_ConfigRegion                     0x08000cb9   Thumb Code    94  stm32f7xx_hal_cortex.o(.text.HAL_MPU_ConfigRegion)
    HAL_MPU_Disable                          0x08000d19   Thumb Code    26  stm32f7xx_hal_cortex.o(.text.HAL_MPU_Disable)
    HAL_MPU_Enable                           0x08000d39   Thumb Code    32  stm32f7xx_hal_cortex.o(.text.HAL_MPU_Enable)
    HAL_MspInit                              0x08000d59   Thumb Code    60  stm32f7xx_hal_msp.o(.text.HAL_MspInit)
    HAL_NVIC_EnableIRQ                       0x08000d99   Thumb Code    38  stm32f7xx_hal_cortex.o(.text.HAL_NVIC_EnableIRQ)
    HAL_NVIC_SetPriority                     0x08000dc1   Thumb Code    90  stm32f7xx_hal_cortex.o(.text.HAL_NVIC_SetPriority)
    HAL_NVIC_SetPriorityGrouping             0x08000e21   Thumb Code    32  stm32f7xx_hal_cortex.o(.text.HAL_NVIC_SetPriorityGrouping)
    HAL_PWREx_EnableOverDrive                0x08000e41   Thumb Code   118  stm32f7xx_hal_pwr_ex.o(.text.HAL_PWREx_EnableOverDrive)
    HAL_RCCEx_PeriphCLKConfig                0x08000eb9   Thumb Code  1490  stm32f7xx_hal_rcc_ex.o(.text.HAL_RCCEx_PeriphCLKConfig)
    HAL_RCC_CSSCallback                      0x08001491   Thumb Code     2  stm32f7xx_hal_rcc.o(.text.HAL_RCC_CSSCallback)
    HAL_RCC_ClockConfig                      0x08001499   Thumb Code   490  stm32f7xx_hal_rcc.o(.text.HAL_RCC_ClockConfig)
    HAL_RCC_EnableCSS                        0x08001689   Thumb Code    18  stm32f7xx_hal_rcc.o(.text.HAL_RCC_EnableCSS)
    HAL_RCC_GetClockConfig                   0x080016a1   Thumb Code    62  stm32f7xx_hal_rcc.o(.text.HAL_RCC_GetClockConfig)
    HAL_RCC_GetPCLK1Freq                     0x080016e1   Thumb Code    38  stm32f7xx_hal_rcc.o(.text.HAL_RCC_GetPCLK1Freq)
    HAL_RCC_GetPCLK2Freq                     0x08001709   Thumb Code    38  stm32f7xx_hal_rcc.o(.text.HAL_RCC_GetPCLK2Freq)
    HAL_RCC_GetSysClockFreq                  0x08001731   Thumb Code   110  stm32f7xx_hal_rcc.o(.text.HAL_RCC_GetSysClockFreq)
    HAL_RCC_NMI_IRQHandler                   0x080017a1   Thumb Code    28  stm32f7xx_hal_rcc.o(.text.HAL_RCC_NMI_IRQHandler)
    HAL_RCC_OscConfig                        0x080017c1   Thumb Code   920  stm32f7xx_hal_rcc.o(.text.HAL_RCC_OscConfig)
    HAL_SRAM_Init                            0x08001b59   Thumb Code    92  stm32f7xx_hal_sram.o(.text.HAL_SRAM_Init)
    HAL_SRAM_MspInit                         0x08001bb9   Thumb Code   126  lcd.o(.text.HAL_SRAM_MspInit)
    HAL_TIMEx_Break2Callback                 0x08001c39   Thumb Code     2  stm32f7xx_hal_tim_ex.o(.text.HAL_TIMEx_Break2Callback)
    HAL_TIMEx_BreakCallback                  0x08001c41   Thumb Code     2  stm32f7xx_hal_tim_ex.o(.text.HAL_TIMEx_BreakCallback)
    HAL_TIMEx_CommutCallback                 0x08001c49   Thumb Code     2  stm32f7xx_hal_tim_ex.o(.text.HAL_TIMEx_CommutCallback)
    HAL_TIM_Base_Init                        0x08001c51   Thumb Code    96  stm32f7xx_hal_tim.o(.text.HAL_TIM_Base_Init)
    HAL_TIM_Base_MspInit                     0x08001cb1   Thumb Code     2  stm32f7xx_hal_tim.o(.text.HAL_TIM_Base_MspInit)
    HAL_TIM_Base_Start_IT                    0x08001cb9   Thumb Code   180  stm32f7xx_hal_tim.o(.text.HAL_TIM_Base_Start_IT)
    HAL_TIM_IC_CaptureCallback               0x08001d71   Thumb Code     2  stm32f7xx_hal_tim.o(.text.HAL_TIM_IC_CaptureCallback)
    HAL_TIM_IRQHandler                       0x08001d79   Thumb Code   364  stm32f7xx_hal_tim.o(.text.HAL_TIM_IRQHandler)
    HAL_TIM_OC_DelayElapsedCallback          0x08001ee9   Thumb Code     2  stm32f7xx_hal_tim.o(.text.HAL_TIM_OC_DelayElapsedCallback)
    HAL_TIM_PWM_PulseFinishedCallback        0x08001ef1   Thumb Code     2  stm32f7xx_hal_tim.o(.text.HAL_TIM_PWM_PulseFinishedCallback)
    HAL_TIM_PeriodElapsedCallback            0x08001ef9   Thumb Code    20  main.o(.text.HAL_TIM_PeriodElapsedCallback)
    HAL_TIM_TriggerCallback                  0x08001f11   Thumb Code     2  stm32f7xx_hal_tim.o(.text.HAL_TIM_TriggerCallback)
    HAL_UARTEx_RxEventCallback               0x08001f19   Thumb Code     2  stm32f7xx_hal_uart.o(.text.HAL_UARTEx_RxEventCallback)
    HAL_UARTEx_WakeupCallback                0x08001f21   Thumb Code     2  stm32f7xx_hal_uart.o(.text.HAL_UARTEx_WakeupCallback)
    HAL_UART_ErrorCallback                   0x08001f29   Thumb Code     2  stm32f7xx_hal_uart.o(.text.HAL_UART_ErrorCallback)
    HAL_UART_IRQHandler                      0x08001f31   Thumb Code  1590  stm32f7xx_hal_uart.o(.text.HAL_UART_IRQHandler)
    HAL_UART_Init                            0x08002569   Thumb Code   100  stm32f7xx_hal_uart.o(.text.HAL_UART_Init)
    HAL_UART_MspInit                         0x080025d1   Thumb Code   148  usart.o(.text.HAL_UART_MspInit)
    HAL_UART_Receive_IT                      0x08002669   Thumb Code   152  stm32f7xx_hal_uart.o(.text.HAL_UART_Receive_IT)
    HAL_UART_RxCpltCallback                  0x08002701   Thumb Code    56  usart.o(.text.HAL_UART_RxCpltCallback)
    HAL_UART_Transmit                        0x08002739   Thumb Code   402  stm32f7xx_hal_uart.o(.text.HAL_UART_Transmit)
    HAL_UART_TxCpltCallback                  0x080028d1   Thumb Code     2  stm32f7xx_hal_uart.o(.text.HAL_UART_TxCpltCallback)
    HID_EventQueue_Init                      0x080028d9   Thumb Code    50  app_init.o(.text.HID_EventQueue_Init)
    HardFault_Handler                        0x08002911   Thumb Code     2  stm32f7xx_it.o(.text.HardFault_Handler)
    LCD_Clear                                0x08002919   Thumb Code    92  lcd.o(.text.LCD_Clear)
    LCD_Display_Dir                          0x08002979   Thumb Code   270  lcd.o(.text.LCD_Display_Dir)
    LCD_Fast_DrawPoint                       0x08002a89   Thumb Code   612  lcd.o(.text.LCD_Fast_DrawPoint)
    LCD_Init                                 0x08002cf1   Thumb Code 25638  lcd.o(.text.LCD_Init)
    LCD_MPU_Config                           0x08009119   Thumb Code    50  lcd.o(.text.LCD_MPU_Config)
    LCD_Scan_Dir                             0x08009151   Thumb Code   752  lcd.o(.text.LCD_Scan_Dir)
    LCD_SetCursor                            0x08009451   Thumb Code   630  lcd.o(.text.LCD_SetCursor)
    LCD_ShowChar                             0x080096c9   Thumb Code  1330  lcd.o(.text.LCD_ShowChar)
    LCD_ShowString                           0x08009c01   Thumb Code   112  lcd.o(.text.LCD_ShowString)
    LED_Init                                 0x08009c71   Thumb Code    82  gpio.o(.text.LED_Init)
    MX_FREERTOS_Init                         0x08009cc9   Thumb Code    84  freertos.o(.text.MX_FREERTOS_Init)
    MX_GPIO_Init                             0x08009d21   Thumb Code   158  gpio.o(.text.MX_GPIO_Init)
    MX_USART1_UART_Init                      0x08009dc1   Thumb Code    82  usart.o(.text.MX_USART1_UART_Init)
    MX_USB_OTG_FS_HCD_Init                   0x08009e19   Thumb Code    50  usb_otg.o(.text.MX_USB_OTG_FS_HCD_Init)
    MemManage_Handler                        0x08009e51   Thumb Code     2  stm32f7xx_it.o(.text.MemManage_Handler)
    NMI_Handler                              0x08009e59   Thumb Code     6  stm32f7xx_it.o(.text.NMI_Handler)
    OTG_FS_IRQHandler                        0x08009e61   Thumb Code     8  family.o(.text.OTG_FS_IRQHandler)
    OTG_HS_IRQHandler                        0x08009e69   Thumb Code     8  family.o(.text.OTG_HS_IRQHandler)
    PendSV_Handler                           0x08009e71   Thumb Code   100  port.o(.text.PendSV_Handler)
    SVC_Handler                              0x08009ee1   Thumb Code    36  port.o(.text.SVC_Handler)
    StartDefaultTask                         0x08009f09   Thumb Code     8  freertos.o(.text.StartDefaultTask)
    SysTick_Handler                          0x08009f11   Thumb Code    50  port.o(.text.SysTick_Handler)
    SystemClock_Config                       0x08009f49   Thumb Code   200  main.o(.text.SystemClock_Config)
    SystemInit                               0x0800a011   Thumb Code    18  system_stm32f7xx.o(.text.SystemInit)
    TIM6_DAC_IRQHandler                      0x0800a029   Thumb Code    12  stm32f7xx_it.o(.text.TIM6_DAC_IRQHandler)
    TIM_Base_SetConfig                       0x0800a039   Thumb Code   328  stm32f7xx_hal_tim.o(.text.TIM_Base_SetConfig)
    TinyUSB_Task                             0x0800a181   Thumb Code    42  freertos.o(.text.TinyUSB_Task)
    UART_AdvFeatureConfig                    0x0800a1b1   Thumb Code   224  stm32f7xx_hal_uart.o(.text.UART_AdvFeatureConfig)
    UART_CheckIdleState                      0x0800a291   Thumb Code   372  stm32f7xx_hal_uart.o(.text.UART_CheckIdleState)
    UART_SetConfig                           0x0800a791   Thumb Code   572  stm32f7xx_hal_uart.o(.text.UART_SetConfig)
    UART_Start_Receive_IT                    0x0800a9d1   Thumb Code   374  stm32f7xx_hal_uart.o(.text.UART_Start_Receive_IT)
    UART_WaitOnFlagUntilTimeout              0x0800ab49   Thumb Code   856  stm32f7xx_hal_uart.o(.text.UART_WaitOnFlagUntilTimeout)
    USART1_IRQHandler                        0x0800aea1   Thumb Code    12  stm32f7xx_it.o(.text.USART1_IRQHandler)
    USB_CoreInit                             0x0800aeb1   Thumb Code   614  stm32f7xx_ll_usb.o(.text.USB_CoreInit)
    USB_DisableGlobalInt                     0x0800b119   Thumb Code    14  stm32f7xx_ll_usb.o(.text.USB_DisableGlobalInt)
    USB_HostInit                             0x0800b129   Thumb Code   660  stm32f7xx_ll_usb.o(.text.USB_HostInit)
    USB_SetCurrentMode                       0x0800b3c1   Thumb Code   872  stm32f7xx_ll_usb.o(.text.USB_SetCurrentMode)
    UsageFault_Handler                       0x0800b729   Thumb Code     2  stm32f7xx_it.o(.text.UsageFault_Handler)
    board_init                               0x0800b739   Thumb Code   168  family.o(.text.board_init)
    delay_ms                                 0x0800bbb9   Thumb Code   174  sys.o(.text.delay_ms)
    delay_us                                 0x0800bc69   Thumb Code    82  sys.o(.text.delay_us)
    dfifo_read_packet                        0x0800bcc1   Thumb Code   174  dwc2_common.o(.text.dfifo_read_packet)
    dfifo_write_packet                       0x0800bd71   Thumb Code   160  dwc2_common.o(.text.dfifo_write_packet)
    dwc2_core_init                           0x0800be11   Thumb Code  1028  dwc2_common.o(.text.dwc2_core_init)
    dwc2_core_is_highspeed                   0x0800c251   Thumb Code    20  dwc2_common.o(.text.dwc2_core_is_highspeed)
    fputc                                    0x0800c579   Thumb Code    32  usart.o(.text.fputc)
    hcd_device_close                         0x0800c6d1   Thumb Code   486  hcd_dwc2.o(.text.hcd_device_close)
    hcd_edpt_abort_xfer                      0x0800c8b9   Thumb Code  2664  hcd_dwc2.o(.text.hcd_edpt_abort_xfer)
    hcd_edpt_open                            0x0800d321   Thumb Code   784  hcd_dwc2.o(.text.hcd_edpt_open)
    hcd_edpt_xfer                            0x0800d641   Thumb Code  1760  hcd_dwc2.o(.text.hcd_edpt_xfer)
    hcd_event_handler                        0x0800dd31   Thumb Code   194  usbh.o(.text.hcd_event_handler)
    hcd_init                                 0x0800ddf9   Thumb Code   340  hcd_dwc2.o(.text.hcd_init)
    hcd_int_enable                           0x0800df69   Thumb Code    46  hcd_dwc2.o(.text.hcd_int_enable)
    hcd_int_handler                          0x0800df99   Thumb Code  3948  hcd_dwc2.o(.text.hcd_int_handler)
    hcd_port_connect_status                  0x0800ef31   Thumb Code    28  hcd_dwc2.o(.text.hcd_port_connect_status)
    hcd_port_reset                           0x0800ef51   Thumb Code    36  hcd_dwc2.o(.text.hcd_port_reset)
    hcd_port_reset_end                       0x0800ef79   Thumb Code    32  hcd_dwc2.o(.text.hcd_port_reset_end)
    hcd_port_speed_get                       0x0800ef99   Thumb Code    68  hcd_dwc2.o(.text.hcd_port_speed_get)
    hcd_setup_send                           0x0800efe1   Thumb Code   632  hcd_dwc2.o(.text.hcd_setup_send)
    hid_parse_report                         0x0800f269   Thumb Code    76  hid_report_parser.o(.text.hid_parse_report)
    hidh_close                               0x0800f2d9   Thumb Code   476  hid_host.o(.text.hidh_close)
    hidh_deinit                              0x0800f4b9   Thumb Code     4  hid_host.o(.text.hidh_deinit)
    hidh_init                                0x0800f4c1   Thumb Code    20  hid_host.o(.text.hidh_init)
    hidh_open                                0x0800f4d9   Thumb Code   612  hid_host.o(.text.hidh_open)
    hidh_set_config                          0x0800f741   Thumb Code    36  hid_host.o(.text.hidh_set_config)
    hidh_xfer_cb                             0x0800f769   Thumb Code   484  hid_host.o(.text.hidh_xfer_cb)
    hub_close                                0x0800f951   Thumb Code    34  hub.o(.text.hub_close)
    hub_deinit                               0x0800f979   Thumb Code     4  hub.o(.text.hub_deinit)
    hub_edpt_status_xfer                     0x0800f981   Thumb Code    80  hub.o(.text.hub_edpt_status_xfer)
    hub_init                                 0x0800f9d1   Thumb Code    18  hub.o(.text.hub_init)
    hub_open                                 0x0800f9e9   Thumb Code   222  hub.o(.text.hub_open)
    hub_port_clear_feature                   0x0800fac9   Thumb Code   110  hub.o(.text.hub_port_clear_feature)
    hub_port_get_status                      0x0800fb39   Thumb Code   122  hub.o(.text.hub_port_get_status)
    hub_port_get_status_local                0x0800fbb9   Thumb Code    22  hub.o(.text.hub_port_get_status_local)
    hub_port_set_feature                     0x0800fbd1   Thumb Code   110  hub.o(.text.hub_port_set_feature)
    hub_set_config                           0x0800fc41   Thumb Code   190  hub.o(.text.hub_set_config)
    hub_xfer_cb                              0x0800fd01   Thumb Code   424  hub.o(.text.hub_xfer_cb)
    main                                     0x0800feb9   Thumb Code    50  main.o(.text.main)
    osDelay                                  0x0800fef1   Thumb Code    76  cmsis_os2.o(.text.osDelay)
    osKernelInitialize                       0x0800ff41   Thumb Code    90  cmsis_os2.o(.text.osKernelInitialize)
    osKernelStart                            0x0800ffa1   Thumb Code    98  cmsis_os2.o(.text.osKernelStart)
    osThreadNew                              0x08010009   Thumb Code   242  cmsis_os2.o(.text.osThreadNew)
    pvPortMalloc                             0x08011929   Thumb Code   518  heap_4.o(.text.pvPortMalloc)
    pvTaskIncrementMutexHeldCount            0x08011b31   Thumb Code    24  tasks.o(.text.pvTaskIncrementMutexHeldCount)
    pxPortInitialiseStack                    0x08011b49   Thumb Code    44  port.o(.text.pxPortInitialiseStack)
    tu_bind_driver_to_ep_itf                 0x08011cc1   Thumb Code   136  tusb.o(.text.tu_bind_driver_to_ep_itf)
    tu_edpt_claim                            0x08011d69   Thumb Code    78  tusb.o(.text.tu_edpt_claim)
    tu_edpt_release                          0x08011db9   Thumb Code    66  tusb.o(.text.tu_edpt_release)
    tu_edpt_validate                         0x08011e01   Thumb Code   282  tusb.o(.text.tu_edpt_validate)
    tuh_address_set                          0x08011f21   Thumb Code    92  usbh.o(.text.tuh_address_set)
    tuh_bus_info_get                         0x08011f91   Thumb Code    38  usbh.o(.text.tuh_bus_info_get)
    tuh_configuration_set                    0x08011fb9   Thumb Code    50  usbh.o(.text.tuh_configuration_set)
    tuh_control_xfer                         0x08011ff1   Thumb Code   592  usbh.o(.text.tuh_control_xfer)
    tuh_descriptor_get_configuration         0x08012241   Thumb Code    64  usbh.o(.text.tuh_descriptor_get_configuration)
    tuh_descriptor_get_device                0x08012281   Thumb Code    62  usbh.o(.text.tuh_descriptor_get_device)
    tuh_descriptor_get_hid_report            0x080122c1   Thumb Code    68  usbh.o(.text.tuh_descriptor_get_hid_report)
    tuh_descriptor_get_string                0x08012309   Thumb Code    66  usbh.o(.text.tuh_descriptor_get_string)
    tuh_edpt_abort_xfer                      0x08012351   Thumb Code   192  usbh.o(.text.tuh_edpt_abort_xfer)
    tuh_edpt_open                            0x08012411   Thumb Code   164  usbh.o(.text.tuh_edpt_open)
    tuh_enum_descriptor_configuration_cb     0x08012509   Thumb Code     4  usbh.o(.text.tuh_enum_descriptor_configuration_cb)
    tuh_enum_descriptor_device_cb            0x08012511   Thumb Code     2  usbh.o(.text.tuh_enum_descriptor_device_cb)
    tuh_event_hook_cb                        0x08012519   Thumb Code     2  usbh.o(.text.tuh_event_hook_cb)
    tuh_hid_itf_get_index                    0x08012521   Thumb Code   264  hid_host.o(.text.tuh_hid_itf_get_index)
    tuh_hid_mount_cb                         0x08012629   Thumb Code   236  hid_app.o(.text.tuh_hid_mount_cb)
    tuh_hid_receive_report                   0x08012769   Thumb Code   154  hid_host.o(.text.tuh_hid_receive_report)
    tuh_hid_report_received_cb               0x08012809   Thumb Code   724  hid_app.o(.text.tuh_hid_report_received_cb)
    tuh_hid_report_sent_cb                   0x08012b91   Thumb Code     2  hid_host.o(.text.tuh_hid_report_sent_cb)
    tuh_hid_umount_cb                        0x08012b99   Thumb Code    52  hid_app.o(.text.tuh_hid_umount_cb)
    tuh_mount_cb                             0x08012c09   Thumb Code     2  usbh.o(.text.tuh_mount_cb)
    tuh_rhport_init                          0x08012c11   Thumb Code   522  usbh.o(.text.tuh_rhport_init)
    tuh_task_ext                             0x08012e21   Thumb Code   840  usbh.o(.text.tuh_task_ext)
    tuh_umount_cb                            0x08013179   Thumb Code     2  usbh.o(.text.tuh_umount_cb)
    tuh_vid_pid_get                          0x08013181   Thumb Code    68  usbh.o(.text.tuh_vid_pid_get)
    tusb_int_handler                         0x080131c9   Thumb Code    26  tusb.o(.text.tusb_int_handler)
    tusb_rhport_init                         0x080131e9   Thumb Code   130  tusb.o(.text.tusb_rhport_init)
    tusb_time_delay_ms_api                   0x08013271   Thumb Code    24  tusb.o(.text.tusb_time_delay_ms_api)
    usbh_app_driver_get_cb                   0x08013289   Thumb Code    10  usbh.o(.text.usbh_app_driver_get_cb)
    usbh_driver_set_config_complete          0x08013711   Thumb Code   616  usbh.o(.text.usbh_driver_set_config_complete)
    usbh_edpt_claim                          0x08013979   Thumb Code   112  usbh.o(.text.usbh_edpt_claim)
    usbh_edpt_release                        0x08013a39   Thumb Code    64  usbh.o(.text.usbh_edpt_release)
    usbh_edpt_xfer_with_callback             0x08013a79   Thumb Code   178  usbh.o(.text.usbh_edpt_xfer_with_callback)
    usbh_get_enum_buf                        0x08013b31   Thumb Code    12  usbh.o(.text.usbh_get_enum_buf)
    usbh_get_rhport                          0x08013b41   Thumb Code    34  usbh.o(.text.usbh_get_rhport)
    uxListRemove                             0x08013b69   Thumb Code    42  list.o(.text.uxListRemove)
    uxQueueMessagesWaiting                   0x08013b99   Thumb Code    42  queue.o(.text.uxQueueMessagesWaiting)
    vApplicationGetIdleTaskMemory            0x08013bc9   Thumb Code    26  cmsis_os2.o(.text.vApplicationGetIdleTaskMemory)
    vApplicationGetTimerTaskMemory           0x08013be9   Thumb Code    28  cmsis_os2.o(.text.vApplicationGetTimerTaskMemory)
    vListInitialise                          0x08013c09   Thumb Code    22  list.o(.text.vListInitialise)
    vListInitialiseItem                      0x08013c21   Thumb Code     6  list.o(.text.vListInitialiseItem)
    vListInsert                              0x08013c29   Thumb Code    98  list.o(.text.vListInsert)
    vListInsertEnd                           0x08013c91   Thumb Code    28  list.o(.text.vListInsertEnd)
    vPortEnterCritical                       0x08013cc9   Thumb Code    82  port.o(.text.vPortEnterCritical)
    vPortExitCritical                        0x08013d21   Thumb Code    50  port.o(.text.vPortExitCritical)
    vPortFree                                0x08013d59   Thumb Code   216  heap_4.o(.text.vPortFree)
    vPortSetupTimerInterrupt                 0x08013e31   Thumb Code    52  port.o(.text.vPortSetupTimerInterrupt)
    vPortValidateInterruptPriority           0x08013e69   Thumb Code   102  port.o(.text.vPortValidateInterruptPriority)
    vQueueAddToRegistry                      0x08013ed1   Thumb Code   176  queue.o(.text.vQueueAddToRegistry)
    vQueueWaitForMessageRestricted           0x08013f81   Thumb Code   100  queue.o(.text.vQueueWaitForMessageRestricted)
    vTaskDelay                               0x08013fe9   Thumb Code   132  tasks.o(.text.vTaskDelay)
    vTaskInternalSetTimeOutState             0x08014071   Thumb Code    18  tasks.o(.text.vTaskInternalSetTimeOutState)
    vTaskMissedYield                         0x08014089   Thumb Code    14  tasks.o(.text.vTaskMissedYield)
    vTaskPlaceOnEventList                    0x08014099   Thumb Code   120  tasks.o(.text.vTaskPlaceOnEventList)
    vTaskPlaceOnEventListRestricted          0x08014111   Thumb Code   126  tasks.o(.text.vTaskPlaceOnEventListRestricted)
    vTaskPriorityDisinheritAfterTimeout      0x08014191   Thumb Code   170  tasks.o(.text.vTaskPriorityDisinheritAfterTimeout)
    vTaskStartScheduler                      0x08014241   Thumb Code   252  tasks.o(.text.vTaskStartScheduler)
    vTaskSuspendAll                          0x08014349   Thumb Code    16  tasks.o(.text.vTaskSuspendAll)
    vTaskSwitchContext                       0x08014359   Thumb Code   192  tasks.o(.text.vTaskSwitchContext)
    xPortStartScheduler                      0x08014419   Thumb Code   330  port.o(.text.xPortStartScheduler)
    xQueueCreateMutexStatic                  0x08014569   Thumb Code   170  queue.o(.text.xQueueCreateMutexStatic)
    xQueueGenericCreate                      0x08014619   Thumb Code   146  queue.o(.text.xQueueGenericCreate)
    xQueueGenericCreateStatic                0x080146b1   Thumb Code   246  queue.o(.text.xQueueGenericCreateStatic)
    xQueueGenericSend                        0x080147a9   Thumb Code   590  queue.o(.text.xQueueGenericSend)
    xQueueGenericSendFromISR                 0x080149f9   Thumb Code   360  queue.o(.text.xQueueGenericSendFromISR)
    xQueueReceive                            0x08014b61   Thumb Code   430  queue.o(.text.xQueueReceive)
    xQueueSemaphoreTake                      0x08014d11   Thumb Code   490  queue.o(.text.xQueueSemaphoreTake)
    xTaskCheckForTimeOut                     0x08014f01   Thumb Code   170  tasks.o(.text.xTaskCheckForTimeOut)
    xTaskCreate                              0x08014fb1   Thumb Code    96  tasks.o(.text.xTaskCreate)
    xTaskCreateStatic                        0x08015011   Thumb Code   134  tasks.o(.text.xTaskCreateStatic)
    xTaskGetSchedulerState                   0x08015099   Thumb Code    28  tasks.o(.text.xTaskGetSchedulerState)
    xTaskGetTickCount                        0x080150b9   Thumb Code    12  tasks.o(.text.xTaskGetTickCount)
    xTaskIncrementTick                       0x080150c9   Thumb Code   256  tasks.o(.text.xTaskIncrementTick)
    xTaskPriorityDisinherit                  0x080151c9   Thumb Code   146  tasks.o(.text.xTaskPriorityDisinherit)
    xTaskPriorityInherit                     0x08015261   Thumb Code   146  tasks.o(.text.xTaskPriorityInherit)
    xTaskRemoveFromEventList                 0x080152f9   Thumb Code   120  tasks.o(.text.xTaskRemoveFromEventList)
    xTaskResumeAll                           0x08015371   Thumb Code   242  tasks.o(.text.xTaskResumeAll)
    xTimerCreateTimerTask                    0x08015469   Thumb Code   176  timers.o(.text.xTimerCreateTimerTask)
    __0printf$8                              0x08015521   Thumb Code    22  printf8.o(i.__0printf$8)
    __1printf$8                              0x08015521   Thumb Code     0  printf8.o(i.__0printf$8)
    __2printf                                0x08015521   Thumb Code     0  printf8.o(i.__0printf$8)
    __0sprintf$8                             0x08015541   Thumb Code    34  printf8.o(i.__0sprintf$8)
    __1sprintf$8                             0x08015541   Thumb Code     0  printf8.o(i.__0sprintf$8)
    __2sprintf                               0x08015541   Thumb Code     0  printf8.o(i.__0sprintf$8)
    __scatterload_copy                       0x08015569   Thumb Code    14  handlers.o(i.__scatterload_copy)
    __scatterload_null                       0x08015577   Thumb Code     2  handlers.o(i.__scatterload_null)
    __scatterload_zeroinit                   0x08015579   Thumb Code    14  handlers.o(i.__scatterload_zeroinit)
    puts                                     0x080159f5   Thumb Code    30  puts.o(i.puts)
    AHBPrescTable                            0x08015a34   Data          16  system_stm32f7xx.o(.rodata.AHBPrescTable)
    APBPrescTable                            0x08015a44   Data           8  system_stm32f7xx.o(.rodata.APBPrescTable)
    asc2_1206                                0x08015a4c   Data        1140  lcd.o(.rodata.asc2_1206)
    asc2_1608                                0x08015ec0   Data        1520  lcd.o(.rodata.asc2_1608)
    asc2_2412                                0x080164b0   Data        3420  lcd.o(.rodata.asc2_2412)
    asc2_3216                                0x0801720c   Data       12160  lcd.o(.rodata.asc2_3216)
    defaultTask_attributes                   0x0801a1cc   Data          36  freertos.o(.rodata.defaultTask_attributes)
    gameTask_attributes                      0x0801a1f0   Data          36  freertos.o(.rodata.gameTask_attributes)
    keymap                                   0x0801a214   Data         128  hid_report_parser.o(.rodata.keymap)
    keymap_shift                             0x0801a294   Data         128  hid_report_parser.o(.rodata.keymap_shift)
    tinyUSBTask_attributes                   0x0801a53c   Data          36  freertos.o(.rodata.tinyUSBTask_attributes)
    Region$$Table$$Base                      0x0801a598   Number         0  anon$$obj.o(Region$$Table)
    Region$$Table$$Limit                     0x0801a5b8   Number         0  anon$$obj.o(Region$$Table)
    __stdout                                 0x20000000   Data           4  stdout.o(.data)
    uwTickFreq                               0x20000004   Data           1  stm32f7xx_hal.o(.data..L_MergedGlobals)
    uwTickPrio                               0x20000008   Data           4  stm32f7xx_hal.o(.data..L_MergedGlobals)
    _usbh_qdef                               0x20000028   Data          92  usbh.o(.data..L_MergedGlobals)
    POINT_COLOR                              0x20000084   Data           4  lcd.o(.data..L_MergedGlobals)
    BACK_COLOR                               0x20000088   Data           4  lcd.o(.data..L_MergedGlobals)
    SystemCoreClock                          0x2000008c   Data           4  system_stm32f7xx.o(.data.SystemCoreClock)
    defaultTaskHandle                        0x20000098   Data           4  freertos.o(.bss..L_MergedGlobals)
    tinyUSBTaskHandle                        0x2000009c   Data           4  freertos.o(.bss..L_MergedGlobals)
    gameTaskHandle                           0x200000a0   Data           4  freertos.o(.bss..L_MergedGlobals)
    uart_rx_byte                             0x200000a4   Data           1  usart.o(.bss..L_MergedGlobals)
    USART_RX_LEN                             0x200000a8   Data           4  usart.o(.bss..L_MergedGlobals)
    pxCurrentTCB                             0x200000ac   Data           4  tasks.o(.bss..L_MergedGlobals)
    lcddev                                   0x200001e0   Data          14  lcd.o(.bss..L_MergedGlobals.2)
    SRAM_Handler                             0x200001f0   Data          76  lcd.o(.bss..L_MergedGlobals.2)
    HIDInputEventQueue                       0x2000029c   Data           4  app_init.o(.bss.HIDInputEventQueue)
    USART_RX_BUF                             0x2000095c   Data        1024  usart.o(.bss.USART_RX_BUF)
    _hcd_data                                0x20000d5c   Data         512  hcd_dwc2.o(.bss._hcd_data)
    _tusb_rhport_role                        0x20001608   Data           2  tusb.o(.bss._tusb_rhport_role)
    hhcd_USB_OTG_FS                          0x200019b0   Data         992  usb_otg.o(.bss.hhcd_USB_OTG_FS)
    htim6                                    0x20001d90   Data          76  stm32f7xx_hal_timebase_tim.o(.bss.htim6)
    huart1                                   0x20001ddc   Data         136  usart.o(.bss.huart1)
    uwTick                                   0x20005fb4   Data           4  stm32f7xx_hal.o(.bss.uwTick)
    xQueueRegistry                           0x20005fb8   Data          64  queue.o(.bss.xQueueRegistry)
    __initial_sp                             0x20006ff8   Data           0  startup_stm32f767xx.o(STACK)



==============================================================================

Memory Map of the image

  Image Entry point : 0x080001f9

  Load Region LR_IROM1 (Base: 0x08000000, Size: 0x0001a650, Max: 0x00100000, ABSOLUTE)

    Execution Region ER_IROM1 (Exec base: 0x08000000, Load base: 0x08000000, Size: 0x0001a5b8, Max: 0x00100000, ABSOLUTE)

    Exec Addr    Load Addr    Size         Type   Attr      Idx    E Section Name        Object

    0x08000000   0x08000000   0x000001f8   Data   RO            3    RESET               startup_stm32f767xx.o
    0x080001f8   0x080001f8   0x00000000   Code   RO         2677  * .ARM.Collect$$$$00000000  mc_w.l(entry.o)
    0x080001f8   0x080001f8   0x00000004   Code   RO         2995    .ARM.Collect$$$$00000001  mc_w.l(entry2.o)
    0x080001fc   0x080001fc   0x00000004   Code   RO         2998    .ARM.Collect$$$$00000004  mc_w.l(entry5.o)
    0x08000200   0x08000200   0x00000000   Code   RO         3000    .ARM.Collect$$$$00000008  mc_w.l(entry7b.o)
    0x08000200   0x08000200   0x00000000   Code   RO         3002    .ARM.Collect$$$$0000000A  mc_w.l(entry8b.o)
    0x08000200   0x08000200   0x00000008   Code   RO         3003    .ARM.Collect$$$$0000000B  mc_w.l(entry9a.o)
    0x08000208   0x08000208   0x00000000   Code   RO         3005    .ARM.Collect$$$$0000000D  mc_w.l(entry10a.o)
    0x08000208   0x08000208   0x00000000   Code   RO         3007    .ARM.Collect$$$$0000000F  mc_w.l(entry11a.o)
    0x08000208   0x08000208   0x00000004   Code   RO         2996    .ARM.Collect$$$$00002712  mc_w.l(entry2.o)
    0x0800020c   0x0800020c   0x00000024   Code   RO            4    .text               startup_stm32f767xx.o
    0x08000230   0x08000230   0x00000062   Code   RO         2686    .text               mc_w.l(uldiv.o)
    0x08000292   0x08000292   0x00000024   Code   RO         2716    .text               mc_w.l(memcpya.o)
    0x080002b6   0x080002b6   0x00000024   Code   RO         2718    .text               mc_w.l(memseta.o)
    0x080002da   0x080002da   0x0000001a   Code   RO         2722    .text               mc_w.l(memcmp.o)
    0x080002f4   0x080002f4   0x0000001e   Code   RO         3021    .text               mc_w.l(llshl.o)
    0x08000312   0x08000312   0x00000020   Code   RO         3023    .text               mc_w.l(llushr.o)
    0x08000332   0x08000332   0x00000002   PAD
    0x08000334   0x08000334   0x00000024   Code   RO         3036    .text               mc_w.l(init.o)
    0x08000358   0x08000358   0x00000002   Code   RO          103    .text.BusFault_Handler  stm32f7xx_it.o
    0x0800035a   0x0800035a   0x00000006   PAD
    0x08000360   0x08000360   0x00000002   Code   RO          107    .text.DebugMon_Handler  stm32f7xx_it.o
    0x08000362   0x08000362   0x00000006   PAD
    0x08000368   0x08000368   0x0000000a   Code   RO           15    .text.Error_Handler  main.o
    0x08000372   0x08000372   0x00000006   PAD
    0x08000378   0x08000378   0x00000048   Code   RO         1474    .text.FMC_NORSRAM_Extended_Timing_Init  stm32f7xx_ll_fmc.o
    0x080003c0   0x080003c0   0x0000008e   Code   RO         1468    .text.FMC_NORSRAM_Init  stm32f7xx_ll_fmc.o
    0x0800044e   0x0800044e   0x00000002   PAD
    0x08000450   0x08000450   0x0000005a   Code   RO         1472    .text.FMC_NORSRAM_Timing_Init  stm32f7xx_ll_fmc.o
    0x080004aa   0x080004aa   0x00000006   PAD
    0x080004b0   0x080004b0   0x00000308   Code   RO           45    .text.Game_Task     freertos.o
    0x080007b8   0x080007b8   0x0000008e   Code   RO          660    .text.HAL_DMA_Abort  stm32f7xx_hal_dma.o
    0x08000846   0x08000846   0x00000002   PAD
    0x08000848   0x08000848   0x00000024   Code   RO          662    .text.HAL_DMA_Abort_IT  stm32f7xx_hal_dma.o
    0x0800086c   0x0800086c   0x00000004   PAD
    0x08000870   0x08000870   0x00000028   Code   RO          795    .text.HAL_Delay     stm32f7xx_hal.o
    0x08000898   0x08000898   0x000001a6   Code   RO          628    .text.HAL_GPIO_Init  stm32f7xx_hal_gpio.o
    0x08000a3e   0x08000a3e   0x00000002   PAD
    0x08000a40   0x08000a40   0x0000000a   Code   RO          634    .text.HAL_GPIO_WritePin  stm32f7xx_hal_gpio.o
    0x08000a4a   0x08000a4a   0x00000006   PAD
    0x08000a50   0x08000a50   0x0000000c   Code   RO          787    .text.HAL_GetTick   stm32f7xx_hal.o
    0x08000a5c   0x08000a5c   0x00000004   PAD
    0x08000a60   0x08000a60   0x000000ac   Code   RO         1210    .text.HAL_HCD_Init  stm32f7xx_hal_hcd.o
    0x08000b0c   0x08000b0c   0x00000004   PAD
    0x08000b10   0x08000b10   0x000000b0   Code   RO           84    .text.HAL_HCD_MspInit  usb_otg.o
    0x08000bc0   0x08000bc0   0x0000001a   Code   RO          785    .text.HAL_IncTick   stm32f7xx_hal.o
    0x08000bda   0x08000bda   0x00000006   PAD
    0x08000be0   0x08000be0   0x00000016   Code   RO          775    .text.HAL_Init      stm32f7xx_hal.o
    0x08000bf6   0x08000bf6   0x00000002   PAD
    0x08000bf8   0x08000bf8   0x000000bc   Code   RO          129    .text.HAL_InitTick  stm32f7xx_hal_timebase_tim.o
    0x08000cb4   0x08000cb4   0x00000004   PAD
    0x08000cb8   0x08000cb8   0x0000005e   Code   RO          491    .text.HAL_MPU_ConfigRegion  stm32f7xx_hal_cortex.o
    0x08000d16   0x08000d16   0x00000002   PAD
    0x08000d18   0x08000d18   0x0000001a   Code   RO          483    .text.HAL_MPU_Disable  stm32f7xx_hal_cortex.o
    0x08000d32   0x08000d32   0x00000006   PAD
    0x08000d38   0x08000d38   0x00000020   Code   RO          485    .text.HAL_MPU_Enable  stm32f7xx_hal_cortex.o
    0x08000d58   0x08000d58   0x0000003c   Code   RO          120    .text.HAL_MspInit   stm32f7xx_hal_msp.o
    0x08000d94   0x08000d94   0x00000004   PAD
    0x08000d98   0x08000d98   0x00000026   Code   RO          473    .text.HAL_NVIC_EnableIRQ  stm32f7xx_hal_cortex.o
    0x08000dbe   0x08000dbe   0x00000002   PAD
    0x08000dc0   0x08000dc0   0x0000005a   Code   RO          471    .text.HAL_NVIC_SetPriority  stm32f7xx_hal_cortex.o
    0x08000e1a   0x08000e1a   0x00000006   PAD
    0x08000e20   0x08000e20   0x00000020   Code   RO          469    .text.HAL_NVIC_SetPriorityGrouping  stm32f7xx_hal_cortex.o
    0x08000e40   0x08000e40   0x00000076   Code   RO          757    .text.HAL_PWREx_EnableOverDrive  stm32f7xx_hal_pwr_ex.o
    0x08000eb6   0x08000eb6   0x00000002   PAD
    0x08000eb8   0x08000eb8   0x000005d2   Code   RO          555    .text.HAL_RCCEx_PeriphCLKConfig  stm32f7xx_hal_rcc_ex.o
    0x0800148a   0x0800148a   0x00000006   PAD
    0x08001490   0x08001490   0x00000002   Code   RO          545    .text.HAL_RCC_CSSCallback  stm32f7xx_hal_rcc.o
    0x08001492   0x08001492   0x00000006   PAD
    0x08001498   0x08001498   0x000001ea   Code   RO          523    .text.HAL_RCC_ClockConfig  stm32f7xx_hal_rcc.o
    0x08001682   0x08001682   0x00000006   PAD
    0x08001688   0x08001688   0x00000012   Code   RO          529    .text.HAL_RCC_EnableCSS  stm32f7xx_hal_rcc.o
    0x0800169a   0x0800169a   0x00000006   PAD
    0x080016a0   0x080016a0   0x0000003e   Code   RO          541    .text.HAL_RCC_GetClockConfig  stm32f7xx_hal_rcc.o
    0x080016de   0x080016de   0x00000002   PAD
    0x080016e0   0x080016e0   0x00000026   Code   RO          535    .text.HAL_RCC_GetPCLK1Freq  stm32f7xx_hal_rcc.o
    0x08001706   0x08001706   0x00000002   PAD
    0x08001708   0x08001708   0x00000026   Code   RO          537    .text.HAL_RCC_GetPCLK2Freq  stm32f7xx_hal_rcc.o
    0x0800172e   0x0800172e   0x00000002   PAD
    0x08001730   0x08001730   0x0000006e   Code   RO          525    .text.HAL_RCC_GetSysClockFreq  stm32f7xx_hal_rcc.o
    0x0800179e   0x0800179e   0x00000002   PAD
    0x080017a0   0x080017a0   0x0000001c   Code   RO          543    .text.HAL_RCC_NMI_IRQHandler  stm32f7xx_hal_rcc.o
    0x080017bc   0x080017bc   0x00000004   PAD
    0x080017c0   0x080017c0   0x00000398   Code   RO          521    .text.HAL_RCC_OscConfig  stm32f7xx_hal_rcc.o
    0x08001b58   0x08001b58   0x0000005c   Code   RO         1374    .text.HAL_SRAM_Init  stm32f7xx_hal_sram.o
    0x08001bb4   0x08001bb4   0x00000004   PAD
    0x08001bb8   0x08001bb8   0x0000007e   Code   RO         2623    .text.HAL_SRAM_MspInit  lcd.o
    0x08001c36   0x08001c36   0x00000002   PAD
    0x08001c38   0x08001c38   0x00000002   Code   RO          455    .text.HAL_TIMEx_Break2Callback  stm32f7xx_hal_tim_ex.o
    0x08001c3a   0x08001c3a   0x00000006   PAD
    0x08001c40   0x08001c40   0x00000002   Code   RO          453    .text.HAL_TIMEx_BreakCallback  stm32f7xx_hal_tim_ex.o
    0x08001c42   0x08001c42   0x00000006   PAD
    0x08001c48   0x08001c48   0x00000002   Code   RO          449    .text.HAL_TIMEx_CommutCallback  stm32f7xx_hal_tim_ex.o
    0x08001c4a   0x08001c4a   0x00000006   PAD
    0x08001c50   0x08001c50   0x00000060   Code   RO          144    .text.HAL_TIM_Base_Init  stm32f7xx_hal_tim.o
    0x08001cb0   0x08001cb0   0x00000002   Code   RO          146    .text.HAL_TIM_Base_MspInit  stm32f7xx_hal_tim.o
    0x08001cb2   0x08001cb2   0x00000006   PAD
    0x08001cb8   0x08001cb8   0x000000b4   Code   RO          158    .text.HAL_TIM_Base_Start_IT  stm32f7xx_hal_tim.o
    0x08001d6c   0x08001d6c   0x00000004   PAD
    0x08001d70   0x08001d70   0x00000002   Code   RO          280    .text.HAL_TIM_IC_CaptureCallback  stm32f7xx_hal_tim.o
    0x08001d72   0x08001d72   0x00000006   PAD
    0x08001d78   0x08001d78   0x0000016c   Code   RO          278    .text.HAL_TIM_IRQHandler  stm32f7xx_hal_tim.o
    0x08001ee4   0x08001ee4   0x00000004   PAD
    0x08001ee8   0x08001ee8   0x00000002   Code   RO          282    .text.HAL_TIM_OC_DelayElapsedCallback  stm32f7xx_hal_tim.o
    0x08001eea   0x08001eea   0x00000006   PAD
    0x08001ef0   0x08001ef0   0x00000002   Code   RO          284    .text.HAL_TIM_PWM_PulseFinishedCallback  stm32f7xx_hal_tim.o
    0x08001ef2   0x08001ef2   0x00000006   PAD
    0x08001ef8   0x08001ef8   0x00000014   Code   RO           17    .text.HAL_TIM_PeriodElapsedCallback  main.o
    0x08001f0c   0x08001f0c   0x00000004   PAD
    0x08001f10   0x08001f10   0x00000002   Code   RO          288    .text.HAL_TIM_TriggerCallback  stm32f7xx_hal_tim.o
    0x08001f12   0x08001f12   0x00000006   PAD
    0x08001f18   0x08001f18   0x00000002   Code   RO         1129    .text.HAL_UARTEx_RxEventCallback  stm32f7xx_hal_uart.o
    0x08001f1a   0x08001f1a   0x00000006   PAD
    0x08001f20   0x08001f20   0x00000002   Code   RO         1131    .text.HAL_UARTEx_WakeupCallback  stm32f7xx_hal_uart.o
    0x08001f22   0x08001f22   0x00000006   PAD
    0x08001f28   0x08001f28   0x00000002   Code   RO         1127    .text.HAL_UART_ErrorCallback  stm32f7xx_hal_uart.o
    0x08001f2a   0x08001f2a   0x00000006   PAD
    0x08001f30   0x08001f30   0x00000636   Code   RO         1123    .text.HAL_UART_IRQHandler  stm32f7xx_hal_uart.o
    0x08002566   0x08002566   0x00000002   PAD
    0x08002568   0x08002568   0x00000064   Code   RO         1043    .text.HAL_UART_Init  stm32f7xx_hal_uart.o
    0x080025cc   0x080025cc   0x00000004   PAD
    0x080025d0   0x080025d0   0x00000094   Code   RO           62    .text.HAL_UART_MspInit  usart.o
    0x08002664   0x08002664   0x00000004   PAD
    0x08002668   0x08002668   0x00000098   Code   RO         1075    .text.HAL_UART_Receive_IT  stm32f7xx_hal_uart.o
    0x08002700   0x08002700   0x00000038   Code   RO           66    .text.HAL_UART_RxCpltCallback  usart.o
    0x08002738   0x08002738   0x00000192   Code   RO         1063    .text.HAL_UART_Transmit  stm32f7xx_hal_uart.o
    0x080028ca   0x080028ca   0x00000006   PAD
    0x080028d0   0x080028d0   0x00000002   Code   RO         1133    .text.HAL_UART_TxCpltCallback  stm32f7xx_hal_uart.o
    0x080028d2   0x080028d2   0x00000006   PAD
    0x080028d8   0x080028d8   0x00000032   Code   RO         2563    .text.HID_EventQueue_Init  app_init.o
    0x0800290a   0x0800290a   0x00000006   PAD
    0x08002910   0x08002910   0x00000002   Code   RO           99    .text.HardFault_Handler  stm32f7xx_it.o
    0x08002912   0x08002912   0x00000006   PAD
    0x08002918   0x08002918   0x0000005c   Code   RO         2627    .text.LCD_Clear     lcd.o
    0x08002974   0x08002974   0x00000004   PAD
    0x08002978   0x08002978   0x0000010e   Code   RO         2617    .text.LCD_Display_Dir  lcd.o
    0x08002a86   0x08002a86   0x00000002   PAD
    0x08002a88   0x08002a88   0x00000264   Code   RO         2613    .text.LCD_Fast_DrawPoint  lcd.o
    0x08002cec   0x08002cec   0x00000004   PAD
    0x08002cf0   0x08002cf0   0x00006426   Code   RO         2625    .text.LCD_Init      lcd.o
    0x08009116   0x08009116   0x00000002   PAD
    0x08009118   0x08009118   0x00000032   Code   RO         2621    .text.LCD_MPU_Config  lcd.o
    0x0800914a   0x0800914a   0x00000006   PAD
    0x08009150   0x08009150   0x00000300   Code   RO         2609    .text.LCD_Scan_Dir  lcd.o
    0x08009450   0x08009450   0x00000276   Code   RO         2603    .text.LCD_SetCursor  lcd.o
    0x080096c6   0x080096c6   0x00000002   PAD
    0x080096c8   0x080096c8   0x00000532   Code   RO         2639    .text.LCD_ShowChar  lcd.o
    0x08009bfa   0x08009bfa   0x00000006   PAD
    0x08009c00   0x08009c00   0x00000070   Code   RO         2647    .text.LCD_ShowString  lcd.o
    0x08009c70   0x08009c70   0x00000052   Code   RO           28    .text.LED_Init      gpio.o
    0x08009cc2   0x08009cc2   0x00000006   PAD
    0x08009cc8   0x08009cc8   0x00000054   Code   RO           39    .text.MX_FREERTOS_Init  freertos.o
    0x08009d1c   0x08009d1c   0x00000004   PAD
    0x08009d20   0x08009d20   0x0000009e   Code   RO           30    .text.MX_GPIO_Init  gpio.o
    0x08009dbe   0x08009dbe   0x00000002   PAD
    0x08009dc0   0x08009dc0   0x00000052   Code   RO           60    .text.MX_USART1_UART_Init  usart.o
    0x08009e12   0x08009e12   0x00000006   PAD
    0x08009e18   0x08009e18   0x00000032   Code   RO           82    .text.MX_USB_OTG_FS_HCD_Init  usb_otg.o
    0x08009e4a   0x08009e4a   0x00000006   PAD
    0x08009e50   0x08009e50   0x00000002   Code   RO          101    .text.MemManage_Handler  stm32f7xx_it.o
    0x08009e52   0x08009e52   0x00000006   PAD
    0x08009e58   0x08009e58   0x00000006   Code   RO           97    .text.NMI_Handler   stm32f7xx_it.o
    0x08009e5e   0x08009e5e   0x00000002   PAD
    0x08009e60   0x08009e60   0x00000008   Code   RO         2077    .text.OTG_FS_IRQHandler  family.o
    0x08009e68   0x08009e68   0x00000008   Code   RO         2079    .text.OTG_HS_IRQHandler  family.o
    0x08009e70   0x08009e70   0x00000064   Code   RO         2061    .text.PendSV_Handler  port.o
    0x08009ed4   0x08009ed4   0x0000000c   PAD
    0x08009ee0   0x08009ee0   0x00000024   Code   RO         2045    .text.SVC_Handler   port.o
    0x08009f04   0x08009f04   0x00000004   PAD
    0x08009f08   0x08009f08   0x00000008   Code   RO           41    .text.StartDefaultTask  freertos.o
    0x08009f10   0x08009f10   0x00000032   Code   RO         2063    .text.SysTick_Handler  port.o
    0x08009f42   0x08009f42   0x00000006   PAD
    0x08009f48   0x08009f48   0x000000c8   Code   RO           13    .text.SystemClock_Config  main.o
    0x0800a010   0x0800a010   0x00000012   Code   RO         1520    .text.SystemInit    system_stm32f7xx.o
    0x0800a022   0x0800a022   0x00000006   PAD
    0x0800a028   0x0800a028   0x0000000c   Code   RO          111    .text.TIM6_DAC_IRQHandler  stm32f7xx_it.o
    0x0800a034   0x0800a034   0x00000004   PAD
    0x0800a038   0x0800a038   0x00000148   Code   RO          148    .text.TIM_Base_SetConfig  stm32f7xx_hal_tim.o
    0x0800a180   0x0800a180   0x0000002a   Code   RO           43    .text.TinyUSB_Task  freertos.o
    0x0800a1aa   0x0800a1aa   0x00000006   PAD
    0x0800a1b0   0x0800a1b0   0x000000e0   Code   RO         1047    .text.UART_AdvFeatureConfig  stm32f7xx_hal_uart.o
    0x0800a290   0x0800a290   0x00000174   Code   RO         1051    .text.UART_CheckIdleState  stm32f7xx_hal_uart.o
    0x0800a404   0x0800a404   0x00000004   PAD
    0x0800a408   0x0800a408   0x0000000c   Code   RO         1125    .text.UART_DMAAbortOnError  stm32f7xx_hal_uart.o
    0x0800a414   0x0800a414   0x00000004   PAD
    0x0800a418   0x0800a418   0x000001b8   Code   RO         1163    .text.UART_RxISR_16BIT  stm32f7xx_hal_uart.o
    0x0800a5d0   0x0800a5d0   0x000001bc   Code   RO         1165    .text.UART_RxISR_8BIT  stm32f7xx_hal_uart.o
    0x0800a78c   0x0800a78c   0x00000004   PAD
    0x0800a790   0x0800a790   0x0000023c   Code   RO         1049    .text.UART_SetConfig  stm32f7xx_hal_uart.o
    0x0800a9cc   0x0800a9cc   0x00000004   PAD
    0x0800a9d0   0x0800a9d0   0x00000176   Code   RO         1077    .text.UART_Start_Receive_IT  stm32f7xx_hal_uart.o
    0x0800ab46   0x0800ab46   0x00000002   PAD
    0x0800ab48   0x0800ab48   0x00000358   Code   RO         1065    .text.UART_WaitOnFlagUntilTimeout  stm32f7xx_hal_uart.o
    0x0800aea0   0x0800aea0   0x0000000c   Code   RO          109    .text.USART1_IRQHandler  stm32f7xx_it.o
    0x0800aeac   0x0800aeac   0x00000004   PAD
    0x0800aeb0   0x0800aeb0   0x00000266   Code   RO         1270    .text.USB_CoreInit  stm32f7xx_ll_usb.o
    0x0800b116   0x0800b116   0x00000002   PAD
    0x0800b118   0x0800b118   0x0000000e   Code   RO         1276    .text.USB_DisableGlobalInt  stm32f7xx_ll_usb.o
    0x0800b126   0x0800b126   0x00000002   PAD
    0x0800b128   0x0800b128   0x00000294   Code   RO         1338    .text.USB_HostInit  stm32f7xx_ll_usb.o
    0x0800b3bc   0x0800b3bc   0x00000004   PAD
    0x0800b3c0   0x0800b3c0   0x00000368   Code   RO         1278    .text.USB_SetCurrentMode  stm32f7xx_ll_usb.o
    0x0800b728   0x0800b728   0x00000002   Code   RO          105    .text.UsageFault_Handler  stm32f7xx_it.o
    0x0800b72a   0x0800b72a   0x00000006   PAD
    0x0800b730   0x0800b730   0x00000008   Code   RO         2392    .text._control_blocking_complete_cb  usbh.o
    0x0800b738   0x0800b738   0x000000a8   Code   RO         2081    .text.board_init    family.o
    0x0800b7e0   0x0800b7e0   0x000001ce   Code   RO         2524    .text.channel_xfer_start  hcd_dwc2.o
    0x0800b9ae   0x0800b9ae   0x00000002   PAD
    0x0800b9b0   0x0800b9b0   0x00000138   Code   RO         2322    .text.config_port_power_complete  hub.o
    0x0800bae8   0x0800bae8   0x000000cc   Code   RO         2316    .text.config_set_port_power  hub.o
    0x0800bbb4   0x0800bbb4   0x00000004   PAD
    0x0800bbb8   0x0800bbb8   0x000000ae   Code   RO         2668    .text.delay_ms      sys.o
    0x0800bc66   0x0800bc66   0x00000002   PAD
    0x0800bc68   0x0800bc68   0x00000052   Code   RO         2666    .text.delay_us      sys.o
    0x0800bcba   0x0800bcba   0x00000006   PAD
    0x0800bcc0   0x0800bcc0   0x000000ae   Code   RO         2473    .text.dfifo_read_packet  dwc2_common.o
    0x0800bd6e   0x0800bd6e   0x00000002   PAD
    0x0800bd70   0x0800bd70   0x000000a0   Code   RO         2475    .text.dfifo_write_packet  dwc2_common.o
    0x0800be10   0x0800be10   0x00000440   Code   RO         2471    .text.dwc2_core_init  dwc2_common.o
    0x0800c250   0x0800c250   0x00000014   Code   RO         2469    .text.dwc2_core_is_highspeed  dwc2_common.o
    0x0800c264   0x0800c264   0x00000004   PAD
    0x0800c268   0x0800c268   0x000001f2   Code   RO         2506    .text.edpt_close    hcd_dwc2.o
    0x0800c45a   0x0800c45a   0x00000006   PAD
    0x0800c460   0x0800c460   0x00000116   Code   RO         2452    .text.enum_parse_configuration_desc  usbh.o
    0x0800c576   0x0800c576   0x00000002   PAD
    0x0800c578   0x0800c578   0x00000020   Code   RO           68    .text.fputc         usart.o
    0x0800c598   0x0800c598   0x00000138   Code   RO         2522    .text.handle_txfifo_empty  hcd_dwc2.o
    0x0800c6d0   0x0800c6d0   0x000001e6   Code   RO         2504    .text.hcd_device_close  hcd_dwc2.o
    0x0800c8b6   0x0800c8b6   0x00000002   PAD
    0x0800c8b8   0x0800c8b8   0x00000a68   Code   RO         2514    .text.hcd_edpt_abort_xfer  hcd_dwc2.o
    0x0800d320   0x0800d320   0x00000320   Code   RO         2508    .text.hcd_edpt_open  hcd_dwc2.o
    0x0800d640   0x0800d640   0x000006f0   Code   RO         2512    .text.hcd_edpt_xfer  hcd_dwc2.o
    0x0800dd30   0x0800dd30   0x000000c2   Code   RO         2422    .text.hcd_event_handler  usbh.o
    0x0800ddf2   0x0800ddf2   0x00000006   PAD
    0x0800ddf8   0x0800ddf8   0x00000170   Code   RO         2488    .text.hcd_init      hcd_dwc2.o
    0x0800df68   0x0800df68   0x0000002e   Code   RO         2490    .text.hcd_int_enable  hcd_dwc2.o
    0x0800df96   0x0800df96   0x00000002   PAD
    0x0800df98   0x0800df98   0x00000f98   Code   RO         2520    .text.hcd_int_handler  hcd_dwc2.o
    0x0800ef30   0x0800ef30   0x0000001c   Code   RO         2496    .text.hcd_port_connect_status  hcd_dwc2.o
    0x0800ef4c   0x0800ef4c   0x00000004   PAD
    0x0800ef50   0x0800ef50   0x00000024   Code   RO         2498    .text.hcd_port_reset  hcd_dwc2.o
    0x0800ef74   0x0800ef74   0x00000004   PAD
    0x0800ef78   0x0800ef78   0x00000020   Code   RO         2500    .text.hcd_port_reset_end  hcd_dwc2.o
    0x0800ef98   0x0800ef98   0x00000044   Code   RO         2502    .text.hcd_port_speed_get  hcd_dwc2.o
    0x0800efdc   0x0800efdc   0x00000004   PAD
    0x0800efe0   0x0800efe0   0x00000288   Code   RO         2516    .text.hcd_setup_send  hcd_dwc2.o
    0x0800f268   0x0800f268   0x00000070   Code   RO         2572    .text.hid_parse_report  hid_report_parser.o
    0x0800f2d8   0x0800f2d8   0x000001dc   Code   RO         2232    .text.hidh_close    hid_host.o
    0x0800f4b4   0x0800f4b4   0x00000004   PAD
    0x0800f4b8   0x0800f4b8   0x00000004   Code   RO         2228    .text.hidh_deinit   hid_host.o
    0x0800f4bc   0x0800f4bc   0x00000004   PAD
    0x0800f4c0   0x0800f4c0   0x00000014   Code   RO         2226    .text.hidh_init     hid_host.o
    0x0800f4d4   0x0800f4d4   0x00000004   PAD
    0x0800f4d8   0x0800f4d8   0x00000264   Code   RO         2234    .text.hidh_open     hid_host.o
    0x0800f73c   0x0800f73c   0x00000004   PAD
    0x0800f740   0x0800f740   0x00000024   Code   RO         2236    .text.hidh_set_config  hid_host.o
    0x0800f764   0x0800f764   0x00000004   PAD
    0x0800f768   0x0800f768   0x000001e4   Code   RO         2230    .text.hidh_xfer_cb  hid_host.o
    0x0800f94c   0x0800f94c   0x00000004   PAD
    0x0800f950   0x0800f950   0x00000022   Code   RO         2310    .text.hub_close     hub.o
    0x0800f972   0x0800f972   0x00000006   PAD
    0x0800f978   0x0800f978   0x00000004   Code   RO         2306    .text.hub_deinit    hub.o
    0x0800f97c   0x0800f97c   0x00000004   PAD
    0x0800f980   0x0800f980   0x00000050   Code   RO         2312    .text.hub_edpt_status_xfer  hub.o
    0x0800f9d0   0x0800f9d0   0x00000012   Code   RO         2304    .text.hub_init      hub.o
    0x0800f9e2   0x0800f9e2   0x00000006   PAD
    0x0800f9e8   0x0800f9e8   0x000000de   Code   RO         2308    .text.hub_open      hub.o
    0x0800fac6   0x0800fac6   0x00000002   PAD
    0x0800fac8   0x0800fac8   0x0000006e   Code   RO         2294    .text.hub_port_clear_feature  hub.o
    0x0800fb36   0x0800fb36   0x00000002   PAD
    0x0800fb38   0x0800fb38   0x0000007a   Code   RO         2298    .text.hub_port_get_status  hub.o
    0x0800fbb2   0x0800fbb2   0x00000006   PAD
    0x0800fbb8   0x0800fbb8   0x00000016   Code   RO         2302    .text.hub_port_get_status_local  hub.o
    0x0800fbce   0x0800fbce   0x00000002   PAD
    0x0800fbd0   0x0800fbd0   0x0000006e   Code   RO         2296    .text.hub_port_set_feature  hub.o
    0x0800fc3e   0x0800fc3e   0x00000002   PAD
    0x0800fc40   0x0800fc40   0x000000be   Code   RO         2314    .text.hub_set_config  hub.o
    0x0800fcfe   0x0800fcfe   0x00000002   PAD
    0x0800fd00   0x0800fd00   0x000001b4   Code   RO         2318    .text.hub_xfer_cb   hub.o
    0x0800feb4   0x0800feb4   0x00000004   PAD
    0x0800feb8   0x0800feb8   0x00000032   Code   RO           11    .text.main          main.o
    0x0800feea   0x0800feea   0x00000006   PAD
    0x0800fef0   0x0800fef0   0x0000004c   Code   RO         1936    .text.osDelay       cmsis_os2.o
    0x0800ff3c   0x0800ff3c   0x00000004   PAD
    0x0800ff40   0x0800ff40   0x0000005a   Code   RO         1878    .text.osKernelInitialize  cmsis_os2.o
    0x0800ff9a   0x0800ff9a   0x00000006   PAD
    0x0800ffa0   0x0800ffa0   0x00000062   Code   RO         1884    .text.osKernelStart  cmsis_os2.o
    0x08010002   0x08010002   0x00000006   PAD
    0x08010008   0x08010008   0x000000f2   Code   RO         1900    .text.osThreadNew   cmsis_os2.o
    0x080100fa   0x080100fa   0x00000006   PAD
    0x08010100   0x08010100   0x0000002e   Code   RO         2300    .text.port_get_status_complete  hub.o
    0x0801012e   0x0801012e   0x00000002   PAD
    0x08010130   0x08010130   0x00000964   Code   RO         2448    .text.process_enumeration  usbh.o
    0x08010a94   0x08010a94   0x00000004   PAD
    0x08010a98   0x08010a98   0x00000352   Code   RO         2320    .text.process_new_status  hub.o
    0x08010dea   0x08010dea   0x00000006   PAD
    0x08010df0   0x08010df0   0x00000074   Code   RO         2386    .text.process_remove_event  usbh.o
    0x08010e64   0x08010e64   0x00000004   PAD
    0x08010e68   0x08010e68   0x000001e4   Code   RO         2238    .text.process_set_config  hid_host.o
    0x0801104c   0x0801104c   0x00000004   PAD
    0x08011050   0x08011050   0x0000028a   Code   RO         1719    .text.prvAddNewTaskToReadyList  tasks.o
    0x080112da   0x080112da   0x00000006   PAD
    0x080112e0   0x080112e0   0x0000008a   Code   RO         1751    .text.prvIdleTask   tasks.o
    0x0801136a   0x0801136a   0x00000006   PAD
    0x08011370   0x08011370   0x00000126   Code   RO         1717    .text.prvInitialiseNewTask  tasks.o
    0x08011496   0x08011496   0x00000002   PAD
    0x08011498   0x08011498   0x00000028   Code   RO         2053    .text.prvPortStartFirstTask  port.o
    0x080114c0   0x080114c0   0x00000044   Code   RO         2043    .text.prvTaskExitError  port.o
    0x08011504   0x08011504   0x00000004   PAD
    0x08011508   0x08011508   0x0000039e   Code   RO         1832    .text.prvTimerTask  timers.o
    0x080118a6   0x080118a6   0x00000002   PAD
    0x080118a8   0x080118a8   0x0000007a   Code   RO         1616    .text.prvUnlockQueue  queue.o
    0x08011922   0x08011922   0x00000006   PAD
    0x08011928   0x08011928   0x00000206   Code   RO         2021    .text.pvPortMalloc  heap_4.o
    0x08011b2e   0x08011b2e   0x00000002   PAD
    0x08011b30   0x08011b30   0x00000018   Code   RO         1805    .text.pvTaskIncrementMutexHeldCount  tasks.o
    0x08011b48   0x08011b48   0x0000002c   Code   RO         2041    .text.pxPortInitialiseStack  port.o
    0x08011b74   0x08011b74   0x00000004   PAD
    0x08011b78   0x08011b78   0x00000146   Code   RO         2380    .text.remove_device_tree  usbh.o
    0x08011cbe   0x08011cbe   0x00000002   PAD
    0x08011cc0   0x08011cc0   0x000000a4   Code   RO         2148    .text.tu_bind_driver_to_ep_itf  tusb.o
    0x08011d64   0x08011d64   0x00000004   PAD
    0x08011d68   0x08011d68   0x0000004e   Code   RO         2142    .text.tu_edpt_claim  tusb.o
    0x08011db6   0x08011db6   0x00000002   PAD
    0x08011db8   0x08011db8   0x00000042   Code   RO         2144    .text.tu_edpt_release  tusb.o
    0x08011dfa   0x08011dfa   0x00000006   PAD
    0x08011e00   0x08011e00   0x0000011a   Code   RO         2146    .text.tu_edpt_validate  tusb.o
    0x08011f1a   0x08011f1a   0x00000006   PAD
    0x08011f20   0x08011f20   0x0000006c   Code   RO         2440    .text.tuh_address_set  usbh.o
    0x08011f8c   0x08011f8c   0x00000004   PAD
    0x08011f90   0x08011f90   0x00000026   Code   RO         2366    .text.tuh_bus_info_get  usbh.o
    0x08011fb6   0x08011fb6   0x00000002   PAD
    0x08011fb8   0x08011fb8   0x00000032   Code   RO         2442    .text.tuh_configuration_set  usbh.o
    0x08011fea   0x08011fea   0x00000006   PAD
    0x08011ff0   0x08011ff0   0x00000250   Code   RO         2390    .text.tuh_control_xfer  usbh.o
    0x08012240   0x08012240   0x00000040   Code   RO         2428    .text.tuh_descriptor_get_configuration  usbh.o
    0x08012280   0x08012280   0x0000003e   Code   RO         2426    .text.tuh_descriptor_get_device  usbh.o
    0x080122be   0x080122be   0x00000002   PAD
    0x080122c0   0x080122c0   0x00000044   Code   RO         2438    .text.tuh_descriptor_get_hid_report  usbh.o
    0x08012304   0x08012304   0x00000004   PAD
    0x08012308   0x08012308   0x00000042   Code   RO         2430    .text.tuh_descriptor_get_string  usbh.o
    0x0801234a   0x0801234a   0x00000006   PAD
    0x08012350   0x08012350   0x000000c0   Code   RO         2402    .text.tuh_edpt_abort_xfer  usbh.o
    0x08012410   0x08012410   0x000000f4   Code   RO         2416    .text.tuh_edpt_open  usbh.o
    0x08012504   0x08012504   0x00000004   PAD
    0x08012508   0x08012508   0x00000004   Code   RO         2340    .text.tuh_enum_descriptor_configuration_cb  usbh.o
    0x0801250c   0x0801250c   0x00000004   PAD
    0x08012510   0x08012510   0x00000002   Code   RO         2338    .text.tuh_enum_descriptor_device_cb  usbh.o
    0x08012512   0x08012512   0x00000006   PAD
    0x08012518   0x08012518   0x00000002   Code   RO         2342    .text.tuh_event_hook_cb  usbh.o
    0x0801251a   0x0801251a   0x00000006   PAD
    0x08012520   0x08012520   0x00000108   Code   RO         2196    .text.tuh_hid_itf_get_index  hid_host.o
    0x08012628   0x08012628   0x0000013c   Code   RO         2106    .text.tuh_hid_mount_cb  hid_app.o
    0x08012764   0x08012764   0x00000004   PAD
    0x08012768   0x08012768   0x0000009a   Code   RO         2218    .text.tuh_hid_receive_report  hid_host.o
    0x08012802   0x08012802   0x00000006   PAD
    0x08012808   0x08012808   0x00000384   Code   RO         2110    .text.tuh_hid_report_received_cb  hid_app.o
    0x08012b8c   0x08012b8c   0x00000004   PAD
    0x08012b90   0x08012b90   0x00000002   Code   RO         2180    .text.tuh_hid_report_sent_cb  hid_host.o
    0x08012b92   0x08012b92   0x00000006   PAD
    0x08012b98   0x08012b98   0x0000006c   Code   RO         2108    .text.tuh_hid_umount_cb  hid_app.o
    0x08012c04   0x08012c04   0x00000004   PAD
    0x08012c08   0x08012c08   0x00000002   Code   RO         2352    .text.tuh_mount_cb  usbh.o
    0x08012c0a   0x08012c0a   0x00000006   PAD
    0x08012c10   0x08012c10   0x0000020a   Code   RO         2376    .text.tuh_rhport_init  usbh.o
    0x08012e1a   0x08012e1a   0x00000006   PAD
    0x08012e20   0x08012e20   0x00000358   Code   RO         2384    .text.tuh_task_ext  usbh.o
    0x08013178   0x08013178   0x00000002   Code   RO         2354    .text.tuh_umount_cb  usbh.o
    0x0801317a   0x0801317a   0x00000006   PAD
    0x08013180   0x08013180   0x00000044   Code   RO         2360    .text.tuh_vid_pid_get  usbh.o
    0x080131c4   0x080131c4   0x00000004   PAD
    0x080131c8   0x080131c8   0x0000001a   Code   RO         2132    .text.tusb_int_handler  tusb.o
    0x080131e2   0x080131e2   0x00000006   PAD
    0x080131e8   0x080131e8   0x00000082   Code   RO         2128    .text.tusb_rhport_init  tusb.o
    0x0801326a   0x0801326a   0x00000006   PAD
    0x08013270   0x08013270   0x00000018   Code   RO         2122    .text.tusb_time_delay_ms_api  tusb.o
    0x08013288   0x08013288   0x0000000a   Code   RO         2350    .text.usbh_app_driver_get_cb  usbh.o
    0x08013292   0x08013292   0x00000006   PAD
    0x08013298   0x08013298   0x00000476   Code   RO         2388    .text.usbh_control_xfer_cb  usbh.o
    0x0801370e   0x0801370e   0x00000002   PAD
    0x08013710   0x08013710   0x00000268   Code   RO         2446    .text.usbh_driver_set_config_complete  usbh.o
    0x08013978   0x08013978   0x00000070   Code   RO         2396    .text.usbh_edpt_claim  usbh.o
    0x080139e8   0x080139e8   0x0000004a   Code   RO         2450    .text.usbh_edpt_control_open  usbh.o
    0x08013a32   0x08013a32   0x00000006   PAD
    0x08013a38   0x08013a38   0x00000040   Code   RO         2400    .text.usbh_edpt_release  usbh.o
    0x08013a78   0x08013a78   0x000000b2   Code   RO         2398    .text.usbh_edpt_xfer_with_callback  usbh.o
    0x08013b2a   0x08013b2a   0x00000006   PAD
    0x08013b30   0x08013b30   0x0000000c   Code   RO         2406    .text.usbh_get_enum_buf  usbh.o
    0x08013b3c   0x08013b3c   0x00000004   PAD
    0x08013b40   0x08013b40   0x00000022   Code   RO         2404    .text.usbh_get_rhport  usbh.o
    0x08013b62   0x08013b62   0x00000006   PAD
    0x08013b68   0x08013b68   0x0000002a   Code   RO         1580    .text.uxListRemove  list.o
    0x08013b92   0x08013b92   0x00000006   PAD
    0x08013b98   0x08013b98   0x0000002a   Code   RO         1630    .text.uxQueueMessagesWaiting  queue.o
    0x08013bc2   0x08013bc2   0x00000006   PAD
    0x08013bc8   0x08013bc8   0x0000001a   Code   RO         2004    .text.vApplicationGetIdleTaskMemory  cmsis_os2.o
    0x08013be2   0x08013be2   0x00000006   PAD
    0x08013be8   0x08013be8   0x0000001c   Code   RO         2006    .text.vApplicationGetTimerTaskMemory  cmsis_os2.o
    0x08013c04   0x08013c04   0x00000004   PAD
    0x08013c08   0x08013c08   0x00000016   Code   RO         1572    .text.vListInitialise  list.o
    0x08013c1e   0x08013c1e   0x00000002   PAD
    0x08013c20   0x08013c20   0x00000006   Code   RO         1574    .text.vListInitialiseItem  list.o
    0x08013c26   0x08013c26   0x00000002   PAD
    0x08013c28   0x08013c28   0x00000062   Code   RO         1578    .text.vListInsert   list.o
    0x08013c8a   0x08013c8a   0x00000006   PAD
    0x08013c90   0x08013c90   0x0000001c   Code   RO         1576    .text.vListInsertEnd  list.o
    0x08013cac   0x08013cac   0x00000004   PAD
    0x08013cb0   0x08013cb0   0x00000014   Code   RO         2051    .text.vPortEnableVFP  port.o
    0x08013cc4   0x08013cc4   0x00000004   PAD
    0x08013cc8   0x08013cc8   0x00000052   Code   RO         2057    .text.vPortEnterCritical  port.o
    0x08013d1a   0x08013d1a   0x00000006   PAD
    0x08013d20   0x08013d20   0x00000032   Code   RO         2059    .text.vPortExitCritical  port.o
    0x08013d52   0x08013d52   0x00000006   PAD
    0x08013d58   0x08013d58   0x000000d8   Code   RO         2023    .text.vPortFree     heap_4.o
    0x08013e30   0x08013e30   0x00000034   Code   RO         2049    .text.vPortSetupTimerInterrupt  port.o
    0x08013e64   0x08013e64   0x00000004   PAD
    0x08013e68   0x08013e68   0x00000066   Code   RO         2065    .text.vPortValidateInterruptPriority  port.o
    0x08013ece   0x08013ece   0x00000002   PAD
    0x08013ed0   0x08013ed0   0x000000b0   Code   RO         1650    .text.vQueueAddToRegistry  queue.o
    0x08013f80   0x08013f80   0x00000064   Code   RO         1654    .text.vQueueWaitForMessageRestricted  queue.o
    0x08013fe4   0x08013fe4   0x00000004   PAD
    0x08013fe8   0x08013fe8   0x00000084   Code   RO         1731    .text.vTaskDelay    tasks.o
    0x0801406c   0x0801406c   0x00000004   PAD
    0x08014070   0x08014070   0x00000012   Code   RO         1779    .text.vTaskInternalSetTimeOutState  tasks.o
    0x08014082   0x08014082   0x00000006   PAD
    0x08014088   0x08014088   0x0000000e   Code   RO         1783    .text.vTaskMissedYield  tasks.o
    0x08014096   0x08014096   0x00000002   PAD
    0x08014098   0x08014098   0x00000078   Code   RO         1767    .text.vTaskPlaceOnEventList  tasks.o
    0x08014110   0x08014110   0x0000007e   Code   RO         1771    .text.vTaskPlaceOnEventListRestricted  tasks.o
    0x0801418e   0x0801418e   0x00000002   PAD
    0x08014190   0x08014190   0x000000aa   Code   RO         1801    .text.vTaskPriorityDisinheritAfterTimeout  tasks.o
    0x0801423a   0x0801423a   0x00000006   PAD
    0x08014240   0x08014240   0x00000104   Code   RO         1749    .text.vTaskStartScheduler  tasks.o
    0x08014344   0x08014344   0x00000004   PAD
    0x08014348   0x08014348   0x00000010   Code   RO         1727    .text.vTaskSuspendAll  tasks.o
    0x08014358   0x08014358   0x000000c0   Code   RO         1743    .text.vTaskSwitchContext  tasks.o
    0x08014418   0x08014418   0x0000014a   Code   RO         2047    .text.xPortStartScheduler  port.o
    0x08014562   0x08014562   0x00000006   PAD
    0x08014568   0x08014568   0x000000aa   Code   RO         1598    .text.xQueueCreateMutexStatic  queue.o
    0x08014612   0x08014612   0x00000006   PAD
    0x08014618   0x08014618   0x00000092   Code   RO         1594    .text.xQueueGenericCreate  queue.o
    0x080146aa   0x080146aa   0x00000006   PAD
    0x080146b0   0x080146b0   0x000000f6   Code   RO         1592    .text.xQueueGenericCreateStatic  queue.o
    0x080147a6   0x080147a6   0x00000002   PAD
    0x080147a8   0x080147a8   0x0000024e   Code   RO         1606    .text.xQueueGenericSend  queue.o
    0x080149f6   0x080149f6   0x00000002   PAD
    0x080149f8   0x080149f8   0x00000168   Code   RO         1618    .text.xQueueGenericSendFromISR  queue.o
    0x08014b60   0x08014b60   0x000001ae   Code   RO         1622    .text.xQueueReceive  queue.o
    0x08014d0e   0x08014d0e   0x00000002   PAD
    0x08014d10   0x08014d10   0x000001ea   Code   RO         1610    .text.xQueueSemaphoreTake  queue.o
    0x08014efa   0x08014efa   0x00000006   PAD
    0x08014f00   0x08014f00   0x000000aa   Code   RO         1781    .text.xTaskCheckForTimeOut  tasks.o
    0x08014faa   0x08014faa   0x00000006   PAD
    0x08014fb0   0x08014fb0   0x00000060   Code   RO         1721    .text.xTaskCreate   tasks.o
    0x08015010   0x08015010   0x00000086   Code   RO         1715    .text.xTaskCreateStatic  tasks.o
    0x08015096   0x08015096   0x00000002   PAD
    0x08015098   0x08015098   0x0000001c   Code   RO         1795    .text.xTaskGetSchedulerState  tasks.o
    0x080150b4   0x080150b4   0x00000004   PAD
    0x080150b8   0x080150b8   0x0000000c   Code   RO         1757    .text.xTaskGetTickCount  tasks.o
    0x080150c4   0x080150c4   0x00000004   PAD
    0x080150c8   0x080150c8   0x00000100   Code   RO         1755    .text.xTaskIncrementTick  tasks.o
    0x080151c8   0x080151c8   0x00000092   Code   RO         1799    .text.xTaskPriorityDisinherit  tasks.o
    0x0801525a   0x0801525a   0x00000006   PAD
    0x08015260   0x08015260   0x00000092   Code   RO         1797    .text.xTaskPriorityInherit  tasks.o
    0x080152f2   0x080152f2   0x00000006   PAD
    0x080152f8   0x080152f8   0x00000078   Code   RO         1773    .text.xTaskRemoveFromEventList  tasks.o
    0x08015370   0x08015370   0x000000f2   Code   RO         1729    .text.xTaskResumeAll  tasks.o
    0x08015462   0x08015462   0x00000006   PAD
    0x08015468   0x08015468   0x000000b8   Code   RO         1830    .text.xTimerCreateTimerTask  timers.o
    0x08015520   0x08015520   0x00000020   Code   RO         2941    i.__0printf$8       mc_w.l(printf8.o)
    0x08015540   0x08015540   0x00000028   Code   RO         2943    i.__0sprintf$8      mc_w.l(printf8.o)
    0x08015568   0x08015568   0x0000000e   Code   RO         3044    i.__scatterload_copy  mc_w.l(handlers.o)
    0x08015576   0x08015576   0x00000002   Code   RO         3045    i.__scatterload_null  mc_w.l(handlers.o)
    0x08015578   0x08015578   0x0000000e   Code   RO         3046    i.__scatterload_zeroinit  mc_w.l(handlers.o)
    0x08015586   0x08015586   0x00000002   PAD
    0x08015588   0x08015588   0x00000410   Code   RO         2948    i._printf_core      mc_w.l(printf8.o)
    0x08015998   0x08015998   0x00000024   Code   RO         2949    i._printf_post_padding  mc_w.l(printf8.o)
    0x080159bc   0x080159bc   0x0000002e   Code   RO         2950    i._printf_pre_padding  mc_w.l(printf8.o)
    0x080159ea   0x080159ea   0x0000000a   Code   RO         2952    i._sputc            mc_w.l(printf8.o)
    0x080159f4   0x080159f4   0x00000024   Code   RO         2680    i.puts              mc_w.l(puts.o)
    0x08015a18   0x08015a18   0x0000000e   Data   RO         2653    .rodata..Lswitch.table.LCD_Scan_Dir.1  lcd.o
    0x08015a26   0x08015a26   0x00000002   PAD
    0x08015a28   0x08015a28   0x0000000c   Data   RO         2529    .rodata..Lswitch.table.hcd_int_handler.2  hcd_dwc2.o
    0x08015a34   0x08015a34   0x00000010   Data   RO         1525    .rodata.AHBPrescTable  system_stm32f7xx.o
    0x08015a44   0x08015a44   0x00000008   Data   RO         1526    .rodata.APBPrescTable  system_stm32f7xx.o
    0x08015a4c   0x08015a4c   0x00000474   Data   RO         2649    .rodata.asc2_1206   lcd.o
    0x08015ec0   0x08015ec0   0x000005f0   Data   RO         2650    .rodata.asc2_1608   lcd.o
    0x080164b0   0x080164b0   0x00000d5c   Data   RO         2651    .rodata.asc2_2412   lcd.o
    0x0801720c   0x0801720c   0x00002f80   Data   RO         2652    .rodata.asc2_3216   lcd.o
    0x0801a18c   0x0801a18c   0x00000020   Data   RO         1171    .rodata.cst16       stm32f7xx_hal_uart.o
    0x0801a1ac   0x0801a1ac   0x00000020   Data   RO         2528    .rodata.cst32       hcd_dwc2.o
    0x0801a1cc   0x0801a1cc   0x00000024   Data   RO           50    .rodata.defaultTask_attributes  freertos.o
    0x0801a1f0   0x0801a1f0   0x00000024   Data   RO           49    .rodata.gameTask_attributes  freertos.o
    0x0801a214   0x0801a214   0x00000080   Data   RO         2574    .rodata.keymap      hid_report_parser.o
    0x0801a294   0x0801a294   0x00000080   Data   RO         2575    .rodata.keymap_shift  hid_report_parser.o
    0x0801a314   0x0801a314   0x00000049   Data   RO           47    .rodata.str1.1      freertos.o
    0x0801a35d   0x0801a35d   0x00000005   Data   RO         1868    .rodata.str1.1      timers.o
    0x0801a362   0x0801a362   0x0000004f   Data   RO         2112    .rodata.str1.1      hid_app.o
    0x0801a3b1   0x0801a3b1   0x00000039   Data   RO         2167    .rodata.str1.1      tusb.o
    0x0801a3ea   0x0801a3ea   0x00000016   Data   RO         2244    .rodata.str1.1      hid_host.o
    0x0801a400   0x0801a400   0x00000072   Data   RO         2324    .rodata.str1.1      hub.o
    0x0801a472   0x0801a472   0x000000a3   Data   RO         2455    .rodata.str1.1      usbh.o
    0x0801a515   0x0801a515   0x00000024   Data   RO         2527    .rodata.str1.1      hcd_dwc2.o
    0x0801a539   0x0801a539   0x00000003   PAD
    0x0801a53c   0x0801a53c   0x00000024   Data   RO           48    .rodata.tinyUSBTask_attributes  freertos.o
    0x0801a560   0x0801a560   0x00000038   Data   RO         2458    .rodata.usbh_class_drivers  usbh.o
    0x0801a598   0x0801a598   0x00000020   Data   RO         3043    Region$$Table       anon$$obj.o


    Execution Region RW_IRAM1 (Exec base: 0x20000000, Load base: 0x0801a5b8, Size: 0x00006ff8, Max: 0x00080000, ABSOLUTE)

    Exec Addr    Load Addr    Size         Type   Attr      Idx    E Section Name        Object

    0x20000000   0x0801a5b8   0x00000004   Data   RW         3009    .data               mc_w.l(stdout.o)
    0x20000004   0x0801a5bc   0x00000008   Data   RW          838    .data..L_MergedGlobals  stm32f7xx_hal.o
    0x2000000c   0x0801a5c4   0x00000078   Data   RW         2459    .data..L_MergedGlobals  usbh.o
    0x20000084   0x0801a63c   0x00000008   Data   RW         2654    .data..L_MergedGlobals  lcd.o
    0x2000008c   0x0801a644   0x00000004   Data   RW         1524    .data.SystemCoreClock  system_stm32f7xx.o
    0x20000090   0x0801a648   0x00000004   Data   RW         2067    .data.uxCriticalNesting  port.o
    0x20000094   0x0801a64c   0x00000004   PAD
    0x20000098        -       0x0000000c   Zero   RW           51    .bss..L_MergedGlobals  freertos.o
    0x200000a4        -       0x00000008   Zero   RW           73    .bss..L_MergedGlobals  usart.o
    0x200000ac        -       0x00000078   Zero   RW         1820    .bss..L_MergedGlobals  tasks.o
    0x20000124        -       0x0000003c   Zero   RW         1869    .bss..L_MergedGlobals  timers.o
    0x20000160        -       0x00000018   Zero   RW         2032    .bss..L_MergedGlobals  heap_4.o
    0x20000178        -       0x00000008   Zero   RW         2068    .bss..L_MergedGlobals  port.o
    0x20000180        -       0x00000015   Zero   RW         2113    .bss..L_MergedGlobals  hid_app.o
    0x20000195   0x0801a64c   0x00000003   PAD
    0x20000198        -       0x00000020   Zero   RW         2325    .bss..L_MergedGlobals  hub.o
    0x200001b8        -       0x00000028   Zero   RW         1821    .bss..L_MergedGlobals.1  tasks.o
    0x200001e0        -       0x0000005c   Zero   RW         2655    .bss..L_MergedGlobals.2  lcd.o
    0x2000023c        -       0x00000060   Zero   RW         2460    .bss..L_MergedGlobals.9  usbh.o
    0x2000029c        -       0x00000004   Zero   RW         2565    .bss.HIDInputEventQueue  app_init.o
    0x200002a0        -       0x00000200   Zero   RW         2010    .bss.Idle_Stack     cmsis_os2.o
    0x200004a0        -       0x0000005c   Zero   RW         2009    .bss.Idle_TCB       cmsis_os2.o
    0x200004fc        -       0x00000004   Zero   RW         2008    .bss.KernelState    cmsis_os2.o
    0x20000500        -       0x00000400   Zero   RW         2012    .bss.Timer_Stack    cmsis_os2.o
    0x20000900        -       0x0000005c   Zero   RW         2011    .bss.Timer_TCB      cmsis_os2.o
    0x2000095c        -       0x00000400   Zero   RW           71    .bss.USART_RX_BUF   usart.o
    0x20000d5c        -       0x00000200   Zero   RW         2526    .bss._hcd_data      hcd_dwc2.o
    0x20000f5c        -       0x00000001   Zero   RW         2243    .bss._hidh_default_protocol  hid_host.o
    0x20000f5d   0x0801a64c   0x00000003   PAD
    0x20000f60        -       0x00000600   Zero   RW         2245    .bss._hidh_epbuf    hid_host.o
    0x20001560        -       0x000000a8   Zero   RW         2242    .bss._hidh_itf      hid_host.o
    0x20001608        -       0x00000002   Zero   RW         2166    .bss._tusb_rhport_role  tusb.o
    0x2000160a   0x0801a64c   0x00000002   PAD
    0x2000160c        -       0x000001d6   Zero   RW         2456    .bss._usbh_devices  usbh.o
    0x200017e2   0x0801a64c   0x00000006   PAD
    0x200017e8        -       0x00000108   Zero   RW         2457    .bss._usbh_epbuf    usbh.o
    0x200018f0        -       0x000000c0   Zero   RW         2454    .bss._usbh_qdef_buf  usbh.o
    0x200019b0        -       0x000003e0   Zero   RW           88    .bss.hhcd_USB_OTG_FS  usb_otg.o
    0x20001d90        -       0x0000004c   Zero   RW          135    .bss.htim6          stm32f7xx_hal_timebase_tim.o
    0x20001ddc        -       0x00000088   Zero   RW           70    .bss.huart1         usart.o
    0x20001e64        -       0x000000a0   Zero   RW         1867    .bss.prvCheckForValidListAndQueue.ucStaticTimerQueueStorage  timers.o
    0x20001f04        -       0x00000050   Zero   RW         1866    .bss.prvCheckForValidListAndQueue.xStaticTimerQueue  timers.o
    0x20001f54        -       0x00000460   Zero   RW         1819    .bss.pxReadyTasksLists  tasks.o
    0x200023b4        -       0x00003c00   Zero   RW         2031    .bss.ucHeap         heap_4.o
    0x20005fb4        -       0x00000004   Zero   RW          837    .bss.uwTick         stm32f7xx_hal.o
    0x20005fb8        -       0x00000040   Zero   RW         1656    .bss.xQueueRegistry  queue.o
    0x20005ff8        -       0x00001000   Zero   RW            1    STACK               startup_stm32f767xx.o


==============================================================================

Image component sizes


      Code (inc. data)   RO Data    RW Data    ZI Data      Debug   Object Name

        50          0          0          0          4        969   app_init.o
       560          0          0          0       1724      40201   cmsis_os2.o
      1442         60          0          0          0      12244   dwc2_common.o
       184          0          0          0          0      10470   family.o
       910         92        181          0         12       5253   freertos.o
       240          0          0          0          0       2381   gpio.o
     12216        140         80          0        512      71212   hcd_dwc2.o
       734          0          0          0      15384       4502   heap_4.o
      1324        312         79          0         21       6942   hid_app.o
      2536         26         22          0       1705      27520   hid_host.o
       112         36        256          0          0       1732   hid_report_parser.o
      2760         36        114          0         32      18462   hub.o
     29628         32      18254          8         92     115792   lcd.o
       196          0          0          0          0       2331   list.o
       280          0          0          0          0       6290   main.o
       974         16          0          4          8       4113   port.o
      2872          0          0          0         64      27912   queue.o
        36          8        504          0       4096        840   startup_stm32f767xx.o
       100          0          0          8          4       8228   stm32f7xx_hal.o
       312          0          0          0          0      11683   stm32f7xx_hal_cortex.o
       178          0          0          0          0      10877   stm32f7xx_hal_dma.o
       432          0          0          0          0       5195   stm32f7xx_hal_gpio.o
       172          0          0          0          0      15579   stm32f7xx_hal_hcd.o
        60          0          0          0          0       4124   stm32f7xx_hal_msp.o
       118          0          0          0          0       5701   stm32f7xx_hal_pwr_ex.o
      1706          0          0          0          0       8449   stm32f7xx_hal_rcc.o
      1490          0          0          0          0       7266   stm32f7xx_hal_rcc_ex.o
        92          0          0          0          0      13095   stm32f7xx_hal_sram.o
       978          0          0          0          0      61060   stm32f7xx_hal_tim.o
         6          0          0          0          0      24488   stm32f7xx_hal_tim_ex.o
       188          0          0          0         76       8011   stm32f7xx_hal_timebase_tim.o
      5546         22         32          0          0      35977   stm32f7xx_hal_uart.o
        40          0          0          0          0       5889   stm32f7xx_it.o
       304          0          0          0          0       9265   stm32f7xx_ll_fmc.o
      2160          0          0          0          0      36008   stm32f7xx_ll_usb.o
       256          0          0          0          0       4117   sys.o
        18          0         24          4          0       3329   system_stm32f7xx.o
      3504          8          0          0       1280      42246   tasks.o
      1110         20          5          0        300      15797   timers.o
       770         28         57          0          2      22481   tusb.o
       318          0          0          0       1168       9896   usart.o
       226          0          0          0        992       6778   usb_otg.o
      8510        156        219        120       1022      58481   usbh.o

    ----------------------------------------------------------------------
     86508       1052      19864        144      28516     793186   Object Totals
         0          0         32          0          0          0   (incl. Generated)
       860         60          5          0         18          0   (incl. Padding)

    ----------------------------------------------------------------------

      Code (inc. data)   RO Data    RW Data    ZI Data      Debug   Library Member Name

         0          0          0          0          0          0   entry.o
         0          0          0          0          0          0   entry10a.o
         0          0          0          0          0          0   entry11a.o
         8          4          0          0          0          0   entry2.o
         4          0          0          0          0          0   entry5.o
         0          0          0          0          0          0   entry7b.o
         0          0          0          0          0          0   entry8b.o
         8          4          0          0          0          0   entry9a.o
        30          0          0          0          0          0   handlers.o
        36          8          0          0          0         68   init.o
        30          0          0          0          0         68   llshl.o
        32          0          0          0          0         68   llushr.o
        26          0          0          0          0         80   memcmp.o
        36          0          0          0          0         68   memcpya.o
        36          0          0          0          0        108   memseta.o
      1204         60          0          0          0        504   printf8.o
        36          6          0          0          0         80   puts.o
         0          0          0          4          0          0   stdout.o
        98          0          0          0          0         92   uldiv.o

    ----------------------------------------------------------------------
      1588         82          0          4          0       1136   Library Totals
         4          0          0          0          0          0   (incl. Padding)

    ----------------------------------------------------------------------

      Code (inc. data)   RO Data    RW Data    ZI Data      Debug   Library Name

      1584         82          0          4          0       1136   mc_w.l

    ----------------------------------------------------------------------
      1588         82          0          4          0       1136   Library Totals

    ----------------------------------------------------------------------

==============================================================================


      Code (inc. data)   RO Data    RW Data    ZI Data      Debug   

     88096       1134      19864        148      28516     793134   Grand Totals
     88096       1134      19864        148      28516     793134   ELF Image Totals
     88096       1134      19864        148          0          0   ROM Totals

==============================================================================

    Total RO  Size (Code + RO Data)               107960 ( 105.43kB)
    Total RW  Size (RW Data + ZI Data)             28664 (  27.99kB)
    Total ROM Size (Code + RO Data + RW Data)     108108 ( 105.57kB)

==============================================================================

