<html>
<body>
<pre>
<h1>µVision Build Log</h1>
<h2>Tool Versions:</h2>
IDE-Version: ¦ÌVision V5.38.0.0
Copyright (C) 2022 ARM Ltd and ARM Germany GmbH. All rights reserved.
License Information: 111 1909961237@qq.com, 111, LIC=ATTQ1-CC8P3-9UX4U-SYVXQ-N30TJ-J0M6X
 
Tool Versions:
Toolchain:       MDK-ARM Plus  Version: 5.38.0.0
Toolchain Path:  D:\keil5\ARM\ARMCLANG\Bin
C Compiler:      ArmClang.exe V6.19
Assembler:       Armasm.exe V6.19
Linker/Locator:  ArmLink.exe V6.19
Library Manager: ArmAr.exe V6.19
Hex Converter:   FromElf.exe V6.19
CPU DLL:         SARMCM3.DLL V5.38.0.0
Dialog DLL:      DCM.DLL V1.17.5.0
Target DLL:      CMSIS_AGDI.dll V1.33.15.0
Dialog DLL:      TCM.DLL V1.56.4.0
 
<h2>Project:</h2>
D:\GITHUB\STM32F767_game_console\MDK-ARM\stm32f767_game_console.uvprojx
Project File Date:  12/27/2025

<h2>Output:</h2>
*** Using Compiler 'V6.19', folder: 'D:\keil5\ARM\ARMCLANG\Bin'
Rebuild target 'stm32f767_game_console'
assembling startup_stm32f767xx.s...
compiling stm32f7xx_it.c...
compiling freertos.c...
compiling tim.c...
compiling stm32f7xx_ll_fmc.c...
compiling stm32f7xx_hal_msp.c...
compiling stm32f7xx_hal_timebase_tim.c...
compiling stm32f7xx_hal_sram.c...
compiling gpio.c...
compiling usart.c...
compiling rng.c...
compiling usb_otg.c...
compiling main.c...
compiling stm32f7xx_hal_tim_ex.c...
compiling stm32f7xx_hal_cortex.c...
compiling stm32f7xx_hal_rcc.c...
compiling stm32f7xx_hal_flash.c...
compiling stm32f7xx_hal_gpio.c...
compiling stm32f7xx_hal_flash_ex.c...
compiling stm32f7xx_hal_rcc_ex.c...
compiling stm32f7xx_hal_dma.c...
compiling stm32f7xx_hal_pwr.c...
compiling stm32f7xx_hal_pwr_ex.c...
compiling stm32f7xx_hal_dma_ex.c...
compiling stm32f7xx_hal.c...
compiling stm32f7xx_hal_tim.c...
compiling stm32f7xx_hal_i2c_ex.c...
compiling stm32f7xx_hal_exti.c...
compiling stm32f7xx_hal_rng.c...
compiling croutine.c...
compiling stm32f7xx_hal_uart_ex.c...
compiling list.c...
compiling system_stm32f7xx.c...
compiling event_groups.c...
compiling stm32f7xx_hal_hcd.c...
compiling stream_buffer.c...
compiling stm32f7xx_hal_nor.c...
compiling stm32f7xx_hal_uart.c...
compiling stm32f7xx_hal_i2c.c...
compiling timers.c...
compiling queue.c...
compiling heap_4.c...
compiling stm32f7xx_ll_usb.c...
compiling port.c...
compiling tasks.c...
compiling cmsis_os2.c...
compiling hid_app.c...
compiling family.c...
compiling tusb.c...
compiling hub.c...
compiling app_init.c...
compiling tusb_fifo.c...
compiling hid_host.c...
compiling hid_report_parser.c...
compiling sys.c...
compiling dwc2_common.c...
compiling chip8.c...
compiling usbh.c...
compiling hcd_dwc2.c...
compiling lcd.c...
linking...
Program Size: Code=94704 RO-data=20344 RW-data=540 ZI-data=36980  
FromELF: creating hex file...
"stm32f767_game_console\stm32f767_game_console.axf" - 0 Error(s), 0 Warning(s).

<h2>Software Packages used:</h2>

Package Vendor: ARM
                https://www.keil.com/pack/ARM.CMSIS.6.2.0.pack
                ARM.CMSIS.6.2.0
                CMSIS (Common Microcontroller Software Interface Standard)
   * Component: CORE Version: 6.1.1

Package Vendor: Keil
                https://www.keil.com/pack/Keil.STM32F7xx_DFP.3.1.1.pack
                Keil.STM32F7xx_DFP.3.1.1
                STMicroelectronics STM32F7 Series Device Support

<h2>Collection of Component include folders:</h2>
  ./RTE/_stm32f767_game_console
  D:/keil5/ARM/CMSIS/6.2.0/CMSIS/Core/Include

<h2>Collection of Component Files used:</h2>

   * Component: ARM::CMSIS:CORE:6.1.1
      Include file:  CMSIS/Core/Include/tz_context.h
Build Time Elapsed:  00:00:02
</pre>
</body>
</html>
